Component: ARM Compiler 5.05 update 1 (build 106) Tool: armlink [4d0efa]

==============================================================================

Section Cross References

    test.o(i.adc_test) refers to hal_adc.o(i.hal_ai_read) for hal_ai_read
    test.o(i.adc_test) refers to hal_adc.o(i.hal_adc_sequence_trigger) for hal_adc_sequence_trigger
    test.o(i.main) refers to hal.o(i.hal_init) for hal_init
    test.o(i.main) refers to test.o(i.test_key) for test_key
    test.o(i.main) refers to hal_iwdg.o(i.hal_watchdog_feed) for hal_watchdog_feed
    test.o(i.main) refers to hal_adc.o(i.hal_adc_signal_get) for hal_adc_signal_get
    test.o(i.main) refers to hal_usart.o(i.hal_usart_send) for hal_usart_send
    test.o(i.main) refers to test.o(i.adc_test) for adc_test
    test.o(i.main) refers to hal_dac.o(i.hal_set_vol_for_12b) for hal_set_vol_for_12b
    test.o(i.main) refers to hal_usart.o(i.hal_usart_read) for hal_usart_read
    test.o(i.main) refers to drv_systick.o(i.drv_delay_ms) for drv_delay_ms
    test.o(i.main) refers to test.o(.data) for tx_buff
    test.o(i.test_key) refers to hal_gpio.o(i.hal_di_input) for hal_di_input
    test.o(i.test_key) refers to hal_gpio.o(.data) for g_di_signal_key1
    test.o(i.test_led) refers to hal_gpio.o(i.hal_do_output) for hal_do_output
    test.o(i.test_led) refers to test.o(.data) for status
    test.o(i.test_led) refers to hal_gpio.o(.data) for g_do_signal_led0
    drv_clock.o(i.drv_clock_init) refers to drv_clock.o(i.drv_rcc_register_reset) for drv_rcc_register_reset
    drv_clock.o(i.drv_clock_init) refers to drv_clock.o(i.set_sys_clk_to_HSE) for set_sys_clk_to_HSE
    drv_clock.o(i.drv_clock_init) refers to drv_clock.o(i.set_sys_clk_to_HSI) for set_sys_clk_to_HSI
    drv_clock.o(i.drv_clock_init) refers to drv_clock.o(.constdata) for sys_clk_freq_table
    drv_clock.o(i.drv_get_clock_freq_info) refers to drv_clock.o(.data) for s_sys_clock
    drv_clock.o(i.set_sys_clk_to_24M) refers to drv_clock.o(.data) for s_sys_clock
    drv_clock.o(i.set_sys_clk_to_36M) refers to drv_clock.o(.data) for s_sys_clock
    drv_clock.o(i.set_sys_clk_to_48M) refers to drv_clock.o(.data) for s_sys_clock
    drv_clock.o(i.set_sys_clk_to_56M) refers to drv_clock.o(.data) for s_sys_clock
    drv_clock.o(i.set_sys_clk_to_64M) refers to drv_clock.o(.data) for s_sys_clock
    drv_clock.o(i.set_sys_clk_to_72M) refers to drv_clock.o(.data) for s_sys_clock
    drv_clock.o(i.set_sys_clk_to_HSE) refers to drv_clock.o(.data) for s_sys_clock
    drv_clock.o(i.set_sys_clk_to_HSI) refers to drv_clock.o(.data) for s_sys_clock
    drv_clock.o(.constdata) refers to drv_clock.o(i.set_sys_clk_to_24M) for set_sys_clk_to_24M
    drv_clock.o(.constdata) refers to drv_clock.o(i.set_sys_clk_to_36M) for set_sys_clk_to_36M
    drv_clock.o(.constdata) refers to drv_clock.o(i.set_sys_clk_to_48M) for set_sys_clk_to_48M
    drv_clock.o(.constdata) refers to drv_clock.o(i.set_sys_clk_to_56M) for set_sys_clk_to_56M
    drv_clock.o(.constdata) refers to drv_clock.o(i.set_sys_clk_to_64M) for set_sys_clk_to_64M
    drv_clock.o(.constdata) refers to drv_clock.o(i.set_sys_clk_to_72M) for set_sys_clk_to_72M
    drv_gpio.o(i.EXTI0_IRQHandler) refers to drv_gpio.o(.data) for p_exti0_interrupt
    drv_gpio.o(i.EXTI15_10_IRQHandler) refers to drv_gpio.o(.data) for p_exti10_interrupt
    drv_gpio.o(i.EXTI1_IRQHandler) refers to drv_gpio.o(.data) for p_exti1_interrupt
    drv_gpio.o(i.EXTI2_IRQHandler) refers to drv_gpio.o(.data) for p_exti2_interrupt
    drv_gpio.o(i.EXTI3_IRQHandler) refers to drv_gpio.o(.data) for p_exti3_interrupt
    drv_gpio.o(i.EXTI4_IRQHandler) refers to drv_gpio.o(.data) for p_exti4_interrupt
    drv_gpio.o(i.EXTI9_5_IRQHandler) refers to drv_gpio.o(.data) for p_exti5_interrupt
    drv_gpio.o(i.drv_gpio_exti_isr_config) refers to drv_gpio.o(.data) for p_exti0_interrupt
    drv_gpio.o(i.drv_gpio_init) refers to drv_gpio.o(.constdata) for PORT
    drv_gpio.o(i.drv_gpio_read_bit) refers to drv_gpio.o(.constdata) for PORT
    drv_gpio.o(i.drv_gpio_read_port) refers to drv_gpio.o(.constdata) for PORT
    drv_gpio.o(i.drv_gpio_write_bit) refers to drv_gpio.o(.constdata) for PORT
    drv_gpio.o(i.drv_gpio_write_port) refers to drv_gpio.o(.constdata) for PORT
    drv_systick.o(i.drv_delay_init) refers to drv_systick.o(i.drv_systick_clk_source_config) for drv_systick_clk_source_config
    drv_systick.o(i.drv_delay_init) refers to drv_systick.o(.data) for s_sys_tick_us
    drv_systick.o(i.drv_delay_ms) refers to drv_systick.o(.data) for s_sys_tick_ms
    drv_systick.o(i.drv_delay_us) refers to drv_systick.o(.data) for s_sys_tick_us
    drv_usart.o(i.USART1_IRQHandler) refers to drv_usart.o(i.drv_get_usart_it_status) for drv_get_usart_it_status
    drv_usart.o(i.USART1_IRQHandler) refers to drv_usart.o(.data) for p_usart1_recv_interrupt
[...]
    ../clib/angel/kernel.s                   0x00000000   Number         0  __rtentry2.o ABSOLUTE
    ../clib/angel/kernel.s                   0x00000000   Number         0  rtexit.o ABSOLUTE
    ../clib/angel/rt.s                       0x00000000   Number         0  rt_raise.o ABSOLUTE
    ../clib/angel/scatter.s                  0x00000000   Number         0  __scatter.o ABSOLUTE
    ../clib/angel/startup.s                  0x00000000   Number         0  __main.o ABSOLUTE
    ../clib/angel/sys.s                      0x00000000   Number         0  sys_stackheap_outer.o ABSOLUTE
    ../clib/angel/sys.s                      0x00000000   Number         0  libspace.o ABSOLUTE
    ../clib/angel/sys.s                      0x00000000   Number         0  use_no_semi.o ABSOLUTE
    ../clib/angel/sys.s                      0x00000000   Number         0  indicate_semi.o ABSOLUTE
    ../clib/angel/sysapp.c                   0x00000000   Number         0  sys_exit.o ABSOLUTE
    ../clib/angel/sysapp.c                   0x00000000   Number         0  sys_command.o ABSOLUTE
    ../clib/angel/sysapp.c                   0x00000000   Number         0  sys_wrch.o ABSOLUTE
    ../clib/armsys.c                         0x00000000   Number         0  argv_veneer.o ABSOLUTE
    ../clib/armsys.c                         0x00000000   Number         0  argv_veneer.o ABSOLUTE
    ../clib/armsys.c                         0x00000000   Number         0  no_argv.o ABSOLUTE
    ../clib/armsys.c                         0x00000000   Number         0  _get_argv_nomalloc.o ABSOLUTE
    ../clib/heapalloc.c                      0x00000000   Number         0  hrguard.o ABSOLUTE
    ../clib/heapaux.c                        0x00000000   Number         0  heapauxi.o ABSOLUTE
    ../clib/libinit.s                        0x00000000   Number         0  libinit.o ABSOLUTE
    ../clib/libinit.s                        0x00000000   Number         0  libinit2.o ABSOLUTE
    ../clib/libinit.s                        0x00000000   Number         0  libshutdown.o ABSOLUTE
    ../clib/libinit.s                        0x00000000   Number         0  libshutdown2.o ABSOLUTE
    ../clib/signal.c                         0x00000000   Number         0  defsig_other.o ABSOLUTE
    ../clib/signal.c                         0x00000000   Number         0  defsig_segv_inner.o ABSOLUTE
    ../clib/signal.c                         0x00000000   Number         0  defsig_cppl_inner.o ABSOLUTE
    ../clib/signal.c                         0x00000000   Number         0  defsig_stak_inner.o ABSOLUTE
    ../clib/signal.c                         0x00000000   Number         0  defsig_fpe_inner.o ABSOLUTE
    ../clib/signal.c                         0x00000000   Number         0  defsig_abrt_inner.o ABSOLUTE
    ../clib/signal.c                         0x00000000   Number         0  defsig_general.o ABSOLUTE
    ../clib/signal.c                         0x00000000   Number         0  __raise.o ABSOLUTE
    ../clib/signal.c                         0x00000000   Number         0  defsig_rtmem_inner.o ABSOLUTE
    ../clib/signal.c                         0x00000000   Number         0  defsig_exit.o ABSOLUTE
    ../clib/signal.c                         0x00000000   Number         0  defsig_pvfn_inner.o ABSOLUTE
    ../clib/signal.c                         0x00000000   Number         0  defsig_rtmem_outer.o ABSOLUTE
    ../clib/signal.c                         0x00000000   Number         0  defsig_rtmem_formal.o ABSOLUTE
    ../clib/signal.c                         0x00000000   Number         0  defsig_rtred_inner.o ABSOLUTE
    ../clib/signal.s                         0x00000000   Number         0  defsig.o ABSOLUTE
    ../clib/stdlib.c                         0x00000000   Number         0  exit.o ABSOLUTE
    ../fplib/d2f.s                           0x00000000   Number         0  d2f.o ABSOLUTE
    ../fplib/ddiv.s                          0x00000000   Number         0  ddiv.o ABSOLUTE
    ../fplib/dnaninf.s                       0x00000000   Number         0  dnaninf.o ABSOLUTE
    ../fplib/dretinf.s                       0x00000000   Number         0  dretinf.o ABSOLUTE
    ../fplib/f2d.s                           0x00000000   Number         0  f2d.o ABSOLUTE
    ../fplib/faddsub.s                       0x00000000   Number         0  faddsub_clz.o ABSOLUTE
    ../fplib/fdiv.s                          0x00000000   Number         0  fdiv.o ABSOLUTE
    ../fplib/ffixu.s                         0x00000000   Number         0  ffixu.o ABSOLUTE
    ../fplib/fflt.s                          0x00000000   Number         0  fflt_clz.o ABSOLUTE
    ../fplib/fmul.s                          0x00000000   Number         0  fmul.o ABSOLUTE
    ../fplib/fnaninf.s                       0x00000000   Number         0  fnaninf.o ABSOLUTE
    ../fplib/fpinit.s                        0x00000000   Number         0  fpinit.o ABSOLUTE
    ../fplib/fretinf.s                       0x00000000   Number         0  fretinf.o ABSOLUTE
    ../fplib/usenofp.s                       0x00000000   Number         0  usenofp.o ABSOLUTE
    ..\drv\src\drv_adc.c                     0x00000000   Number         0  drv_adc.o ABSOLUTE
    ..\drv\src\drv_clock.c                   0x00000000   Number         0  drv_clock.o ABSOLUTE
    ..\drv\src\drv_dac.c                     0x00000000   Number         0  drv_dac.o ABSOLUTE
    ..\drv\src\drv_gpio.c                    0x00000000   Number         0  drv_gpio.o ABSOLUTE
    ..\drv\src\drv_iwdg.c                    0x00000000   Number         0  drv_iwdg.o ABSOLUTE
    ..\drv\src\drv_nvic.c                    0x00000000   Number         0  drv_nvic.o ABSOLUTE
    ..\drv\src\drv_systick.c                 0x00000000   Number         0  drv_systick.o ABSOLUTE
    ..\drv\src\drv_timer.c                   0x00000000   Number         0  drv_timer.o ABSOLUTE
    ..\drv\src\drv_usart.c                   0x00000000   Number         0  drv_usart.o ABSOLUTE
    ..\hal\src\hal.c                         0x00000000   Number         0  hal.o ABSOLUTE
    ..\hal\src\hal_adc.c                     0x00000000   Number         0  hal_adc.o ABSOLUTE
    ..\hal\src\hal_clock.c                   0x00000000   Number         0  hal_clock.o ABSOLUTE
    ..\hal\src\hal_dac.c                     0x00000000   Number         0  hal_dac.o ABSOLUTE
    ..\hal\src\hal_gpio.c                    0x00000000   Number         0  hal_gpio.o ABSOLUTE
    ..\hal\src\hal_iwdg.c                    0x00000000   Number         0  hal_iwdg.o ABSOLUTE
    ..\hal\src\hal_nvic.c                    0x00000000   Number         0  hal_nvic.o ABSOLUTE
    ..\hal\src\hal_systick.c                 0x00000000   Number         0  hal_systick.o ABSOLUTE
    ..\hal\src\hal_timer.c                   0x00000000   Number         0  hal_timer.o ABSOLUTE
    ..\hal\src\hal_usart.c                   0x00000000   Number         0  hal_usart.o ABSOLUTE
    ..\sys\startup_stm32f10x_hd.s            0x00000000   Number         0  startup_stm32f10x_hd.o ABSOLUTE
    dc.s                                     0x00000000   Number         0  dc.o ABSOLUTE
    test.c                                   0x00000000   Number         0  test.o ABSOLUTE
    RESET                                    0x08008000   Section      304  startup_stm32f10x_hd.o(RESET)
    !!!main                                  0x08008130   Section        8  __main.o(!!!main)
    !!!scatter                               0x08008138   Section       52  __scatter.o(!!!scatter)
    !!handler_copy                           0x0800816c   Section       26  __scatter_copy.o(!!handler_copy)
    !!handler_zi                             0x08008188   Section       28  __scatter_zi.o(!!handler_zi)
    .ARM.Collect$$libinit$$00000000          0x080081a4   Section        2  libinit.o(.ARM.Collect$$libinit$$00000000)
    .ARM.Collect$$libinit$$00000002          0x080081a6   Section        0  libinit2.o(.ARM.Collect$$libinit$$00000002)
    .ARM.Collect$$libinit$$00000004          0x080081a6   Section        0  libinit2.o(.ARM.Collect$$libinit$$00000004)
    .ARM.Collect$$libinit$$0000000A          0x080081a6   Section        0  libinit2.o(.ARM.Collect$$libinit$$0000000A)
    .ARM.Collect$$libinit$$0000000C          0x080081a6   Section        0  libinit2.o(.ARM.Collect$$libinit$$0000000C)
    .ARM.Collect$$libinit$$0000000E          0x080081a6   Section        0  libinit2.o(.ARM.Collect$$libinit$$0000000E)
    .ARM.Collect$$libinit$$00000011          0x080081a6   Section        0  libinit2.o(.ARM.Collect$$libinit$$00000011)
    .ARM.Collect$$libinit$$00000013          0x080081a6   Section        0  libinit2.o(.ARM.Collect$$libinit$$00000013)
    .ARM.Collect$$libinit$$00000015          0x080081a6   Section        0  libinit2.o(.ARM.Collect$$libinit$$00000015)
    .ARM.Collect$$libinit$$00000017          0x080081a6   Section        0  libinit2.o(.ARM.Collect$$libinit$$00000017)
    .ARM.Collect$$libinit$$00000019          0x080081a6   Section        0  libinit2.o(.ARM.Collect$$libinit$$00000019)
    .ARM.Collect$$libinit$$0000001B          0x080081a6   Section        0  libinit2.o(.ARM.Collect$$libinit$$0000001B)
    .ARM.Collect$$libinit$$0000001D          0x080081a6   Section        0  libinit2.o(.ARM.Collect$$libinit$$0000001D)
    .ARM.Collect$$libinit$$0000001F          0x080081a6   Section        0  libinit2.o(.ARM.Collect$$libinit$$0000001F)
    .ARM.Collect$$libinit$$00000021          0x080081a6   Section        0  libinit2.o(.ARM.Collect$$libinit$$00000021)
    .ARM.Collect$$libinit$$00000023          0x080081a6   Section        0  libinit2.o(.ARM.Collect$$libinit$$00000023)
    .ARM.Collect$$libinit$$00000025          0x080081a6   Section        0  libinit2.o(.ARM.Collect$$libinit$$00000025)
    .ARM.Collect$$libinit$$0000002C          0x080081a6   Section        0  libinit2.o(.ARM.Collect$$libinit$$0000002C)
    .ARM.Collect$$libinit$$0000002E          0x080081a6   Section        0  libinit2.o(.ARM.Collect$$libinit$$0000002E)
    .ARM.Collect$$libinit$$00000030          0x080081a6   Section        0  libinit2.o(.ARM.Collect$$libinit$$00000030)
    .ARM.Collect$$libinit$$00000032          0x080081a6   Section        0  libinit2.o(.ARM.Collect$$libinit$$00000032)
    .ARM.Collect$$libinit$$00000033          0x080081a6   Section        2  libinit2.o(.ARM.Collect$$libinit$$00000033)
    .ARM.Collect$$libshutdown$$00000000      0x080081a8   Section        2  libshutdown.o(.ARM.Collect$$libshutdown$$00000000)
    .ARM.Collect$$libshutdown$$00000003      0x080081aa   Section        0  libshutdown2.o(.ARM.Collect$$libshutdown$$00000003)
    .ARM.Collect$$libshutdown$$00000006      0x080081aa   Section        0  libshutdown2.o(.ARM.Collect$$libshutdown$$00000006)
    .ARM.Collect$$libshutdown$$00000009      0x080081aa   Section        0  libshutdown2.o(.ARM.Collect$$libshutdown$$00000009)
    .ARM.Collect$$libshutdown$$0000000B      0x080081aa   Section        0  libshutdown2.o(.ARM.Collect$$libshutdown$$0000000B)
    .ARM.Collect$$libshutdown$$0000000E      0x080081aa   Section        0  libshutdown2.o(.ARM.Collect$$libshutdown$$0000000E)
    .ARM.Collect$$libshutdown$$0000000F      0x080081aa   Section        2  libshutdown2.o(.ARM.Collect$$libshutdown$$0000000F)
    .ARM.Collect$$rtentry$$00000000          0x080081ac   Section        0  __rtentry.o(.ARM.Collect$$rtentry$$00000000)
    .ARM.Collect$$rtentry$$00000002          0x080081ac   Section        0  __rtentry2.o(.ARM.Collect$$rtentry$$00000002)
    .ARM.Collect$$rtentry$$00000004          0x080081ac   Section        6  __rtentry4.o(.ARM.Collect$$rtentry$$00000004)
    .ARM.Collect$$rtentry$$00000009          0x080081b2   Section        0  __rtentry2.o(.ARM.Collect$$rtentry$$00000009)
    .ARM.Collect$$rtentry$$0000000A          0x080081b2   Section        4  __rtentry2.o(.ARM.Collect$$rtentry$$0000000A)
    .ARM.Collect$$rtentry$$0000000C          0x080081b6   Section        0  __rtentry2.o(.ARM.Collect$$rtentry$$0000000C)
    .ARM.Collect$$rtentry$$0000000D          0x080081b6   Section        8  __rtentry2.o(.ARM.Collect$$rtentry$$0000000D)
    .ARM.Collect$$rtexit$$00000000           0x080081be   Section        2  rtexit.o(.ARM.Collect$$rtexit$$00000000)
    .ARM.Collect$$rtexit$$00000002           0x080081c0   Section        0  rtexit2.o(.ARM.Collect$$rtexit$$00000002)
    .ARM.Collect$$rtexit$$00000003           0x080081c0   Section        4  rtexit2.o(.ARM.Collect$$rtexit$$00000003)
    .ARM.Collect$$rtexit$$00000004           0x080081c4   Section        6  rtexit2.o(.ARM.Collect$$rtexit$$00000004)
    .text                                    0x080081cc   Section       52  startup_stm32f10x_hd.o(.text)
    .text                                    0x08008200   Section        0  heapauxi.o(.text)
    .text                                    0x08008206   Section       74  sys_stackheap_outer.o(.text)
    .text                                    0x08008250   Section        0  exit.o(.text)
    .text                                    0x0800825c   Section        8  libspace.o(.text)
    .text                                    0x08008264   Section        0  sys_exit.o(.text)
    .text                                    0x08008270   Section        2  use_no_semi.o(.text)
    .text                                    0x08008272   Section        0  indicate_semi.o(.text)
    i.ADC1_2_IRQHandler                      0x08008274   Section        0  drv_adc.o(i.ADC1_2_IRQHandler)
    i.ADC3_IRQHandler                        0x08008340   Section        0  drv_adc.o(i.ADC3_IRQHandler)
    i.EXTI0_IRQHandler                       0x080083a8   Section        0  drv_gpio.o(i.EXTI0_IRQHandler)
    i.EXTI15_10_IRQHandler                   0x080083cc   Section        0  drv_gpio.o(i.EXTI15_10_IRQHandler)
    i.EXTI1_IRQHandler                       0x080084b8   Section        0  drv_gpio.o(i.EXTI1_IRQHandler)
    i.EXTI2_IRQHandler                       0x080084dc   Section        0  drv_gpio.o(i.EXTI2_IRQHandler)
    i.EXTI3_IRQHandler                       0x08008500   Section        0  drv_gpio.o(i.EXTI3_IRQHandler)
    i.EXTI4_IRQHandler                       0x08008524   Section        0  drv_gpio.o(i.EXTI4_IRQHandler)
    i.EXTI9_5_IRQHandler                     0x08008548   Section        0  drv_gpio.o(i.EXTI9_5_IRQHandler)
    i.TIM1_CC_IRQHandler                     0x08008610   Section        0  drv_timer.o(i.TIM1_CC_IRQHandler)
    i.TIM1_UP_IRQHandler                     0x080086ac   Section        0  drv_timer.o(i.TIM1_UP_IRQHandler)
    i.TIM2_IRQHandler                        0x080086d0   Section        0  drv_timer.o(i.TIM2_IRQHandler)
    i.TIM3_IRQHandler                        0x080087a8   Section        0  drv_timer.o(i.TIM3_IRQHandler)
    i.TIM4_IRQHandler                        0x08008868   Section        0  drv_timer.o(i.TIM4_IRQHandler)
    i.TIM5_IRQHandler                        0x08008928   Section        0  drv_timer.o(i.TIM5_IRQHandler)
    i.TIM6_IRQHandler                        0x080089e8   Section        0  drv_timer.o(i.TIM6_IRQHandler)
    i.TIM7_IRQHandler                        0x08008aa8   Section        0  drv_timer.o(i.TIM7_IRQHandler)
    i.TIM8_CC_IRQHandler                     0x08008b74   Section        0  drv_timer.o(i.TIM8_CC_IRQHandler)
    i.TIM8_UP_IRQHandler                     0x08008c20   Section        0  drv_timer.o(i.TIM8_UP_IRQHandler)
    i.USART1_IRQHandler                      0x08008c48   Section        0  drv_usart.o(i.USART1_IRQHandler)
    i.USART2_IRQHandler                      0x08008c90   Section        0  drv_usart.o(i.USART2_IRQHandler)
    i.USART3_IRQHandler                      0x08008cd8   Section        0  drv_usart.o(i.USART3_IRQHandler)
    i.adc_test                               0x08008d20   Section        0  test.o(i.adc_test)
    i.drv_adc_channel_cmd                    0x08008d2c   Section        0  drv_adc.o(i.drv_adc_channel_cmd)
    i.drv_adc_channel_convert                0x08008d60   Section        0  drv_adc.o(i.drv_adc_channel_convert)
    i.drv_adc_clear_it_flag                  0x08008e18   Section        0  drv_adc.o(i.drv_adc_clear_it_flag)
    i.drv_adc_init                           0x08008e64   Section        0  drv_adc.o(i.drv_adc_init)
    i.drv_adc_isr_config                     0x08009004   Section        0  drv_adc.o(i.drv_adc_isr_config)
    i.drv_adc_it_config                      0x08009088   Section        0  drv_adc.o(i.drv_adc_it_config)
    i.drv_adc_read                           0x080090c8   Section        0  drv_adc.o(i.drv_adc_read)
    i.drv_adc_reset_calibration              0x080090dc   Section        0  drv_adc.o(i.drv_adc_reset_calibration)
    i.drv_adc_start_calibration              0x08009108   Section        0  drv_adc.o(i.drv_adc_start_calibration)
    i.drv_clock_init                         0x08009134   Section        0  drv_clock.o(i.drv_clock_init)
    i.drv_dac_cmd                            0x08009218   Section        0  drv_dac.o(i.drv_dac_cmd)
    i.drv_dac_init                           0x08009268   Section        0  drv_dac.o(i.drv_dac_init)
    i.drv_dac_set_vol                        0x080092cc   Section        0  drv_dac.o(i.drv_dac_set_vol)
    i.drv_delay_init                         0x0800930c   Section        0  drv_systick.o(i.drv_delay_init)
    i.drv_delay_ms                           0x08009348   Section        0  drv_systick.o(i.drv_delay_ms)
    i.drv_get_clock_freq_info                0x08009384   Section        0  drv_clock.o(i.drv_get_clock_freq_info)
    i.drv_get_timer_cap_value                0x080093f8   Section        0  drv_timer.o(i.drv_get_timer_cap_value)
    i.drv_get_timer_sr_value                 0x08009434   Section        0  drv_timer.o(i.drv_get_timer_sr_value)
    i.drv_get_usart_it_status                0x08009444   Section        0  drv_usart.o(i.drv_get_usart_it_status)
    i.drv_gpio_init                          0x080094c0   Section        0  drv_gpio.o(i.drv_gpio_init)
    i.drv_gpio_read_bit                      0x08009618   Section        0  drv_gpio.o(i.drv_gpio_read_bit)
    i.drv_gpio_write_bit                     0x08009634   Section        0  drv_gpio.o(i.drv_gpio_write_bit)
    i.drv_iwdg_feed                          0x08009668   Section        0  drv_iwdg.o(i.drv_iwdg_feed)
    i.drv_iwdg_init                          0x08009678   Section        0  drv_iwdg.o(i.drv_iwdg_init)
    i.drv_nvic_init                          0x0800978c   Section        0  drv_nvic.o(i.drv_nvic_init)
    i.drv_nvic_priority_group_config         0x080097fc   Section        0  drv_nvic.o(i.drv_nvic_priority_group_config)
    i.drv_rcc_register_reset                 0x08009810   Section        0  drv_clock.o(i.drv_rcc_register_reset)
    i.drv_set_duty_cycle                     0x0800986c   Section        0  drv_timer.o(i.drv_set_duty_cycle)
    i.drv_set_timer_cap_edge                 0x080098c0   Section        0  drv_timer.o(i.drv_set_timer_cap_edge)
    i.drv_systick_clk_source_config          0x08009978   Section        0  drv_systick.o(i.drv_systick_clk_source_config)
    i.drv_timer_cap_init                     0x080099a0   Section        0  drv_timer.o(i.drv_timer_cap_init)
    i.drv_timer_cmd                          0x08009d34   Section        0  drv_timer.o(i.drv_timer_cmd)
    i.drv_timer_init                         0x08009d68   Section        0  drv_timer.o(i.drv_timer_init)
    i.drv_timer_isr_config                   0x08009db8   Section        0  drv_timer.o(i.drv_timer_isr_config)
    i.drv_timer_it_config                    0x08009e20   Section        0  drv_timer.o(i.drv_timer_it_config)
    i.drv_timer_pwm_init                     0x08009e5c   Section        0  drv_timer.o(i.drv_timer_pwm_init)
    i.drv_usart_cmd                          0x0800a190   Section        0  drv_usart.o(i.drv_usart_cmd)
    i.drv_usart_init                         0x0800a1c4   Section        0  drv_usart.o(i.drv_usart_init)
    i.drv_usart_isr_config                   0x0800a34c   Section        0  drv_usart.o(i.drv_usart_isr_config)
    i.drv_usart_it_config                    0x0800a3d4   Section        0  drv_usart.o(i.drv_usart_it_config)
    i.drv_usart_receive                      0x0800a490   Section        0  drv_usart.o(i.drv_usart_receive)
    i.drv_usart_send                         0x0800a4a4   Section        0  drv_usart.o(i.drv_usart_send)
    i.hal_adc_complete_isr                   0x0800a4b8   Section        0  hal_adc.o(i.hal_adc_complete_isr)
    hal_adc_complete_isr                     0x0800a4b9   Thumb Code   116  hal_adc.o(i.hal_adc_complete_isr)
    i.hal_adc_init                           0x0800a538   Section        0  hal_adc.o(i.hal_adc_init)
    i.hal_adc_sequence_trigger               0x0800a594   Section        0  hal_adc.o(i.hal_adc_sequence_trigger)
    i.hal_adc_signal_get                     0x0800a5e0   Section        0  hal_adc.o(i.hal_adc_signal_get)
    i.hal_ai_read                            0x0800a5f0   Section        0  hal_adc.o(i.hal_ai_read)
    i.hal_clock_init                         0x0800a630   Section        0  hal_clock.o(i.hal_clock_init)
    i.hal_dac_init                           0x0800a64c   Section        0  hal_dac.o(i.hal_dac_init)
    i.hal_delay_init                         0x0800a68c   Section        0  hal_systick.o(i.hal_delay_init)
    i.hal_di_input                           0x0800a698   Section        0  hal_gpio.o(i.hal_di_input)
    i.hal_di_read_signal                     0x0800a764   Section        0  hal_gpio.o(i.hal_di_read_signal)
    i.hal_dio_init_signal                    0x0800a7c0   Section        0  hal_gpio.o(i.hal_dio_init_signal)
    hal_dio_init_signal                      0x0800a7c1   Thumb Code    74  hal_gpio.o(i.hal_dio_init_signal)
    i.hal_do_output                          0x0800a810   Section        0  hal_gpio.o(i.hal_do_output)
    i.hal_do_write_signal                    0x0800a838   Section        0  hal_gpio.o(i.hal_do_write_signal)
    i.hal_get_clock_freq_info                0x0800a87c   Section        0  hal_clock.o(i.hal_get_clock_freq_info)
    i.hal_gpio_init                          0x0800a888   Section        0  hal_gpio.o(i.hal_gpio_init)
    i.hal_init                               0x0800a8a4   Section        0  hal.o(i.hal_init)
    i.hal_nvic_init                          0x0800a8e8   Section        0  hal_nvic.o(i.hal_nvic_init)
    i.hal_set_vol_for_12b                    0x0800a938   Section        0  hal_dac.o(i.hal_set_vol_for_12b)
    i.hal_tim2_cc1_isr                       0x0800a994   Section        0  hal_timer.o(i.hal_tim2_cc1_isr)
    i.hal_tim3_over_flow_isr                 0x0800aa30   Section        0  hal_timer.o(i.hal_tim3_over_flow_isr)
    i.hal_timer_cap_init                     0x0800aa4c   Section        0  hal_timer.o(i.hal_timer_cap_init)
    i.hal_timer_init                         0x0800aaa4   Section        0  hal_timer.o(i.hal_timer_init)
    i.hal_timer_pwm_init                     0x0800aad8   Section        0  hal_timer.o(i.hal_timer_pwm_init)
    i.hal_usart1_rx_isr                      0x0800ab16   Section        0  hal_usart.o(i.hal_usart1_rx_isr)
    hal_usart1_rx_isr                        0x0800ab17   Thumb Code    10  hal_usart.o(i.hal_usart1_rx_isr)
    i.hal_usart1_tx_isr                      0x0800ab20   Section        0  hal_usart.o(i.hal_usart1_tx_isr)
    hal_usart1_tx_isr                        0x0800ab21   Thumb Code    10  hal_usart.o(i.hal_usart1_tx_isr)
    i.hal_usart2_rx_isr                      0x0800ab2a   Section        0  hal_usart.o(i.hal_usart2_rx_isr)
    hal_usart2_rx_isr                        0x0800ab2b   Thumb Code    10  hal_usart.o(i.hal_usart2_rx_isr)
    i.hal_usart2_tx_isr                      0x0800ab34   Section        0  hal_usart.o(i.hal_usart2_tx_isr)
    hal_usart2_tx_isr                        0x0800ab35   Thumb Code    10  hal_usart.o(i.hal_usart2_tx_isr)
    i.hal_usart3_rx_isr                      0x0800ab3e   Section        0  hal_usart.o(i.hal_usart3_rx_isr)
    hal_usart3_rx_isr                        0x0800ab3f   Thumb Code    10  hal_usart.o(i.hal_usart3_rx_isr)
    i.hal_usart3_tx_isr                      0x0800ab48   Section        0  hal_usart.o(i.hal_usart3_tx_isr)
    hal_usart3_tx_isr                        0x0800ab49   Thumb Code    10  hal_usart.o(i.hal_usart3_tx_isr)
    i.hal_usart4_rx_isr                      0x0800ab52   Section        0  hal_usart.o(i.hal_usart4_rx_isr)
    hal_usart4_rx_isr                        0x0800ab53   Thumb Code    10  hal_usart.o(i.hal_usart4_rx_isr)
    i.hal_usart4_tx_isr                      0x0800ab5c   Section        0  hal_usart.o(i.hal_usart4_tx_isr)
    hal_usart4_tx_isr                        0x0800ab5d   Thumb Code    10  hal_usart.o(i.hal_usart4_tx_isr)
    i.hal_usart5_rx_isr                      0x0800ab66   Section        0  hal_usart.o(i.hal_usart5_rx_isr)
    hal_usart5_rx_isr                        0x0800ab67   Thumb Code    10  hal_usart.o(i.hal_usart5_rx_isr)
    i.hal_usart5_tx_isr                      0x0800ab70   Section        0  hal_usart.o(i.hal_usart5_tx_isr)
    hal_usart5_tx_isr                        0x0800ab71   Thumb Code    10  hal_usart.o(i.hal_usart5_tx_isr)
    i.hal_usart_init                         0x0800ab7c   Section        0  hal_usart.o(i.hal_usart_init)
    i.hal_usart_read                         0x0800abc8   Section        0  hal_usart.o(i.hal_usart_read)
    i.hal_usart_rx_isr                       0x0800ac68   Section        0  hal_usart.o(i.hal_usart_rx_isr)
    hal_usart_rx_isr                         0x0800ac69   Thumb Code   164  hal_usart.o(i.hal_usart_rx_isr)
    i.hal_usart_send                         0x0800ad10   Section        0  hal_usart.o(i.hal_usart_send)
    i.hal_usart_tx_isr                       0x0800adf4   Section        0  hal_usart.o(i.hal_usart_tx_isr)
    hal_usart_tx_isr                         0x0800adf5   Thumb Code   132  hal_usart.o(i.hal_usart_tx_isr)
    i.hal_watchdog_feed                      0x0800ae7c   Section        0  hal_iwdg.o(i.hal_watchdog_feed)
    i.hal_watchdog_init                      0x0800ae84   Section        0  hal_iwdg.o(i.hal_watchdog_init)
    i.main                                   0x0800ae90   Section        0  test.o(i.main)
    i.set_sys_clk_to_24M                     0x0800af28   Section        0  drv_clock.o(i.set_sys_clk_to_24M)
    set_sys_clk_to_24M                       0x0800af29   Thumb Code   174  drv_clock.o(i.set_sys_clk_to_24M)
    i.set_sys_clk_to_36M                     0x0800afe8   Section        0  drv_clock.o(i.set_sys_clk_to_36M)
    set_sys_clk_to_36M                       0x0800afe9   Thumb Code   178  drv_clock.o(i.set_sys_clk_to_36M)
    i.set_sys_clk_to_48M                     0x0800b0ac   Section        0  drv_clock.o(i.set_sys_clk_to_48M)
    set_sys_clk_to_48M                       0x0800b0ad   Thumb Code   182  drv_clock.o(i.set_sys_clk_to_48M)
    i.set_sys_clk_to_56M                     0x0800b174   Section        0  drv_clock.o(i.set_sys_clk_to_56M)
    set_sys_clk_to_56M                       0x0800b175   Thumb Code   182  drv_clock.o(i.set_sys_clk_to_56M)
    i.set_sys_clk_to_64M                     0x0800b23c   Section        0  drv_clock.o(i.set_sys_clk_to_64M)
    set_sys_clk_to_64M                       0x0800b23d   Thumb Code   182  drv_clock.o(i.set_sys_clk_to_64M)
    i.set_sys_clk_to_72M                     0x0800b304   Section        0  drv_clock.o(i.set_sys_clk_to_72M)
    set_sys_clk_to_72M                       0x0800b305   Thumb Code   144  drv_clock.o(i.set_sys_clk_to_72M)
    i.set_sys_clk_to_HSE                     0x0800b3a4   Section        0  drv_clock.o(i.set_sys_clk_to_HSE)
    set_sys_clk_to_HSE                       0x0800b3a5   Thumb Code   174  drv_clock.o(i.set_sys_clk_to_HSE)
    i.set_sys_clk_to_HSI                     0x0800b464   Section        0  drv_clock.o(i.set_sys_clk_to_HSI)
    set_sys_clk_to_HSI                       0x0800b465   Thumb Code   166  drv_clock.o(i.set_sys_clk_to_HSI)
    i.test_key                               0x0800b51c   Section        0  test.o(i.test_key)
    x$fpl$d2f                                0x0800b548   Section       98  d2f.o(x$fpl$d2f)
    x$fpl$ddiv                               0x0800b5ac   Section      688  ddiv.o(x$fpl$ddiv)
    ddiv_entry                               0x0800b5b3   Thumb Code     0  ddiv.o(x$fpl$ddiv)
    x$fpl$dnaninf                            0x0800b85c   Section      156  dnaninf.o(x$fpl$dnaninf)
    x$fpl$dretinf                            0x0800b8f8   Section       12  dretinf.o(x$fpl$dretinf)
    x$fpl$f2d                                0x0800b904   Section       86  f2d.o(x$fpl$f2d)
    x$fpl$fadd                               0x0800b95c   Section      196  faddsub_clz.o(x$fpl$fadd)
    _fadd1                                   0x0800b96b   Thumb Code     0  faddsub_clz.o(x$fpl$fadd)
    x$fpl$fdiv                               0x0800ba20   Section      388  fdiv.o(x$fpl$fdiv)
    _fdiv1                                   0x0800ba21   Thumb Code     0  fdiv.o(x$fpl$fdiv)
    x$fpl$ffixu                              0x0800bba4   Section       62  ffixu.o(x$fpl$ffixu)
    x$fpl$ffltu                              0x0800bbe4   Section       38  fflt_clz.o(x$fpl$ffltu)
    x$fpl$fmul                               0x0800bc0c   Section      258  fmul.o(x$fpl$fmul)
    x$fpl$fnaninf                            0x0800bd0e   Section      140  fnaninf.o(x$fpl$fnaninf)
    x$fpl$fretinf                            0x0800bd9a   Section       10  fretinf.o(x$fpl$fretinf)
    x$fpl$frsb                               0x0800bda4   Section       20  faddsub_clz.o(x$fpl$frsb)
    x$fpl$fsub                               0x0800bdb8   Section      234  faddsub_clz.o(x$fpl$fsub)
    _fsub1                                   0x0800bdc7   Thumb Code     0  faddsub_clz.o(x$fpl$fsub)
    x$fpl$usenofp                            0x0800bea2   Section        0  usenofp.o(x$fpl$usenofp)
    .constdata                               0x0800bea4   Section       24  drv_clock.o(.constdata)
    .constdata                               0x0800bebc   Section       28  drv_gpio.o(.constdata)
    PORT                                     0x0800bebc   Data          28  drv_gpio.o(.constdata)
    .constdata                               0x0800bed8   Section       20  drv_usart.o(.constdata)
    USART_ARRAY                              0x0800bed8   Data          20  drv_usart.o(.constdata)
    .constdata                               0x0800beec   Section       32  drv_timer.o(.constdata)
    TIMER_ARRAY_MAP                          0x0800beec   Data          32  drv_timer.o(.constdata)
    .constdata                               0x0800bf0c   Section       12  drv_adc.o(.constdata)
    ADC_MAP                                  0x0800bf0c   Data          12  drv_adc.o(.constdata)
    .constdata                               0x0800bf18   Section       76  hal_gpio.o(.constdata)
    io_config_array                          0x0800bf18   Data          60  hal_gpio.o(.constdata)
    digital_output_cfg_array                 0x0800bf54   Data          16  hal_gpio.o(.constdata)
    .constdata                               0x0800bf64   Section      120  hal_usart.o(.constdata)
    usart_init_struct                        0x0800bf64   Data          80  hal_usart.o(.constdata)
    usart_isr_table                          0x0800bfb4   Data          40  hal_usart.o(.constdata)
    .constdata                               0x0800bfdc   Section       16  hal_nvic.o(.constdata)
    nvic_config_array                        0x0800bfdc   Data          16  hal_nvic.o(.constdata)
    .data                                    0x20000000   Section       19  test.o(.data)
    status                                   0x20000012   Data           1  test.o(.data)
    .data                                    0x20000014   Section       32  drv_clock.o(.data)
    s_sys_clock                              0x20000014   Data           4  drv_clock.o(.data)
    AHBPrescTable                            0x20000018   Data          16  drv_clock.o(.data)
    APBPrescTable                            0x20000028   Data           8  drv_clock.o(.data)
    ADCPrescTable                            0x20000030   Data           4  drv_clock.o(.data)
    .data                                    0x20000034   Section       64  drv_gpio.o(.data)
    p_exti0_interrupt                        0x20000034   Data           4  drv_gpio.o(.data)
    p_exti1_interrupt                        0x20000038   Data           4  drv_gpio.o(.data)
    p_exti2_interrupt                        0x2000003c   Data           4  drv_gpio.o(.data)
    p_exti3_interrupt                        0x20000040   Data           4  drv_gpio.o(.data)
    p_exti4_interrupt                        0x20000044   Data           4  drv_gpio.o(.data)
    p_exti5_interrupt                        0x20000048   Data           4  drv_gpio.o(.data)
    p_exti6_interrupt                        0x2000004c   Data           4  drv_gpio.o(.data)
    p_exti7_interrupt                        0x20000050   Data           4  drv_gpio.o(.data)
    p_exti8_interrupt                        0x20000054   Data           4  drv_gpio.o(.data)
    p_exti9_interrupt                        0x20000058   Data           4  drv_gpio.o(.data)
    p_exti10_interrupt                       0x2000005c   Data           4  drv_gpio.o(.data)
    p_exti11_interrupt                       0x20000060   Data           4  drv_gpio.o(.data)
    p_exti12_interrupt                       0x20000064   Data           4  drv_gpio.o(.data)
    p_exti13_interrupt                       0x20000068   Data           4  drv_gpio.o(.data)
    p_exti14_interrupt                       0x2000006c   Data           4  drv_gpio.o(.data)
    p_exti15_interrupt                       0x20000070   Data           4  drv_gpio.o(.data)
    .data                                    0x20000074   Section        4  drv_systick.o(.data)
    s_sys_tick_us                            0x20000074   Data           1  drv_systick.o(.data)
    s_sys_tick_ms                            0x20000076   Data           2  drv_systick.o(.data)
    .data                                    0x20000078   Section       40  drv_usart.o(.data)
    p_usart1_recv_interrupt                  0x20000078   Data           4  drv_usart.o(.data)
    p_usart1_send_interrupt                  0x2000007c   Data           4  drv_usart.o(.data)
    p_usart2_recv_interrupt                  0x20000080   Data           4  drv_usart.o(.data)
    p_usart2_send_interrupt                  0x20000084   Data           4  drv_usart.o(.data)
    p_usart3_recv_interrupt                  0x20000088   Data           4  drv_usart.o(.data)
    p_usart3_send_interrupt                  0x2000008c   Data           4  drv_usart.o(.data)
    p_usart4_recv_interrupt                  0x20000090   Data           4  drv_usart.o(.data)
    p_usart4_send_interrupt                  0x20000094   Data           4  drv_usart.o(.data)
    p_usart5_recv_interrupt                  0x20000098   Data           4  drv_usart.o(.data)
    p_usart5_send_interrupt                  0x2000009c   Data           4  drv_usart.o(.data)
    .data                                    0x200000a0   Section       36  drv_adc.o(.data)
    p_adc1_eoc_interrupt                     0x200000a0   Data           4  drv_adc.o(.data)
    p_adc1_jeoc_interrupt                    0x200000a4   Data           4  drv_adc.o(.data)
    p_adc1_awd_interrupt                     0x200000a8   Data           4  drv_adc.o(.data)
    p_adc2_eoc_interrupt                     0x200000ac   Data           4  drv_adc.o(.data)
    p_adc2_jeoc_interrupt                    0x200000b0   Data           4  drv_adc.o(.data)
    p_adc2_awd_interrupt                     0x200000b4   Data           4  drv_adc.o(.data)
    p_adc3_eoc_interrupt                     0x200000b8   Data           4  drv_adc.o(.data)
    p_adc3_jeoc_interrupt                    0x200000bc   Data           4  drv_adc.o(.data)
    p_adc3_awd_interrupt                     0x200000c0   Data           4  drv_adc.o(.data)
    .data                                    0x200000c4   Section       44  hal_gpio.o(.data)
    digital_input_cfg_array                  0x200000cc   Data          36  hal_gpio.o(.data)
    .data                                    0x200000f0   Section       12  hal_timer.o(.data)
    status                                   0x200000f0   Data           1  hal_timer.o(.data)
    over_flow_count                          0x200000f4   Data           4  hal_timer.o(.data)
    result                                   0x200000f8   Data           4  hal_timer.o(.data)
    .data                                    0x200000fc   Section       18  hal_adc.o(.data)
    convert_complete                         0x200000fc   Data           1  hal_adc.o(.data)
    cur_convert                              0x200000fd   Data           1  hal_adc.o(.data)
    s_adc_ele_current                        0x200000fe   Data           4  hal_adc.o(.data)
    ai_signal_array                          0x20000102   Data          12  hal_adc.o(.data)
    .bss                                     0x20000110   Section      160  drv_timer.o(.bss)
    p_callback_array                         0x20000110   Data         160  drv_timer.o(.bss)
    .bss                                     0x200001b0   Section       20  hal.o(.bss)
    .bss                                     0x200001c4   Section      660  hal_usart.o(.bss)
    usart_receive_q                          0x200001c4   Data         330  hal_usart.o(.bss)
    usart_transmit_q                         0x2000030e   Data         330  hal_usart.o(.bss)
    .bss                                     0x20000458   Section       96  libspace.o(.bss)
    HEAP                                     0x200004b8   Section        0  startup_stm32f10x_hd.o(HEAP)
    STACK                                    0x200004b8   Section     1024  startup_stm32f10x_hd.o(STACK)
    Heap_Mem                                 0x200004b8   Data           0  startup_stm32f10x_hd.o(HEAP)
    Stack_Mem                                0x200004b8   Data        1024  startup_stm32f10x_hd.o(STACK)
    __initial_sp                             0x200008b8   Data           0  startup_stm32f10x_hd.o(STACK)

    Global Symbols

    Symbol Name                              Value     Ov Type        Size  Object(Section)

    BuildAttributes$$THM_ISAv4$P$D$K$B$S$PE$A:L22UL41UL21$X:L11$S22US41US21$IEEE1$IW$USESV6$~STKCKD$USESV7$~SHL$OSPACE$ROPI$EBA8$UX$STANDARDLIB$REQ8$PRES8$EABIv2 0x00000000   Number         0  anon$$obj.o ABSOLUTE
    __ARM_use_no_argv                        0x00000000   Number         0  test.o ABSOLUTE
    __ARM_exceptions_init                     - Undefined Weak Reference
    __alloca_initialize                       - Undefined Weak Reference
    __arm_preinit_                            - Undefined Weak Reference
    __cpp_initialize__aeabi_                  - Undefined Weak Reference
    __cxa_finalize                            - Undefined Weak Reference
    __rt_locale                               - Undefined Weak Reference
    __sigvec_lookup                           - Undefined Weak Reference
    _atexit_init                              - Undefined Weak Reference
    _call_atexit_fns                          - Undefined Weak Reference
    _clock_init                               - Undefined Weak Reference
    _fp_trap_init                             - Undefined Weak Reference
    _fp_trap_shutdown                         - Undefined Weak Reference
    _get_lc_collate                           - Undefined Weak Reference
    _get_lc_ctype                             - Undefined Weak Reference
    _get_lc_monetary                          - Undefined Weak Reference
    _get_lc_numeric                           - Undefined Weak Reference
    _get_lc_time                              - Undefined Weak Reference
    _getenv_init                              - Undefined Weak Reference
    _handle_redirection                       - Undefined Weak Reference
    _init_alloc                               - Undefined Weak Reference
    _init_user_alloc                          - Undefined Weak Reference
    _initio                                   - Undefined Weak Reference
    _rand_init                                - Undefined Weak Reference
    _signal_finish                            - Undefined Weak Reference
    _signal_init                              - Undefined Weak Reference
    _terminate_alloc                          - Undefined Weak Reference
    _terminate_user_alloc                     - Undefined Weak Reference
    _terminateio                              - Undefined Weak Reference
    __Vectors_Size                           0x00000130   Number         0  startup_stm32f10x_hd.o ABSOLUTE
    __Vectors                                0x08008000   Data           4  startup_stm32f10x_hd.o(RESET)
    __Vectors_End                            0x08008130   Data           0  startup_stm32f10x_hd.o(RESET)
    __main                                   0x08008131   Thumb Code     8  __main.o(!!!main)
    __scatterload                            0x08008139   Thumb Code     0  __scatter.o(!!!scatter)
    __scatterload_rt2                        0x08008139   Thumb Code    44  __scatter.o(!!!scatter)
    __scatterload_rt2_thumb_only             0x08008139   Thumb Code     0  __scatter.o(!!!scatter)
    __scatterload_null                       0x08008147   Thumb Code     0  __scatter.o(!!!scatter)
    __scatterload_copy                       0x0800816d   Thumb Code    26  __scatter_copy.o(!!handler_copy)
    __scatterload_zeroinit                   0x08008189   Thumb Code    28  __scatter_zi.o(!!handler_zi)
    __rt_lib_init                            0x080081a5   Thumb Code     0  libinit.o(.ARM.Collect$$libinit$$00000000)
    __rt_lib_init_alloca_1                   0x080081a7   Thumb Code     0  libinit2.o(.ARM.Collect$$libinit$$0000002E)
    __rt_lib_init_argv_1                     0x080081a7   Thumb Code     0  libinit2.o(.ARM.Collect$$libinit$$0000002C)
    __rt_lib_init_atexit_1                   0x080081a7   Thumb Code     0  libinit2.o(.ARM.Collect$$libinit$$0000001B)
    __rt_lib_init_clock_1                    0x080081a7   Thumb Code     0  libinit2.o(.ARM.Collect$$libinit$$00000021)
    __rt_lib_init_cpp_1                      0x080081a7   Thumb Code     0  libinit2.o(.ARM.Collect$$libinit$$00000032)
    __rt_lib_init_exceptions_1               0x080081a7   Thumb Code     0  libinit2.o(.ARM.Collect$$libinit$$00000030)
    __rt_lib_init_fp_1                       0x080081a7   Thumb Code     0  libinit2.o(.ARM.Collect$$libinit$$00000002)
    __rt_lib_init_fp_trap_1                  0x080081a7   Thumb Code     0  libinit2.o(.ARM.Collect$$libinit$$0000001F)
    __rt_lib_init_getenv_1                   0x080081a7   Thumb Code     0  libinit2.o(.ARM.Collect$$libinit$$00000023)
    __rt_lib_init_heap_1                     0x080081a7   Thumb Code     0  libinit2.o(.ARM.Collect$$libinit$$0000000A)
    __rt_lib_init_lc_collate_1               0x080081a7   Thumb Code     0  libinit2.o(.ARM.Collect$$libinit$$00000011)
    __rt_lib_init_lc_ctype_1                 0x080081a7   Thumb Code     0  libinit2.o(.ARM.Collect$$libinit$$00000013)
    __rt_lib_init_lc_monetary_1              0x080081a7   Thumb Code     0  libinit2.o(.ARM.Collect$$libinit$$00000015)
    __rt_lib_init_lc_numeric_1               0x080081a7   Thumb Code     0  libinit2.o(.ARM.Collect$$libinit$$00000017)
    __rt_lib_init_lc_time_1                  0x080081a7   Thumb Code     0  libinit2.o(.ARM.Collect$$libinit$$00000019)
    __rt_lib_init_preinit_1                  0x080081a7   Thumb Code     0  libinit2.o(.ARM.Collect$$libinit$$00000004)
    __rt_lib_init_rand_1                     0x080081a7   Thumb Code     0  libinit2.o(.ARM.Collect$$libinit$$0000000E)
    __rt_lib_init_return                     0x080081a7   Thumb Code     0  libinit2.o(.ARM.Collect$$libinit$$00000033)
    __rt_lib_init_signal_1                   0x080081a7   Thumb Code     0  libinit2.o(.ARM.Collect$$libinit$$0000001D)
    __rt_lib_init_stdio_1                    0x080081a7   Thumb Code     0  libinit2.o(.ARM.Collect$$libinit$$00000025)
    __rt_lib_init_user_alloc_1               0x080081a7   Thumb Code     0  libinit2.o(.ARM.Collect$$libinit$$0000000C)
    __rt_lib_shutdown                        0x080081a9   Thumb Code     0  libshutdown.o(.ARM.Collect$$libshutdown$$00000000)
    __rt_lib_shutdown_fp_trap_1              0x080081ab   Thumb Code     0  libshutdown2.o(.ARM.Collect$$libshutdown$$00000006)
    __rt_lib_shutdown_heap_1                 0x080081ab   Thumb Code     0  libshutdown2.o(.ARM.Collect$$libshutdown$$0000000E)
    __rt_lib_shutdown_return                 0x080081ab   Thumb Code     0  libshutdown2.o(.ARM.Collect$$libshutdown$$0000000F)
    __rt_lib_shutdown_signal_1               0x080081ab   Thumb Code     0  libshutdown2.o(.ARM.Collect$$libshutdown$$00000009)
    __rt_lib_shutdown_stdio_1                0x080081ab   Thumb Code     0  libshutdown2.o(.ARM.Collect$$libshutdown$$00000003)
    __rt_lib_shutdown_user_alloc_1           0x080081ab   Thumb Code     0  libshutdown2.o(.ARM.Collect$$libshutdown$$0000000B)
    __rt_entry                               0x080081ad   Thumb Code     0  __rtentry.o(.ARM.Collect$$rtentry$$00000000)
    __rt_entry_presh_1                       0x080081ad   Thumb Code     0  __rtentry2.o(.ARM.Collect$$rtentry$$00000002)
    __rt_entry_sh                            0x080081ad   Thumb Code     0  __rtentry4.o(.ARM.Collect$$rtentry$$00000004)
    __rt_entry_li                            0x080081b3   Thumb Code     0  __rtentry2.o(.ARM.Collect$$rtentry$$0000000A)
    __rt_entry_postsh_1                      0x080081b3   Thumb Code     0  __rtentry2.o(.ARM.Collect$$rtentry$$00000009)
    __rt_entry_main                          0x080081b7   Thumb Code     0  __rtentry2.o(.ARM.Collect$$rtentry$$0000000D)
    __rt_entry_postli_1                      0x080081b7   Thumb Code     0  __rtentry2.o(.ARM.Collect$$rtentry$$0000000C)
    __rt_exit                                0x080081bf   Thumb Code     0  rtexit.o(.ARM.Collect$$rtexit$$00000000)
    __rt_exit_ls                             0x080081c1   Thumb Code     0  rtexit2.o(.ARM.Collect$$rtexit$$00000003)
    __rt_exit_prels_1                        0x080081c1   Thumb Code     0  rtexit2.o(.ARM.Collect$$rtexit$$00000002)
    __rt_exit_exit                           0x080081c5   Thumb Code     0  rtexit2.o(.ARM.Collect$$rtexit$$00000004)
    Reset_Handler                            0x080081cd   Thumb Code     4  startup_stm32f10x_hd.o(.text)
    NMI_Handler                              0x080081d1   Thumb Code     2  startup_stm32f10x_hd.o(.text)
    HardFault_Handler                        0x080081d3   Thumb Code     2  startup_stm32f10x_hd.o(.text)
    MemManage_Handler                        0x080081d5   Thumb Code     2  startup_stm32f10x_hd.o(.text)
    BusFault_Handler                         0x080081d7   Thumb Code     2  startup_stm32f10x_hd.o(.text)
    UsageFault_Handler                       0x080081d9   Thumb Code     2  startup_stm32f10x_hd.o(.text)
    SVC_Handler                              0x080081db   Thumb Code     2  startup_stm32f10x_hd.o(.text)
    DebugMon_Handler                         0x080081dd   Thumb Code     2  startup_stm32f10x_hd.o(.text)
    PendSV_Handler                           0x080081df   Thumb Code     2  startup_stm32f10x_hd.o(.text)
    SysTick_Handler                          0x080081e1   Thumb Code     2  startup_stm32f10x_hd.o(.text)
    CAN1_RX1_IRQHandler                      0x080081e3   Thumb Code     0  startup_stm32f10x_hd.o(.text)
    CAN1_SCE_IRQHandler                      0x080081e3   Thumb Code     0  startup_stm32f10x_hd.o(.text)
    DMA1_Channel1_IRQHandler                 0x080081e3   Thumb Code     0  startup_stm32f10x_hd.o(.text)
    DMA1_Channel2_IRQHandler                 0x080081e3   Thumb Code     0  startup_stm32f10x_hd.o(.text)
    DMA1_Channel3_IRQHandler                 0x080081e3   Thumb Code     0  startup_stm32f10x_hd.o(.text)
    DMA1_Channel4_IRQHandler                 0x080081e3   Thumb Code     0  startup_stm32f10x_hd.o(.text)
    DMA1_Channel5_IRQHandler                 0x080081e3   Thumb Code     0  startup_stm32f10x_hd.o(.text)
    DMA1_Channel6_IRQHandler                 0x080081e3   Thumb Code     0  startup_stm32f10x_hd.o(.text)
    DMA1_Channel7_IRQHandler                 0x080081e3   Thumb Code     0  startup_stm32f10x_hd.o(.text)
    DMA2_Channel1_IRQHandler                 0x080081e3   Thumb Code     0  startup_stm32f10x_hd.o(.text)
    DMA2_Channel2_IRQHandler                 0x080081e3   Thumb Code     0  startup_stm32f10x_hd.o(.text)
    DMA2_Channel3_IRQHandler                 0x080081e3   Thumb Code     0  startup_stm32f10x_hd.o(.text)
    DMA2_Channel4_5_IRQHandler               0x080081e3   Thumb Code     0  startup_stm32f10x_hd.o(.text)
    FLASH_IRQHandler                         0x080081e3   Thumb Code     0  startup_stm32f10x_hd.o(.text)
    FSMC_IRQHandler                          0x080081e3   Thumb Code     0  startup_stm32f10x_hd.o(.text)
    I2C1_ER_IRQHandler                       0x080081e3   Thumb Code     0  startup_stm32f10x_hd.o(.text)
    I2C1_EV_IRQHandler                       0x080081e3   Thumb Code     0  startup_stm32f10x_hd.o(.text)
    I2C2_ER_IRQHandler                       0x080081e3   Thumb Code     0  startup_stm32f10x_hd.o(.text)
    I2C2_EV_IRQHandler                       0x080081e3   Thumb Code     0  startup_stm32f10x_hd.o(.text)
    PVD_IRQHandler                           0x080081e3   Thumb Code     0  startup_stm32f10x_hd.o(.text)
    RCC_IRQHandler                           0x080081e3   Thumb Code     0  startup_stm32f10x_hd.o(.text)
    RTCAlarm_IRQHandler                      0x080081e3   Thumb Code     0  startup_stm32f10x_hd.o(.text)
    RTC_IRQHandler                           0x080081e3   Thumb Code     0  startup_stm32f10x_hd.o(.text)
    SDIO_IRQHandler                          0x080081e3   Thumb Code     0  startup_stm32f10x_hd.o(.text)
    SPI1_IRQHandler                          0x080081e3   Thumb Code     0  startup_stm32f10x_hd.o(.text)
    SPI2_IRQHandler                          0x080081e3   Thumb Code     0  startup_stm32f10x_hd.o(.text)
    SPI3_IRQHandler                          0x080081e3   Thumb Code     0  startup_stm32f10x_hd.o(.text)
    TAMPER_IRQHandler                        0x080081e3   Thumb Code     0  startup_stm32f10x_hd.o(.text)
    TIM1_BRK_IRQHandler                      0x080081e3   Thumb Code     0  startup_stm32f10x_hd.o(.text)
    TIM1_TRG_COM_IRQHandler                  0x080081e3   Thumb Code     0  startup_stm32f10x_hd.o(.text)
    TIM8_BRK_IRQHandler                      0x080081e3   Thumb Code     0  startup_stm32f10x_hd.o(.text)
    TIM8_TRG_COM_IRQHandler                  0x080081e3   Thumb Code     0  startup_stm32f10x_hd.o(.text)
    UART4_IRQHandler                         0x080081e3   Thumb Code     0  startup_stm32f10x_hd.o(.text)
    UART5_IRQHandler                         0x080081e3   Thumb Code     0  startup_stm32f10x_hd.o(.text)
    USBWakeUp_IRQHandler                     0x080081e3   Thumb Code     0  startup_stm32f10x_hd.o(.text)
    USB_HP_CAN1_TX_IRQHandler                0x080081e3   Thumb Code     0  startup_stm32f10x_hd.o(.text)
    USB_LP_CAN1_RX0_IRQHandler               0x080081e3   Thumb Code     0  startup_stm32f10x_hd.o(.text)
    WWDG_IRQHandler                          0x080081e3   Thumb Code     0  startup_stm32f10x_hd.o(.text)
    __user_initial_stackheap                 0x080081e5   Thumb Code     0  startup_stm32f10x_hd.o(.text)
    __use_two_region_memory                  0x08008201   Thumb Code     2  heapauxi.o(.text)
    __rt_heap_escrow$2region                 0x08008203   Thumb Code     2  heapauxi.o(.text)
    __rt_heap_expand$2region                 0x08008205   Thumb Code     2  heapauxi.o(.text)
    __user_setup_stackheap                   0x08008207   Thumb Code    74  sys_stackheap_outer.o(.text)
    exit                                     0x08008251   Thumb Code    12  exit.o(.text)
    __user_libspace                          0x0800825d   Thumb Code     8  libspace.o(.text)
    __user_perproc_libspace                  0x0800825d   Thumb Code     0  libspace.o(.text)
    __user_perthread_libspace                0x0800825d   Thumb Code     0  libspace.o(.text)
    _sys_exit                                0x08008265   Thumb Code     8  sys_exit.o(.text)
    __I$use$semihosting                      0x08008271   Thumb Code     0  use_no_semi.o(.text)
    __use_no_semihosting_swi                 0x08008271   Thumb Code     2  use_no_semi.o(.text)
    __semihosting_library_function           0x08008273   Thumb Code     0  indicate_semi.o(.text)
    ADC1_2_IRQHandler                        0x08008275   Thumb Code   172  drv_adc.o(i.ADC1_2_IRQHandler)
    ADC3_IRQHandler                          0x08008341   Thumb Code    88  drv_adc.o(i.ADC3_IRQHandler)
    EXTI0_IRQHandler                         0x080083a9   Thumb Code    28  drv_gpio.o(i.EXTI0_IRQHandler)
    EXTI15_10_IRQHandler                     0x080083cd   Thumb Code   208  drv_gpio.o(i.EXTI15_10_IRQHandler)
    EXTI1_IRQHandler                         0x080084b9   Thumb Code    28  drv_gpio.o(i.EXTI1_IRQHandler)
    EXTI2_IRQHandler                         0x080084dd   Thumb Code    28  drv_gpio.o(i.EXTI2_IRQHandler)
    EXTI3_IRQHandler                         0x08008501   Thumb Code    28  drv_gpio.o(i.EXTI3_IRQHandler)
    EXTI4_IRQHandler                         0x08008525   Thumb Code    28  drv_gpio.o(i.EXTI4_IRQHandler)
    EXTI9_5_IRQHandler                       0x08008549   Thumb Code   174  drv_gpio.o(i.EXTI9_5_IRQHandler)
    TIM1_CC_IRQHandler                       0x08008611   Thumb Code   146  drv_timer.o(i.TIM1_CC_IRQHandler)
    TIM1_UP_IRQHandler                       0x080086ad   Thumb Code    28  drv_timer.o(i.TIM1_UP_IRQHandler)
    TIM2_IRQHandler                          0x080086d1   Thumb Code   212  drv_timer.o(i.TIM2_IRQHandler)
    TIM3_IRQHandler                          0x080087a9   Thumb Code   182  drv_timer.o(i.TIM3_IRQHandler)
    TIM4_IRQHandler                          0x08008869   Thumb Code   182  drv_timer.o(i.TIM4_IRQHandler)
    TIM5_IRQHandler                          0x08008929   Thumb Code   182  drv_timer.o(i.TIM5_IRQHandler)
    TIM6_IRQHandler                          0x080089e9   Thumb Code   182  drv_timer.o(i.TIM6_IRQHandler)
    TIM7_IRQHandler                          0x08008aa9   Thumb Code   196  drv_timer.o(i.TIM7_IRQHandler)
    TIM8_CC_IRQHandler                       0x08008b75   Thumb Code   162  drv_timer.o(i.TIM8_CC_IRQHandler)
    TIM8_UP_IRQHandler                       0x08008c21   Thumb Code    32  drv_timer.o(i.TIM8_UP_IRQHandler)
    USART1_IRQHandler                        0x08008c49   Thumb Code    64  drv_usart.o(i.USART1_IRQHandler)
    USART2_IRQHandler                        0x08008c91   Thumb Code    64  drv_usart.o(i.USART2_IRQHandler)
    USART3_IRQHandler                        0x08008cd9   Thumb Code    64  drv_usart.o(i.USART3_IRQHandler)
    adc_test                                 0x08008d21   Thumb Code    12  test.o(i.adc_test)
    drv_adc_channel_cmd                      0x08008d2d   Thumb Code    48  drv_adc.o(i.drv_adc_channel_cmd)
    drv_adc_channel_convert                  0x08008d61   Thumb Code   180  drv_adc.o(i.drv_adc_channel_convert)
    drv_adc_clear_it_flag                    0x08008e19   Thumb Code    72  drv_adc.o(i.drv_adc_clear_it_flag)
    drv_adc_init                             0x08008e65   Thumb Code   408  drv_adc.o(i.drv_adc_init)
    drv_adc_isr_config                       0x08009005   Thumb Code    96  drv_adc.o(i.drv_adc_isr_config)
    drv_adc_it_config                        0x08009089   Thumb Code    58  drv_adc.o(i.drv_adc_it_config)
    drv_adc_read                             0x080090c9   Thumb Code    14  drv_adc.o(i.drv_adc_read)
    drv_adc_reset_calibration                0x080090dd   Thumb Code    40  drv_adc.o(i.drv_adc_reset_calibration)
    drv_adc_start_calibration                0x08009109   Thumb Code    40  drv_adc.o(i.drv_adc_start_calibration)
    drv_clock_init                           0x08009135   Thumb Code   216  drv_clock.o(i.drv_clock_init)
    drv_dac_cmd                              0x08009219   Thumb Code    74  drv_dac.o(i.drv_dac_cmd)
    drv_dac_init                             0x08009269   Thumb Code    86  drv_dac.o(i.drv_dac_init)
    drv_dac_set_vol                          0x080092cd   Thumb Code    60  drv_dac.o(i.drv_dac_set_vol)
    drv_delay_init                           0x0800930d   Thumb Code    48  drv_systick.o(i.drv_delay_init)
    drv_delay_ms                             0x08009349   Thumb Code    56  drv_systick.o(i.drv_delay_ms)
    drv_get_clock_freq_info                  0x08009385   Thumb Code    94  drv_clock.o(i.drv_get_clock_freq_info)
    drv_get_timer_cap_value                  0x080093f9   Thumb Code    54  drv_timer.o(i.drv_get_timer_cap_value)
    drv_get_timer_sr_value                   0x08009435   Thumb Code    12  drv_timer.o(i.drv_get_timer_sr_value)
    drv_get_usart_it_status                  0x08009445   Thumb Code   120  drv_usart.o(i.drv_get_usart_it_status)
    drv_gpio_init                            0x080094c1   Thumb Code   336  drv_gpio.o(i.drv_gpio_init)
    drv_gpio_read_bit                        0x08009619   Thumb Code    24  drv_gpio.o(i.drv_gpio_read_bit)
    drv_gpio_write_bit                       0x08009635   Thumb Code    46  drv_gpio.o(i.drv_gpio_write_bit)
    drv_iwdg_feed                            0x08009669   Thumb Code    10  drv_iwdg.o(i.drv_iwdg_feed)
    drv_iwdg_init                            0x08009679   Thumb Code   270  drv_iwdg.o(i.drv_iwdg_init)
    drv_nvic_init                            0x0800978d   Thumb Code   100  drv_nvic.o(i.drv_nvic_init)
    drv_nvic_priority_group_config           0x080097fd   Thumb Code    10  drv_nvic.o(i.drv_nvic_priority_group_config)
    drv_rcc_register_reset                   0x08009811   Thumb Code    80  drv_clock.o(i.drv_rcc_register_reset)
    drv_set_duty_cycle                       0x0800986d   Thumb Code    80  drv_timer.o(i.drv_set_duty_cycle)
    drv_set_timer_cap_edge                   0x080098c1   Thumb Code   180  drv_timer.o(i.drv_set_timer_cap_edge)
    drv_systick_clk_source_config            0x08009979   Thumb Code    40  drv_systick.o(i.drv_systick_clk_source_config)
    drv_timer_cap_init                       0x080099a1   Thumb Code   910  drv_timer.o(i.drv_timer_cap_init)
    drv_timer_cmd                            0x08009d35   Thumb Code    48  drv_timer.o(i.drv_timer_cmd)
    drv_timer_init                           0x08009d69   Thumb Code    70  drv_timer.o(i.drv_timer_init)
    drv_timer_isr_config                     0x08009db9   Thumb Code    98  drv_timer.o(i.drv_timer_isr_config)
    drv_timer_it_config                      0x08009e21   Thumb Code    54  drv_timer.o(i.drv_timer_it_config)
    drv_timer_pwm_init                       0x08009e5d   Thumb Code   816  drv_timer.o(i.drv_timer_pwm_init)
    drv_usart_cmd                            0x0800a191   Thumb Code    48  drv_usart.o(i.drv_usart_cmd)
    drv_usart_init                           0x0800a1c5   Thumb Code   384  drv_usart.o(i.drv_usart_init)
    drv_usart_isr_config                     0x0800a34d   Thumb Code    94  drv_usart.o(i.drv_usart_isr_config)
    drv_usart_it_config                      0x0800a3d5   Thumb Code   184  drv_usart.o(i.drv_usart_it_config)
    drv_usart_receive                        0x0800a491   Thumb Code    16  drv_usart.o(i.drv_usart_receive)
    drv_usart_send                           0x0800a4a5   Thumb Code    14  drv_usart.o(i.drv_usart_send)
    hal_adc_init                             0x0800a539   Thumb Code    86  hal_adc.o(i.hal_adc_init)
    hal_adc_sequence_trigger                 0x0800a595   Thumb Code    62  hal_adc.o(i.hal_adc_sequence_trigger)
    hal_adc_signal_get                       0x0800a5e1   Thumb Code    10  hal_adc.o(i.hal_adc_signal_get)
    hal_ai_read                              0x0800a5f1   Thumb Code    54  hal_adc.o(i.hal_ai_read)
    hal_clock_init                           0x0800a631   Thumb Code    28  hal_clock.o(i.hal_clock_init)
    hal_dac_init                             0x0800a64d   Thumb Code    64  hal_dac.o(i.hal_dac_init)
    hal_delay_init                           0x0800a68d   Thumb Code    12  hal_systick.o(i.hal_delay_init)
    hal_di_input                             0x0800a699   Thumb Code   198  hal_gpio.o(i.hal_di_input)
    hal_di_read_signal                       0x0800a765   Thumb Code    88  hal_gpio.o(i.hal_di_read_signal)
    hal_do_output                            0x0800a811   Thumb Code    36  hal_gpio.o(i.hal_do_output)
    hal_do_write_signal                      0x0800a839   Thumb Code    64  hal_gpio.o(i.hal_do_write_signal)
    hal_get_clock_freq_info                  0x0800a87d   Thumb Code    12  hal_clock.o(i.hal_get_clock_freq_info)
    hal_gpio_init                            0x0800a889   Thumb Code    28  hal_gpio.o(i.hal_gpio_init)
    hal_init                                 0x0800a8a5   Thumb Code    64  hal.o(i.hal_init)
    hal_nvic_init                            0x0800a8e9   Thumb Code    76  hal_nvic.o(i.hal_nvic_init)
    hal_set_vol_for_12b                      0x0800a939   Thumb Code    82  hal_dac.o(i.hal_set_vol_for_12b)
    hal_tim2_cc1_isr                         0x0800a995   Thumb Code   142  hal_timer.o(i.hal_tim2_cc1_isr)
    hal_tim3_over_flow_isr                   0x0800aa31   Thumb Code    24  hal_timer.o(i.hal_tim3_over_flow_isr)
    hal_timer_cap_init                       0x0800aa4d   Thumb Code    82  hal_timer.o(i.hal_timer_cap_init)
    hal_timer_init                           0x0800aaa5   Thumb Code    46  hal_timer.o(i.hal_timer_init)
    hal_timer_pwm_init                       0x0800aad9   Thumb Code    62  hal_timer.o(i.hal_timer_pwm_init)
    hal_usart_init                           0x0800ab7d   Thumb Code    68  hal_usart.o(i.hal_usart_init)
    hal_usart_read                           0x0800abc9   Thumb Code   156  hal_usart.o(i.hal_usart_read)
    hal_usart_send                           0x0800ad11   Thumb Code   224  hal_usart.o(i.hal_usart_send)
    hal_watchdog_feed                        0x0800ae7d   Thumb Code     8  hal_iwdg.o(i.hal_watchdog_feed)
    hal_watchdog_init                        0x0800ae85   Thumb Code    12  hal_iwdg.o(i.hal_watchdog_init)
    main                                     0x0800ae91   Thumb Code   136  test.o(i.main)
    test_key                                 0x0800b51d   Thumb Code    32  test.o(i.test_key)
    __aeabi_d2f                              0x0800b549   Thumb Code     0  d2f.o(x$fpl$d2f)
    _d2f                                     0x0800b549   Thumb Code    98  d2f.o(x$fpl$d2f)
    __aeabi_ddiv                             0x0800b5ad   Thumb Code     0  ddiv.o(x$fpl$ddiv)
    _ddiv                                    0x0800b5ad   Thumb Code   552  ddiv.o(x$fpl$ddiv)
    __fpl_dnaninf                            0x0800b85d   Thumb Code   156  dnaninf.o(x$fpl$dnaninf)
    __fpl_dretinf                            0x0800b8f9   Thumb Code    12  dretinf.o(x$fpl$dretinf)
    __aeabi_f2d                              0x0800b905   Thumb Code     0  f2d.o(x$fpl$f2d)
    _f2d                                     0x0800b905   Thumb Code    86  f2d.o(x$fpl$f2d)
    __aeabi_fadd                             0x0800b95d   Thumb Code     0  faddsub_clz.o(x$fpl$fadd)
    _fadd                                    0x0800b95d   Thumb Code   196  faddsub_clz.o(x$fpl$fadd)
    __aeabi_fdiv                             0x0800ba21   Thumb Code     0  fdiv.o(x$fpl$fdiv)
    _fdiv                                    0x0800ba21   Thumb Code   384  fdiv.o(x$fpl$fdiv)
    __aeabi_f2uiz                            0x0800bba5   Thumb Code     0  ffixu.o(x$fpl$ffixu)
    _ffixu                                   0x0800bba5   Thumb Code    62  ffixu.o(x$fpl$ffixu)
    __aeabi_ui2f                             0x0800bbe5   Thumb Code     0  fflt_clz.o(x$fpl$ffltu)
    _ffltu                                   0x0800bbe5   Thumb Code    38  fflt_clz.o(x$fpl$ffltu)
    __aeabi_fmul                             0x0800bc0d   Thumb Code     0  fmul.o(x$fpl$fmul)
    _fmul                                    0x0800bc0d   Thumb Code   258  fmul.o(x$fpl$fmul)
    __fpl_fnaninf                            0x0800bd0f   Thumb Code   140  fnaninf.o(x$fpl$fnaninf)
    __fpl_fretinf                            0x0800bd9b   Thumb Code    10  fretinf.o(x$fpl$fretinf)
    __aeabi_frsub                            0x0800bda5   Thumb Code     0  faddsub_clz.o(x$fpl$frsb)
    _frsb                                    0x0800bda5   Thumb Code    20  faddsub_clz.o(x$fpl$frsb)
    __aeabi_fsub                             0x0800bdb9   Thumb Code     0  faddsub_clz.o(x$fpl$fsub)
    _fsub                                    0x0800bdb9   Thumb Code   234  faddsub_clz.o(x$fpl$fsub)
    __I$use$fp                               0x0800bea2   Number         0  usenofp.o(x$fpl$usenofp)
    sys_clk_freq_table                       0x0800bea4   Data          24  drv_clock.o(.constdata)
    Region$$Table$$Base                      0x0800bfec   Number         0  anon$$obj.o(Region$$Table)
    Region$$Table$$Limit                     0x0800c00c   Number         0  anon$$obj.o(Region$$Table)
    tx_buff                                  0x20000000   Data           8  test.o(.data)
    rx_buff                                  0x20000008   Data           8  test.o(.data)
    rx_len                                   0x20000010   Data           1  test.o(.data)
    status                                   0x20000011   Data           1  test.o(.data)
    g_do_signal_led0                         0x200000c4   Data           1  hal_gpio.o(.data)
    g_do_signal_led1                         0x200000c5   Data           1  hal_gpio.o(.data)
    g_di_signal_key0                         0x200000c6   Data           1  hal_gpio.o(.data)
    g_di_signal_key1                         0x200000c7   Data           1  hal_gpio.o(.data)
    g_di_signal_wk_up                        0x200000c8   Data           1  hal_gpio.o(.data)
    g_sys_clock_info                         0x200001b0   Data          20  hal.o(.bss)
    __libspace_start                         0x20000458   Data          96  libspace.o(.bss)
    __temporary_stack_top$libspace           0x200004b8   Data           0  libspace.o(.bss)



==============================================================================

Memory Map of the image

  Image Entry point : 0x08008131

  Load Region LR_IROM1 (Base: 0x08008000, Size: 0x0000411c, Max: 0x00038000, ABSOLUTE)

    Execution Region ER_IROM1 (Base: 0x08008000, Size: 0x0000400c, Max: 0x00038000, ABSOLUTE)

    Base Addr    Size         Type   Attr      Idx    E Section Name        Object

    0x08008000   0x00000130   Data   RO          989    RESET               startup_stm32f10x_hd.o
    0x08008130   0x00000008   Code   RO          999  * !!!main             c_w.l(__main.o)
    0x08008138   0x00000034   Code   RO         1194    !!!scatter          c_w.l(__scatter.o)
    0x0800816c   0x0000001a   Code   RO         1196    !!handler_copy      c_w.l(__scatter_copy.o)
    0x08008186   0x00000002   PAD
    0x08008188   0x0000001c   Code   RO         1198    !!handler_zi        c_w.l(__scatter_zi.o)
    0x080081a4   0x00000002   Code   RO         1065    .ARM.Collect$$libinit$$00000000  c_w.l(libinit.o)
    0x080081a6   0x00000000   Code   RO         1072    .ARM.Collect$$libinit$$00000002  c_w.l(libinit2.o)
    0x080081a6   0x00000000   Code   RO         1074    .ARM.Collect$$libinit$$00000004  c_w.l(libinit2.o)
    0x080081a6   0x00000000   Code   RO         1077    .ARM.Collect$$libinit$$0000000A  c_w.l(libinit2.o)
    0x080081a6   0x00000000   Code   RO         1079    .ARM.Collect$$libinit$$0000000C  c_w.l(libinit2.o)
    0x080081a6   0x00000000   Code   RO         1081    .ARM.Collect$$libinit$$0000000E  c_w.l(libinit2.o)
    0x080081a6   0x00000000   Code   RO         1084    .ARM.Collect$$libinit$$00000011  c_w.l(libinit2.o)
    0x080081a6   0x00000000   Code   RO         1086    .ARM.Collect$$libinit$$00000013  c_w.l(libinit2.o)
    0x080081a6   0x00000000   Code   RO         1088    .ARM.Collect$$libinit$$00000015  c_w.l(libinit2.o)
    0x080081a6   0x00000000   Code   RO         1090    .ARM.Collect$$libinit$$00000017  c_w.l(libinit2.o)
    0x080081a6   0x00000000   Code   RO         1092    .ARM.Collect$$libinit$$00000019  c_w.l(libinit2.o)
    0x080081a6   0x00000000   Code   RO         1094    .ARM.Collect$$libinit$$0000001B  c_w.l(libinit2.o)
    0x080081a6   0x00000000   Code   RO         1096    .ARM.Collect$$libinit$$0000001D  c_w.l(libinit2.o)
    0x080081a6   0x00000000   Code   RO         1098    .ARM.Collect$$libinit$$0000001F  c_w.l(libinit2.o)
    0x080081a6   0x00000000   Code   RO         1100    .ARM.Collect$$libinit$$00000021  c_w.l(libinit2.o)
    0x080081a6   0x00000000   Code   RO         1102    .ARM.Collect$$libinit$$00000023  c_w.l(libinit2.o)
    0x080081a6   0x00000000   Code   RO         1104    .ARM.Collect$$libinit$$00000025  c_w.l(libinit2.o)
    0x080081a6   0x00000000   Code   RO         1108    .ARM.Collect$$libinit$$0000002C  c_w.l(libinit2.o)
    0x080081a6   0x00000000   Code   RO         1110    .ARM.Collect$$libinit$$0000002E  c_w.l(libinit2.o)
    0x080081a6   0x00000000   Code   RO         1112    .ARM.Collect$$libinit$$00000030  c_w.l(libinit2.o)
    0x080081a6   0x00000000   Code   RO         1114    .ARM.Collect$$libinit$$00000032  c_w.l(libinit2.o)
    0x080081a6   0x00000002   Code   RO         1115    .ARM.Collect$$libinit$$00000033  c_w.l(libinit2.o)
    0x080081a8   0x00000002   Code   RO         1135    .ARM.Collect$$libshutdown$$00000000  c_w.l(libshutdown.o)
    0x080081aa   0x00000000   Code   RO         1149    .ARM.Collect$$libshutdown$$00000003  c_w.l(libshutdown2.o)
    0x080081aa   0x00000000   Code   RO         1152    .ARM.Collect$$libshutdown$$00000006  c_w.l(libshutdown2.o)
    0x080081aa   0x00000000   Code   RO         1155    .ARM.Collect$$libshutdown$$00000009  c_w.l(libshutdown2.o)
    0x080081aa   0x00000000   Code   RO         1157    .ARM.Collect$$libshutdown$$0000000B  c_w.l(libshutdown2.o)
    0x080081aa   0x00000000   Code   RO         1160    .ARM.Collect$$libshutdown$$0000000E  c_w.l(libshutdown2.o)
    0x080081aa   0x00000002   Code   RO         1161    .ARM.Collect$$libshutdown$$0000000F  c_w.l(libshutdown2.o)
    0x080081ac   0x00000000   Code   RO         1031    .ARM.Collect$$rtentry$$00000000  c_w.l(__rtentry.o)
    0x080081ac   0x00000000   Code   RO         1042    .ARM.Collect$$rtentry$$00000002  c_w.l(__rtentry2.o)
    0x080081ac   0x00000006   Code   RO         1054    .ARM.Collect$$rtentry$$00000004  c_w.l(__rtentry4.o)
    0x080081b2   0x00000000   Code   RO         1044    .ARM.Collect$$rtentry$$00000009  c_w.l(__rtentry2.o)
    0x080081b2   0x00000004   Code   RO         1045    .ARM.Collect$$rtentry$$0000000A  c_w.l(__rtentry2.o)
    0x080081b6   0x00000000   Code   RO         1047    .ARM.Collect$$rtentry$$0000000C  c_w.l(__rtentry2.o)
    0x080081b6   0x00000008   Code   RO         1048    .ARM.Collect$$rtentry$$0000000D  c_w.l(__rtentry2.o)
    0x080081be   0x00000002   Code   RO         1069    .ARM.Collect$$rtexit$$00000000  c_w.l(rtexit.o)
    0x080081c0   0x00000000   Code   RO         1117    .ARM.Collect$$rtexit$$00000002  c_w.l(rtexit2.o)
    0x080081c0   0x00000004   Code   RO         1118    .ARM.Collect$$rtexit$$00000003  c_w.l(rtexit2.o)
    0x080081c4   0x00000006   Code   RO         1119    .ARM.Collect$$rtexit$$00000004  c_w.l(rtexit2.o)
    0x080081ca   0x00000002   PAD
    0x080081cc   0x00000034   Code   RO          990    .text               startup_stm32f10x_hd.o
    0x08008200   0x00000006   Code   RO          997    .text               c_w.l(heapauxi.o)
    0x08008206   0x0000004a   Code   RO         1056    .text               c_w.l(sys_stackheap_outer.o)
    0x08008250   0x0000000c   Code   RO         1058    .text               c_w.l(exit.o)
    0x0800825c   0x00000008   Code   RO         1066    .text               c_w.l(libspace.o)
    0x08008264   0x0000000c   Code   RO         1127    .text               c_w.l(sys_exit.o)
    0x08008270   0x00000002   Code   RO         1138    .text               c_w.l(use_no_semi.o)
    0x08008272   0x00000000   Code   RO         1140    .text               c_w.l(indicate_semi.o)
    0x08008272   0x00000002   PAD
    0x08008274   0x000000cc   Code   RO          563    i.ADC1_2_IRQHandler  drv_adc.o
    0x08008340   0x00000068   Code   RO          564    i.ADC3_IRQHandler   drv_adc.o
    0x080083a8   0x00000024   Code   RO          186    i.EXTI0_IRQHandler  drv_gpio.o
    0x080083cc   0x000000ec   Code   RO          187    i.EXTI15_10_IRQHandler  drv_gpio.o
    0x080084b8   0x00000024   Code   RO          188    i.EXTI1_IRQHandler  drv_gpio.o
    0x080084dc   0x00000024   Code   RO          189    i.EXTI2_IRQHandler  drv_gpio.o
    0x08008500   0x00000024   Code   RO          190    i.EXTI3_IRQHandler  drv_gpio.o
    0x08008524   0x00000024   Code   RO          191    i.EXTI4_IRQHandler  drv_gpio.o
    0x08008548   0x000000c8   Code   RO          192    i.EXTI9_5_IRQHandler  drv_gpio.o
    0x08008610   0x0000009c   Code   RO          428    i.TIM1_CC_IRQHandler  drv_timer.o
    0x080086ac   0x00000024   Code   RO          429    i.TIM1_UP_IRQHandler  drv_timer.o
    0x080086d0   0x000000d8   Code   RO          430    i.TIM2_IRQHandler   drv_timer.o
    0x080087a8   0x000000c0   Code   RO          431    i.TIM3_IRQHandler   drv_timer.o
    0x08008868   0x000000c0   Code   RO          432    i.TIM4_IRQHandler   drv_timer.o
    0x08008928   0x000000c0   Code   RO          433    i.TIM5_IRQHandler   drv_timer.o
    0x080089e8   0x000000c0   Code   RO          434    i.TIM6_IRQHandler   drv_timer.o
    0x08008aa8   0x000000cc   Code   RO          435    i.TIM7_IRQHandler   drv_timer.o
    0x08008b74   0x000000ac   Code   RO          436    i.TIM8_CC_IRQHandler  drv_timer.o
    0x08008c20   0x00000028   Code   RO          437    i.TIM8_UP_IRQHandler  drv_timer.o
    0x08008c48   0x00000048   Code   RO          311    i.USART1_IRQHandler  drv_usart.o
    0x08008c90   0x00000048   Code   RO          312    i.USART2_IRQHandler  drv_usart.o
    0x08008cd8   0x00000048   Code   RO          313    i.USART3_IRQHandler  drv_usart.o
    0x08008d20   0x0000000c   Code   RO            1    i.adc_test          test.o
    0x08008d2c   0x00000034   Code   RO          565    i.drv_adc_channel_cmd  drv_adc.o
    0x08008d60   0x000000b8   Code   RO          566    i.drv_adc_channel_convert  drv_adc.o
    0x08008e18   0x0000004c   Code   RO          567    i.drv_adc_clear_it_flag  drv_adc.o
    0x08008e64   0x000001a0   Code   RO          568    i.drv_adc_init      drv_adc.o
    0x08009004   0x00000084   Code   RO          569    i.drv_adc_isr_config  drv_adc.o
    0x08009088   0x00000040   Code   RO          570    i.drv_adc_it_config  drv_adc.o
    0x080090c8   0x00000014   Code   RO          571    i.drv_adc_read      drv_adc.o
    0x080090dc   0x0000002c   Code   RO          572    i.drv_adc_reset_calibration  drv_adc.o
    0x08009108   0x0000002c   Code   RO          573    i.drv_adc_start_calibration  drv_adc.o
    0x08009134   0x000000e4   Code   RO          118    i.drv_clock_init    drv_clock.o
    0x08009218   0x00000050   Code   RO          638    i.drv_dac_cmd       drv_dac.o
    0x08009268   0x00000064   Code   RO          639    i.drv_dac_init      drv_dac.o
    0x080092cc   0x00000040   Code   RO          640    i.drv_dac_set_vol   drv_dac.o
    0x0800930c   0x0000003c   Code   RO          279    i.drv_delay_init    drv_systick.o
    0x08009348   0x0000003c   Code   RO          280    i.drv_delay_ms      drv_systick.o
    0x08009384   0x00000074   Code   RO          119    i.drv_get_clock_freq_info  drv_clock.o
    0x080093f8   0x0000003c   Code   RO          438    i.drv_get_timer_cap_value  drv_timer.o
    0x08009434   0x00000010   Code   RO          439    i.drv_get_timer_sr_value  drv_timer.o
    0x08009444   0x0000007c   Code   RO          316    i.drv_get_usart_it_status  drv_usart.o
    0x080094c0   0x00000158   Code   RO          195    i.drv_gpio_init     drv_gpio.o
    0x08009618   0x0000001c   Code   RO          196    i.drv_gpio_read_bit  drv_gpio.o
    0x08009634   0x00000034   Code   RO          198    i.drv_gpio_write_bit  drv_gpio.o
    0x08009668   0x00000010   Code   RO          410    i.drv_iwdg_feed     drv_iwdg.o
    0x08009678   0x00000114   Code   RO          411    i.drv_iwdg_init     drv_iwdg.o
    0x0800978c   0x00000070   Code   RO          392    i.drv_nvic_init     drv_nvic.o
    0x080097fc   0x00000014   Code   RO          393    i.drv_nvic_priority_group_config  drv_nvic.o
    0x08009810   0x0000005c   Code   RO          120    i.drv_rcc_register_reset  drv_clock.o
    0x0800986c   0x00000054   Code   RO          440    i.drv_set_duty_cycle  drv_timer.o
    0x080098c0   0x000000b8   Code   RO          441    i.drv_set_timer_cap_edge  drv_timer.o
    0x08009978   0x00000028   Code   RO          282    i.drv_systick_clk_source_config  drv_systick.o
    0x080099a0   0x00000394   Code   RO          442    i.drv_timer_cap_init  drv_timer.o
    0x08009d34   0x00000034   Code   RO          443    i.drv_timer_cmd     drv_timer.o
    0x08009d68   0x00000050   Code   RO          445    i.drv_timer_init    drv_timer.o
    0x08009db8   0x00000068   Code   RO          446    i.drv_timer_isr_config  drv_timer.o
    0x08009e20   0x0000003c   Code   RO          447    i.drv_timer_it_config  drv_timer.o
    0x08009e5c   0x00000334   Code   RO          448    i.drv_timer_pwm_init  drv_timer.o
    0x0800a190   0x00000034   Code   RO          317    i.drv_usart_cmd     drv_usart.o
    0x0800a1c4   0x00000188   Code   RO          318    i.drv_usart_init    drv_usart.o
    0x0800a34c   0x00000088   Code   RO          319    i.drv_usart_isr_config  drv_usart.o
    0x0800a3d4   0x000000bc   Code   RO          320    i.drv_usart_it_config  drv_usart.o
    0x0800a490   0x00000014   Code   RO          321    i.drv_usart_receive  drv_usart.o
    0x0800a4a4   0x00000014   Code   RO          322    i.drv_usart_send    drv_usart.o
    0x0800a4b8   0x00000080   Code   RO          926    i.hal_adc_complete_isr  hal_adc.o
    0x0800a538   0x0000005c   Code   RO          927    i.hal_adc_init      hal_adc.o
    0x0800a594   0x0000004c   Code   RO          928    i.hal_adc_sequence_trigger  hal_adc.o
    0x0800a5e0   0x00000010   Code   RO          929    i.hal_adc_signal_get  hal_adc.o
    0x0800a5f0   0x00000040   Code   RO          930    i.hal_ai_read       hal_adc.o
    0x0800a630   0x0000001c   Code   RO          662    i.hal_clock_init    hal_clock.o
    0x0800a64c   0x00000040   Code   RO          963    i.hal_dac_init      hal_dac.o
    0x0800a68c   0x0000000c   Code   RO          752    i.hal_delay_init    hal_systick.o
    0x0800a698   0x000000cc   Code   RO          698    i.hal_di_input      hal_gpio.o
    0x0800a764   0x0000005c   Code   RO          699    i.hal_di_read_signal  hal_gpio.o
    0x0800a7c0   0x00000050   Code   RO          700    i.hal_dio_init_signal  hal_gpio.o
    0x0800a810   0x00000028   Code   RO          701    i.hal_do_output     hal_gpio.o
    0x0800a838   0x00000044   Code   RO          702    i.hal_do_write_signal  hal_gpio.o
    0x0800a87c   0x0000000c   Code   RO          663    i.hal_get_clock_freq_info  hal_clock.o
    0x0800a888   0x0000001c   Code   RO          704    i.hal_gpio_init     hal_gpio.o
    0x0800a8a4   0x00000044   Code   RO          680    i.hal_init          hal.o
    0x0800a8e8   0x00000050   Code   RO          857    i.hal_nvic_init     hal_nvic.o
    0x0800a938   0x0000005c   Code   RO          964    i.hal_set_vol_for_12b  hal_dac.o
    0x0800a994   0x0000009c   Code   RO          889    i.hal_tim2_cc1_isr  hal_timer.o
    0x0800aa30   0x0000001c   Code   RO          890    i.hal_tim3_over_flow_isr  hal_timer.o
    0x0800aa4c   0x00000058   Code   RO          891    i.hal_timer_cap_init  hal_timer.o
    0x0800aaa4   0x00000034   Code   RO          892    i.hal_timer_init    hal_timer.o
    0x0800aad8   0x0000003e   Code   RO          893    i.hal_timer_pwm_init  hal_timer.o
    0x0800ab16   0x0000000a   Code   RO          764    i.hal_usart1_rx_isr  hal_usart.o
    0x0800ab20   0x0000000a   Code   RO          765    i.hal_usart1_tx_isr  hal_usart.o
    0x0800ab2a   0x0000000a   Code   RO          766    i.hal_usart2_rx_isr  hal_usart.o
    0x0800ab34   0x0000000a   Code   RO          767    i.hal_usart2_tx_isr  hal_usart.o
    0x0800ab3e   0x0000000a   Code   RO          768    i.hal_usart3_rx_isr  hal_usart.o
    0x0800ab48   0x0000000a   Code   RO          769    i.hal_usart3_tx_isr  hal_usart.o
    0x0800ab52   0x0000000a   Code   RO          770    i.hal_usart4_rx_isr  hal_usart.o
    0x0800ab5c   0x0000000a   Code   RO          771    i.hal_usart4_tx_isr  hal_usart.o
    0x0800ab66   0x0000000a   Code   RO          772    i.hal_usart5_rx_isr  hal_usart.o
    0x0800ab70   0x0000000a   Code   RO          773    i.hal_usart5_tx_isr  hal_usart.o
    0x0800ab7a   0x00000002   PAD
    0x0800ab7c   0x0000004c   Code   RO          774    i.hal_usart_init    hal_usart.o
    0x0800abc8   0x000000a0   Code   RO          775    i.hal_usart_read    hal_usart.o
    0x0800ac68   0x000000a8   Code   RO          777    i.hal_usart_rx_isr  hal_usart.o
    0x0800ad10   0x000000e4   Code   RO          778    i.hal_usart_send    hal_usart.o
    0x0800adf4   0x00000088   Code   RO          779    i.hal_usart_tx_isr  hal_usart.o
    0x0800ae7c   0x00000008   Code   RO          871    i.hal_watchdog_feed  hal_iwdg.o
    0x0800ae84   0x0000000c   Code   RO          872    i.hal_watchdog_init  hal_iwdg.o
    0x0800ae90   0x00000098   Code   RO            2    i.main              test.o
    0x0800af28   0x000000c0   Code   RO          121    i.set_sys_clk_to_24M  drv_clock.o
    0x0800afe8   0x000000c4   Code   RO          122    i.set_sys_clk_to_36M  drv_clock.o
    0x0800b0ac   0x000000c8   Code   RO          123    i.set_sys_clk_to_48M  drv_clock.o
    0x0800b174   0x000000c8   Code   RO          124    i.set_sys_clk_to_56M  drv_clock.o
    0x0800b23c   0x000000c8   Code   RO          125    i.set_sys_clk_to_64M  drv_clock.o
    0x0800b304   0x000000a0   Code   RO          126    i.set_sys_clk_to_72M  drv_clock.o
    0x0800b3a4   0x000000c0   Code   RO          127    i.set_sys_clk_to_HSE  drv_clock.o
    0x0800b464   0x000000b8   Code   RO          128    i.set_sys_clk_to_HSI  drv_clock.o
    0x0800b51c   0x0000002c   Code   RO            3    i.test_key          test.o
    0x0800b548   0x00000062   Code   RO         1001    x$fpl$d2f           fz_ws.l(d2f.o)
    0x0800b5aa   0x00000002   PAD
    0x0800b5ac   0x000002b0   Code   RO         1004    x$fpl$ddiv          fz_ws.l(ddiv.o)
    0x0800b85c   0x0000009c   Code   RO         1032    x$fpl$dnaninf       fz_ws.l(dnaninf.o)
    0x0800b8f8   0x0000000c   Code   RO         1034    x$fpl$dretinf       fz_ws.l(dretinf.o)
    0x0800b904   0x00000056   Code   RO         1007    x$fpl$f2d           fz_ws.l(f2d.o)
    0x0800b95a   0x00000002   PAD
    0x0800b95c   0x000000c4   Code   RO         1009    x$fpl$fadd          fz_ws.l(faddsub_clz.o)
    0x0800ba20   0x00000184   Code   RO         1016    x$fpl$fdiv          fz_ws.l(fdiv.o)
    0x0800bba4   0x0000003e   Code   RO         1019    x$fpl$ffixu         fz_ws.l(ffixu.o)
    0x0800bbe2   0x00000002   PAD
    0x0800bbe4   0x00000026   Code   RO         1023    x$fpl$ffltu         fz_ws.l(fflt_clz.o)
    0x0800bc0a   0x00000002   PAD
    0x0800bc0c   0x00000102   Code   RO         1029    x$fpl$fmul          fz_ws.l(fmul.o)
    0x0800bd0e   0x0000008c   Code   RO         1036    x$fpl$fnaninf       fz_ws.l(fnaninf.o)
    0x0800bd9a   0x0000000a   Code   RO         1038    x$fpl$fretinf       fz_ws.l(fretinf.o)
    0x0800bda4   0x00000014   Code   RO         1010    x$fpl$frsb          fz_ws.l(faddsub_clz.o)
    0x0800bdb8   0x000000ea   Code   RO         1011    x$fpl$fsub          fz_ws.l(faddsub_clz.o)
    0x0800bea2   0x00000000   Code   RO         1040    x$fpl$usenofp       fz_ws.l(usenofp.o)
    0x0800bea2   0x00000002   PAD
    0x0800bea4   0x00000018   Data   RO          129    .constdata          drv_clock.o
    0x0800bebc   0x0000001c   Data   RO          200    .constdata          drv_gpio.o
    0x0800bed8   0x00000014   Data   RO          323    .constdata          drv_usart.o
    0x0800beec   0x00000020   Data   RO          450    .constdata          drv_timer.o
    0x0800bf0c   0x0000000c   Data   RO          574    .constdata          drv_adc.o
    0x0800bf18   0x0000004c   Data   RO          705    .constdata          hal_gpio.o
    0x0800bf64   0x00000078   Data   RO          781    .constdata          hal_usart.o
    0x0800bfdc   0x00000010   Data   RO          858    .constdata          hal_nvic.o
    0x0800bfec   0x00000020   Data   RO         1192    Region$$Table       anon$$obj.o


    Execution Region RW_IRAM1 (Base: 0x20000000, Size: 0x000008b8, Max: 0x0000c000, ABSOLUTE)

    Base Addr    Size         Type   Attr      Idx    E Section Name        Object

    0x20000000   0x00000013   Data   RW            5    .data               test.o
    0x20000013   0x00000001   PAD
    0x20000014   0x00000020   Data   RW          130    .data               drv_clock.o
    0x20000034   0x00000040   Data   RW          201    .data               drv_gpio.o
    0x20000074   0x00000004   Data   RW          283    .data               drv_systick.o
    0x20000078   0x00000028   Data   RW          324    .data               drv_usart.o
    0x200000a0   0x00000024   Data   RW          575    .data               drv_adc.o
    0x200000c4   0x0000002c   Data   RW          706    .data               hal_gpio.o
    0x200000f0   0x0000000c   Data   RW          894    .data               hal_timer.o
    0x200000fc   0x00000012   Data   RW          931    .data               hal_adc.o
    0x2000010e   0x00000002   PAD
    0x20000110   0x000000a0   Zero   RW          449    .bss                drv_timer.o
    0x200001b0   0x00000014   Zero   RW          681    .bss                hal.o
    0x200001c4   0x00000294   Zero   RW          780    .bss                hal_usart.o
    0x20000458   0x00000060   Zero   RW         1067    .bss                c_w.l(libspace.o)
    0x200004b8   0x00000000   Zero   RW          988    HEAP                startup_stm32f10x_hd.o
    0x200004b8   0x00000400   Zero   RW          987    STACK               startup_stm32f10x_hd.o


==============================================================================

Image component sizes


      Code (inc. data)   RO Data    RW Data    ZI Data      Debug   Object Name

      1340        124         12         36          0       6533   drv_adc.o
      1960        188         24         32          0       6405   drv_clock.o
       244         24          0          0          0       1615   drv_dac.o
      1040        112         28         64          0       6284   drv_gpio.o
       292         12          0          0          0       1004   drv_iwdg.o
       132         22          0          0          0       1373   drv_nvic.o
       160         16          0          4          0       1676   drv_systick.o
      3968        142         32          0        160      11677   drv_timer.o
      1148         96         20         40          0       7097   drv_usart.o
        68          4          0          0         20        658   hal.o
       376         48          0         18          0       2917   hal_adc.o
        40          0          0          0          0       1227   hal_clock.o
       156         10          0          0          0       1017   hal_dac.o
       512         24         76         44          0       4822   hal_gpio.o
        20          0          0          0          0        904   hal_iwdg.o
        80          4         16          0          0        956   hal_nvic.o
        12          0          0          0          0        477   hal_systick.o
       386         30          0         12          0       2519   hal_timer.o
       868         24        120          0        660       7339   hal_usart.o
        52         18        304          0       1024        800   startup_stm32f10x_hd.o
       208         28          0         19          0     223860   test.o

    ----------------------------------------------------------------------
     13064        926        664        272       1864     291160   Object Totals
         0          0         32          0          0          0   (incl. Generated)
         2          0          0          3          0          0   (incl. Padding)

    ----------------------------------------------------------------------

      Code (inc. data)   RO Data    RW Data    ZI Data      Debug   Library Member Name

         8          0          0          0          0         68   __main.o
         0          0          0          0          0          0   __rtentry.o
        12          0          0          0          0          0   __rtentry2.o
         6          0          0          0          0          0   __rtentry4.o
        52          8          0          0          0          0   __scatter.o
        26          0          0          0          0          0   __scatter_copy.o
        28          0          0          0          0          0   __scatter_zi.o
        12          0          0          0          0         72   exit.o
         6          0          0          0          0        152   heapauxi.o
         0          0          0          0          0          0   indicate_semi.o
         2          0          0          0          0          0   libinit.o
         2          0          0          0          0          0   libinit2.o
         2          0          0          0          0          0   libshutdown.o
         2          0          0          0          0          0   libshutdown2.o
         8          4          0          0         96         68   libspace.o
         2          0          0          0          0          0   rtexit.o
        10          0          0          0          0          0   rtexit2.o
        12          4          0          0          0         68   sys_exit.o
        74          0          0          0          0         80   sys_stackheap_outer.o
         2          0          0          0          0         68   use_no_semi.o
        98          4          0          0          0         92   d2f.o
       688        140          0          0          0        208   ddiv.o
       156          4          0          0          0         92   dnaninf.o
        12          0          0          0          0         68   dretinf.o
        86          4          0          0          0         84   f2d.o
       450          8          0          0          0        236   faddsub_clz.o
       388         76          0          0          0         96   fdiv.o
        62          4          0          0          0         84   ffixu.o
        38          0          0          0          0         68   fflt_clz.o
       258          4          0          0          0         84   fmul.o
       140          4          0          0          0         84   fnaninf.o
        10          0          0          0          0         68   fretinf.o
         0          0          0          0          0          0   usenofp.o

    ----------------------------------------------------------------------
      2668        264          0          0         96       1840   Library Totals
        16          0          0          0          0          0   (incl. Padding)

    ----------------------------------------------------------------------

      Code (inc. data)   RO Data    RW Data    ZI Data      Debug   Library Name

       266         16          0          0         96        576   c_w.l
      2386        248          0          0          0       1264   fz_ws.l

    ----------------------------------------------------------------------
      2668        264          0          0         96       1840   Library Totals

    ----------------------------------------------------------------------

==============================================================================


      Code (inc. data)   RO Data    RW Data    ZI Data      Debug   

     15732       1190        664        272       1960     286288   Grand Totals
     15732       1190        664        272       1960     286288   ELF Image Totals
     15732       1190        664        272          0          0   ROM Totals

==============================================================================

    Total RO  Size (Code + RO Data)                16396 (  16.01kB)
    Total RW  Size (RW Data + ZI Data)              2232 (   2.18kB)
    Total ROM Size (Code + RO Data + RW Data)      16668 (  16.28kB)

==============================================================================

