Component: ARM Compiler 5.05 update 1 (build 106) Tool: armlink [4d0efa]

==============================================================================

Section Cross References

    test.o(i.main) refers to hal.o(i.hal_init) for hal_init
    test.o(i.main) refers to eeprom_24c02_test_demo.o(i.sync_mcu_version_info) for sync_mcu_version_info
    test.o(i.main) refers to hal_iwdg.o(i.hal_watchdog_feed) for hal_watchdog_feed
    test.o(i.main) refers to gpio_test_demo.o(i.test_key) for test_key
    test.o(i.main) refers to adc_dac_test_demo.o(i.adc_dac_test) for adc_dac_test
    test.o(i.main) refers to adc_dac_test_demo.o(i.adc_result_response) for adc_result_response
    test.o(i.main) refers to eeprom_24c02_test_demo.o(i.send_mcu_version_info) for send_mcu_version_info
    test.o(i.main) refers to input_cap_test_demo.o(i.send_pwm_info) for send_pwm_info
    test.o(i.main) refers to hal_usart.o(i.hal_usart_read) for hal_usart_read
    test.o(i.main) refers to drv_systick.o(i.drv_delay_ms) for drv_delay_ms
    test.o(i.main) refers to test.o(.data) for rx_buff
    drv_clock.o(i.drv_clock_init) refers to drv_clock.o(i.drv_rcc_register_reset) for drv_rcc_register_reset
    drv_clock.o(i.drv_clock_init) refers to drv_clock.o(i.set_sys_clk_to_HSE) for set_sys_clk_to_HSE
    drv_clock.o(i.drv_clock_init) refers to drv_clock.o(i.set_sys_clk_to_HSI) for set_sys_clk_to_HSI
    drv_clock.o(i.drv_clock_init) refers to drv_clock.o(.constdata) for sys_clk_freq_table
    drv_clock.o(i.drv_get_clock_freq_info) refers to drv_clock.o(.data) for s_sys_clock
    drv_clock.o(i.set_sys_clk_to_24M) refers to drv_clock.o(.data) for s_sys_clock
    drv_clock.o(i.set_sys_clk_to_36M) refers to drv_clock.o(.data) for s_sys_clock
    drv_clock.o(i.set_sys_clk_to_48M) refers to drv_clock.o(.data) for s_sys_clock
    drv_clock.o(i.set_sys_clk_to_56M) refers to drv_clock.o(.data) for s_sys_clock
    drv_clock.o(i.set_sys_clk_to_64M) refers to drv_clock.o(.data) for s_sys_clock
    drv_clock.o(i.set_sys_clk_to_72M) refers to drv_clock.o(.data) for s_sys_clock
    drv_clock.o(i.set_sys_clk_to_HSE) refers to drv_clock.o(.data) for s_sys_clock
    drv_clock.o(i.set_sys_clk_to_HSI) refers to drv_clock.o(.data) for s_sys_clock
    drv_clock.o(.constdata) refers to drv_clock.o(i.set_sys_clk_to_24M) for set_sys_clk_to_24M
    drv_clock.o(.constdata) refers to drv_clock.o(i.set_sys_clk_to_36M) for set_sys_clk_to_36M
    drv_clock.o(.constdata) refers to drv_clock.o(i.set_sys_clk_to_48M) for set_sys_clk_to_48M
    drv_clock.o(.constdata) refers to drv_clock.o(i.set_sys_clk_to_56M) for set_sys_clk_to_56M
    drv_clock.o(.constdata) refers to drv_clock.o(i.set_sys_clk_to_64M) for set_sys_clk_to_64M
    drv_clock.o(.constdata) refers to drv_clock.o(i.set_sys_clk_to_72M) for set_sys_clk_to_72M
    drv_gpio.o(i.EXTI0_IRQHandler) refers to drv_gpio.o(.data) for p_exti0_interrupt
    drv_gpio.o(i.EXTI15_10_IRQHandler) refers to drv_gpio.o(.data) for p_exti10_interrupt
    drv_gpio.o(i.EXTI1_IRQHandler) refers to drv_gpio.o(.data) for p_exti1_interrupt
    drv_gpio.o(i.EXTI2_IRQHandler) refers to drv_gpio.o(.data) for p_exti2_interrupt
    drv_gpio.o(i.EXTI3_IRQHandler) refers to drv_gpio.o(.data) for p_exti3_interrupt
    drv_gpio.o(i.EXTI4_IRQHandler) refers to drv_gpio.o(.data) for p_exti4_interrupt
    drv_gpio.o(i.EXTI9_5_IRQHandler) refers to drv_gpio.o(.data) for p_exti5_interrupt
    drv_gpio.o(i.drv_gpio_exti_isr_config) refers to drv_gpio.o(.data) for p_exti0_interrupt
    drv_gpio.o(i.drv_gpio_init) refers to drv_gpio.o(.constdata) for PORT
    drv_gpio.o(i.drv_gpio_read_bit) refers to drv_gpio.o(.constdata) for PORT
    drv_gpio.o(i.drv_gpio_read_port) refers to drv_gpio.o(.constdata) for PORT
    drv_gpio.o(i.drv_gpio_write_bit) refers to drv_gpio.o(.constdata) for PORT
    drv_gpio.o(i.drv_gpio_write_port) refers to drv_gpio.o(.constdata) for PORT
    drv_systick.o(i.drv_delay_init) refers to drv_systick.o(i.drv_systick_clk_source_config) for drv_systick_clk_source_config
    drv_systick.o(i.drv_delay_init) refers to drv_systick.o(.data) for s_sys_tick_us
    drv_systick.o(i.drv_delay_ms) refers to drv_systick.o(.data) for s_sys_tick_ms
    drv_systick.o(i.drv_delay_us) refers to drv_systick.o(.data) for s_sys_tick_us
    drv_usart.o(i.USART1_IRQHandler) refers to drv_usart.o(i.drv_get_usart_it_status) for drv_get_usart_it_status
    drv_usart.o(i.USART1_IRQHandler) refers to drv_usart.o(.data) for p_usart1_recv_interrupt
    drv_usart.o(i.USART2_IRQHandler) refers to drv_usart.o(i.drv_get_usart_it_status) for drv_get_usart_it_status
    drv_usart.o(i.USART2_IRQHandler) refers to drv_usart.o(.data) for p_usart2_recv_interrupt
    drv_usart.o(i.USART3_IRQHandler) refers to drv_usart.o(i.drv_get_usart_it_status) for drv_get_usart_it_status
    drv_usart.o(i.USART3_IRQHandler) refers to drv_usart.o(.data) for p_usart3_recv_interrupt
[...]
    .text                                    0x08000290   Section        0  exit.o(.text)
    .text                                    0x0800029c   Section        8  libspace.o(.text)
    .text                                    0x080002a4   Section        0  sys_exit.o(.text)
    .text                                    0x080002b0   Section        2  use_no_semi.o(.text)
    .text                                    0x080002b2   Section        0  indicate_semi.o(.text)
    i.ADC1_2_IRQHandler                      0x080002b4   Section        0  drv_adc.o(i.ADC1_2_IRQHandler)
    i.ADC3_IRQHandler                        0x0800038c   Section        0  drv_adc.o(i.ADC3_IRQHandler)
    i.EXTI0_IRQHandler                       0x080003fc   Section        0  drv_gpio.o(i.EXTI0_IRQHandler)
    i.EXTI15_10_IRQHandler                   0x08000420   Section        0  drv_gpio.o(i.EXTI15_10_IRQHandler)
    i.EXTI1_IRQHandler                       0x0800050c   Section        0  drv_gpio.o(i.EXTI1_IRQHandler)
    i.EXTI2_IRQHandler                       0x08000530   Section        0  drv_gpio.o(i.EXTI2_IRQHandler)
    i.EXTI3_IRQHandler                       0x08000554   Section        0  drv_gpio.o(i.EXTI3_IRQHandler)
    i.EXTI4_IRQHandler                       0x08000578   Section        0  drv_gpio.o(i.EXTI4_IRQHandler)
    i.EXTI9_5_IRQHandler                     0x0800059c   Section        0  drv_gpio.o(i.EXTI9_5_IRQHandler)
    i.SPI1_IRQHandler                        0x08000664   Section        0  drv_spi.o(i.SPI1_IRQHandler)
    i.SPI2_IRQHandler                        0x080006a0   Section        0  drv_spi.o(i.SPI2_IRQHandler)
    i.SPI3_IRQHandler                        0x080006dc   Section        0  drv_spi.o(i.SPI3_IRQHandler)
    i.TIM1_CC_IRQHandler                     0x08000718   Section        0  drv_timer.o(i.TIM1_CC_IRQHandler)
    i.TIM1_UP_IRQHandler                     0x080007ac   Section        0  drv_timer.o(i.TIM1_UP_IRQHandler)
    i.TIM2_IRQHandler                        0x080007d0   Section        0  drv_timer.o(i.TIM2_IRQHandler)
    i.TIM3_IRQHandler                        0x080008a0   Section        0  drv_timer.o(i.TIM3_IRQHandler)
    i.TIM4_IRQHandler                        0x08000958   Section        0  drv_timer.o(i.TIM4_IRQHandler)
    i.TIM5_IRQHandler                        0x08000a10   Section        0  drv_timer.o(i.TIM5_IRQHandler)
    i.TIM6_IRQHandler                        0x08000ac8   Section        0  drv_timer.o(i.TIM6_IRQHandler)
    i.TIM7_IRQHandler                        0x08000b80   Section        0  drv_timer.o(i.TIM7_IRQHandler)
    i.TIM8_CC_IRQHandler                     0x08000c44   Section        0  drv_timer.o(i.TIM8_CC_IRQHandler)
    i.TIM8_UP_IRQHandler                     0x08000ce8   Section        0  drv_timer.o(i.TIM8_UP_IRQHandler)
    i.USART1_IRQHandler                      0x08000d10   Section        0  drv_usart.o(i.USART1_IRQHandler)
    i.USART2_IRQHandler                      0x08000d58   Section        0  drv_usart.o(i.USART2_IRQHandler)
    i.USART3_IRQHandler                      0x08000da0   Section        0  drv_usart.o(i.USART3_IRQHandler)
    i.adc_dac_test                           0x08000de8   Section        0  adc_dac_test_demo.o(i.adc_dac_test)
    i.adc_result_response                    0x08000dfc   Section        0  adc_dac_test_demo.o(i.adc_result_response)
    i.drv_adc_channel_cmd                    0x08000e5c   Section        0  drv_adc.o(i.drv_adc_channel_cmd)
    i.drv_adc_channel_convert                0x08000e90   Section        0  drv_adc.o(i.drv_adc_channel_convert)
    i.drv_adc_clear_it_flag                  0x08000f48   Section        0  drv_adc.o(i.drv_adc_clear_it_flag)
    i.drv_adc_init                           0x08000f94   Section        0  drv_adc.o(i.drv_adc_init)
    i.drv_adc_isr_config                     0x08001134   Section        0  drv_adc.o(i.drv_adc_isr_config)
    i.drv_adc_it_config                      0x080011b8   Section        0  drv_adc.o(i.drv_adc_it_config)
    i.drv_adc_read                           0x080011f8   Section        0  drv_adc.o(i.drv_adc_read)
    i.drv_adc_reset_calibration              0x0800120c   Section        0  drv_adc.o(i.drv_adc_reset_calibration)
    i.drv_adc_start_calibration              0x08001238   Section        0  drv_adc.o(i.drv_adc_start_calibration)
    i.drv_clock_init                         0x08001264   Section        0  drv_clock.o(i.drv_clock_init)
    i.drv_dac_cmd                            0x08001348   Section        0  drv_dac.o(i.drv_dac_cmd)
    i.drv_dac_init                           0x08001398   Section        0  drv_dac.o(i.drv_dac_init)
    i.drv_dac_set_vol                        0x080013fc   Section        0  drv_dac.o(i.drv_dac_set_vol)
    i.drv_delay_init                         0x0800143c   Section        0  drv_systick.o(i.drv_delay_init)
    i.drv_delay_ms                           0x08001478   Section        0  drv_systick.o(i.drv_delay_ms)
    i.drv_delay_us                           0x080014b4   Section        0  drv_systick.o(i.drv_delay_us)
    i.drv_get_clock_freq_info                0x080014f0   Section        0  drv_clock.o(i.drv_get_clock_freq_info)
    i.drv_get_timer_cap_value                0x08001564   Section        0  drv_timer.o(i.drv_get_timer_cap_value)
    i.drv_get_usart_it_status                0x080015a0   Section        0  drv_usart.o(i.drv_get_usart_it_status)
    i.drv_gpio_init                          0x0800161c   Section        0  drv_gpio.o(i.drv_gpio_init)
    i.drv_gpio_read_bit                      0x08001774   Section        0  drv_gpio.o(i.drv_gpio_read_bit)
    i.drv_gpio_write_bit                     0x08001790   Section        0  drv_gpio.o(i.drv_gpio_write_bit)
    i.drv_iic_ack_signal                     0x080017c4   Section        0  drv_simulation_iic.o(i.drv_iic_ack_signal)
    i.drv_iic_no_ack_signal                  0x080017fc   Section        0  drv_simulation_iic.o(i.drv_iic_no_ack_signal)
    i.drv_iic_receive_byte                   0x08001834   Section        0  drv_simulation_iic.o(i.drv_iic_receive_byte)
    i.drv_iic_scl_reset                      0x080018b0   Section        0  drv_simulation_iic.o(i.drv_iic_scl_reset)
    drv_iic_scl_reset                        0x080018b1   Thumb Code    18  drv_simulation_iic.o(i.drv_iic_scl_reset)
    i.drv_iic_scl_set                        0x080018cc   Section        0  drv_simulation_iic.o(i.drv_iic_scl_set)
    drv_iic_scl_set                          0x080018cd   Thumb Code    18  drv_simulation_iic.o(i.drv_iic_scl_set)
    i.drv_iic_sda_reset                      0x080018e8   Section        0  drv_simulation_iic.o(i.drv_iic_sda_reset)
    drv_iic_sda_reset                        0x080018e9   Thumb Code    18  drv_simulation_iic.o(i.drv_iic_sda_reset)
    i.drv_iic_sda_set                        0x08001904   Section        0  drv_simulation_iic.o(i.drv_iic_sda_set)
    drv_iic_sda_set                          0x08001905   Thumb Code    18  drv_simulation_iic.o(i.drv_iic_sda_set)
    i.drv_iic_send_byte                      0x08001920   Section        0  drv_simulation_iic.o(i.drv_iic_send_byte)
    i.drv_iic_simulation_init                0x08001988   Section        0  drv_simulation_iic.o(i.drv_iic_simulation_init)
    i.drv_iic_start_signal                   0x08001a3c   Section        0  drv_simulation_iic.o(i.drv_iic_start_signal)
    i.drv_iic_stop_signal                    0x08001a70   Section        0  drv_simulation_iic.o(i.drv_iic_stop_signal)
    i.drv_iic_wait_ack_signal                0x08001aa0   Section        0  drv_simulation_iic.o(i.drv_iic_wait_ack_signal)
    i.drv_iwdg_feed                          0x08001afc   Section        0  drv_iwdg.o(i.drv_iwdg_feed)
    i.drv_iwdg_init                          0x08001b0c   Section        0  drv_iwdg.o(i.drv_iwdg_init)
    i.drv_nvic_init                          0x08001c20   Section        0  drv_nvic.o(i.drv_nvic_init)
    i.drv_nvic_priority_group_config         0x08001c90   Section        0  drv_nvic.o(i.drv_nvic_priority_group_config)
    i.drv_rcc_register_reset                 0x08001ca4   Section        0  drv_clock.o(i.drv_rcc_register_reset)
    i.drv_sda_dir_set                        0x08001d00   Section        0  drv_simulation_iic.o(i.drv_sda_dir_set)
    drv_sda_dir_set                          0x08001d01   Thumb Code    34  drv_simulation_iic.o(i.drv_sda_dir_set)
    i.drv_set_duty_cycle                     0x08001d28   Section        0  drv_timer.o(i.drv_set_duty_cycle)
    i.drv_set_timer_cap_edge                 0x08001d7c   Section        0  drv_timer.o(i.drv_set_timer_cap_edge)
    i.drv_systick_clk_source_config          0x08001e34   Section        0  drv_systick.o(i.drv_systick_clk_source_config)
    i.drv_timer_cap_init                     0x08001e5c   Section        0  drv_timer.o(i.drv_timer_cap_init)
    i.drv_timer_cmd                          0x080021f0   Section        0  drv_timer.o(i.drv_timer_cmd)
    i.drv_timer_init                         0x08002224   Section        0  drv_timer.o(i.drv_timer_init)
    i.drv_timer_isr_config                   0x08002274   Section        0  drv_timer.o(i.drv_timer_isr_config)
    i.drv_timer_it_config                    0x080022dc   Section        0  drv_timer.o(i.drv_timer_it_config)
    i.drv_timer_pwm_init                     0x08002318   Section        0  drv_timer.o(i.drv_timer_pwm_init)
    i.drv_usart_cmd                          0x0800264c   Section        0  drv_usart.o(i.drv_usart_cmd)
    i.drv_usart_init                         0x08002680   Section        0  drv_usart.o(i.drv_usart_init)
    i.drv_usart_isr_config                   0x08002808   Section        0  drv_usart.o(i.drv_usart_isr_config)
    i.drv_usart_it_config                    0x08002890   Section        0  drv_usart.o(i.drv_usart_it_config)
    i.drv_usart_receive                      0x0800294c   Section        0  drv_usart.o(i.drv_usart_receive)
    i.drv_usart_send                         0x08002960   Section        0  drv_usart.o(i.drv_usart_send)
    i.hal_adc_complete_isr                   0x08002974   Section        0  hal_adc.o(i.hal_adc_complete_isr)
    hal_adc_complete_isr                     0x08002975   Thumb Code   116  hal_adc.o(i.hal_adc_complete_isr)
    i.hal_adc_init                           0x080029f4   Section        0  hal_adc.o(i.hal_adc_init)
    i.hal_adc_sequence_trigger               0x08002a50   Section        0  hal_adc.o(i.hal_adc_sequence_trigger)
    i.hal_adc_signal_get                     0x08002a9c   Section        0  hal_adc.o(i.hal_adc_signal_get)
    i.hal_ai_read                            0x08002aac   Section        0  hal_adc.o(i.hal_ai_read)
    i.hal_clock_init                         0x08002aec   Section        0  hal_clock.o(i.hal_clock_init)
    i.hal_dac_init                           0x08002b08   Section        0  hal_dac.o(i.hal_dac_init)
    i.hal_delay_init                         0x08002b48   Section        0  hal_systick.o(i.hal_delay_init)
    i.hal_di_input                           0x08002b54   Section        0  hal_gpio.o(i.hal_di_input)
    i.hal_di_read_signal                     0x08002c20   Section        0  hal_gpio.o(i.hal_di_read_signal)
    i.hal_dio_init_signal                    0x08002c7c   Section        0  hal_gpio.o(i.hal_dio_init_signal)
    hal_dio_init_signal                      0x08002c7d   Thumb Code    74  hal_gpio.o(i.hal_dio_init_signal)
    i.hal_do_output                          0x08002ccc   Section        0  hal_gpio.o(i.hal_do_output)
    i.hal_do_write_signal                    0x08002cf4   Section        0  hal_gpio.o(i.hal_do_write_signal)
    i.hal_eeprom_24c02_read                  0x08002d38   Section        0  hal_eeprom_24c02.o(i.hal_eeprom_24c02_read)
    i.hal_eeprom_24c02_write                 0x08002de6   Section        0  hal_eeprom_24c02.o(i.hal_eeprom_24c02_write)
    i.hal_get_clock_freq_info                0x08002ed2   Section        0  hal_clock.o(i.hal_get_clock_freq_info)
    i.hal_get_high_time                      0x08002ee0   Section        0  hal_timer.o(i.hal_get_high_time)
    i.hal_get_pwm_period                     0x08002eec   Section        0  hal_timer.o(i.hal_get_pwm_period)
    i.hal_gpio_init                          0x08002ef8   Section        0  hal_gpio.o(i.hal_gpio_init)
    i.hal_init                               0x08002f14   Section        0  hal.o(i.hal_init)
    i.hal_nvic_init                          0x08002f5c   Section        0  hal_nvic.o(i.hal_nvic_init)
    i.hal_set_vol_for_12b                    0x08002fac   Section        0  hal_dac.o(i.hal_set_vol_for_12b)
    i.hal_simulation_iic_init                0x08003008   Section        0  hal_simulation_iic.o(i.hal_simulation_iic_init)
    i.hal_tim2_cc1_isr                       0x08003050   Section        0  hal_timer.o(i.hal_tim2_cc1_isr)
    hal_tim2_cc1_isr                         0x08003051   Thumb Code   280  hal_timer.o(i.hal_tim2_cc1_isr)
    i.hal_tim2_overflow_isr                  0x08003188   Section        0  hal_timer.o(i.hal_tim2_overflow_isr)
    hal_tim2_overflow_isr                    0x08003189   Thumb Code    12  hal_timer.o(i.hal_tim2_overflow_isr)
    i.hal_tim3_over_flow_isr                 0x08003198   Section        0  hal_timer.o(i.hal_tim3_over_flow_isr)
    hal_tim3_over_flow_isr                   0x08003199   Thumb Code    24  hal_timer.o(i.hal_tim3_over_flow_isr)
    i.hal_timer_cap_init                     0x080031b4   Section        0  hal_timer.o(i.hal_timer_cap_init)
    i.hal_timer_init                         0x08003224   Section        0  hal_timer.o(i.hal_timer_init)
    i.hal_timer_pwm_init                     0x08003258   Section        0  hal_timer.o(i.hal_timer_pwm_init)
    i.hal_usart1_rx_isr                      0x08003296   Section        0  hal_usart.o(i.hal_usart1_rx_isr)
    hal_usart1_rx_isr                        0x08003297   Thumb Code    10  hal_usart.o(i.hal_usart1_rx_isr)
    i.hal_usart1_tx_isr                      0x080032a0   Section        0  hal_usart.o(i.hal_usart1_tx_isr)
    hal_usart1_tx_isr                        0x080032a1   Thumb Code    10  hal_usart.o(i.hal_usart1_tx_isr)
    i.hal_usart2_rx_isr                      0x080032aa   Section        0  hal_usart.o(i.hal_usart2_rx_isr)
    hal_usart2_rx_isr                        0x080032ab   Thumb Code    10  hal_usart.o(i.hal_usart2_rx_isr)
    i.hal_usart2_tx_isr                      0x080032b4   Section        0  hal_usart.o(i.hal_usart2_tx_isr)
    hal_usart2_tx_isr                        0x080032b5   Thumb Code    10  hal_usart.o(i.hal_usart2_tx_isr)
    i.hal_usart3_rx_isr                      0x080032be   Section        0  hal_usart.o(i.hal_usart3_rx_isr)
    hal_usart3_rx_isr                        0x080032bf   Thumb Code    10  hal_usart.o(i.hal_usart3_rx_isr)
    i.hal_usart3_tx_isr                      0x080032c8   Section        0  hal_usart.o(i.hal_usart3_tx_isr)
    hal_usart3_tx_isr                        0x080032c9   Thumb Code    10  hal_usart.o(i.hal_usart3_tx_isr)
    i.hal_usart4_rx_isr                      0x080032d2   Section        0  hal_usart.o(i.hal_usart4_rx_isr)
    hal_usart4_rx_isr                        0x080032d3   Thumb Code    10  hal_usart.o(i.hal_usart4_rx_isr)
    i.hal_usart4_tx_isr                      0x080032dc   Section        0  hal_usart.o(i.hal_usart4_tx_isr)
    hal_usart4_tx_isr                        0x080032dd   Thumb Code    10  hal_usart.o(i.hal_usart4_tx_isr)
    i.hal_usart5_rx_isr                      0x080032e6   Section        0  hal_usart.o(i.hal_usart5_rx_isr)
    hal_usart5_rx_isr                        0x080032e7   Thumb Code    10  hal_usart.o(i.hal_usart5_rx_isr)
    i.hal_usart5_tx_isr                      0x080032f0   Section        0  hal_usart.o(i.hal_usart5_tx_isr)
    hal_usart5_tx_isr                        0x080032f1   Thumb Code    10  hal_usart.o(i.hal_usart5_tx_isr)
    i.hal_usart_init                         0x080032fc   Section        0  hal_usart.o(i.hal_usart_init)
    i.hal_usart_read                         0x08003348   Section        0  hal_usart.o(i.hal_usart_read)
    i.hal_usart_rx_isr                       0x080033e8   Section        0  hal_usart.o(i.hal_usart_rx_isr)
    hal_usart_rx_isr                         0x080033e9   Thumb Code   164  hal_usart.o(i.hal_usart_rx_isr)
    i.hal_usart_send                         0x08003490   Section        0  hal_usart.o(i.hal_usart_send)
    i.hal_usart_tx_isr                       0x08003574   Section        0  hal_usart.o(i.hal_usart_tx_isr)
    hal_usart_tx_isr                         0x08003575   Thumb Code   132  hal_usart.o(i.hal_usart_tx_isr)
    i.hal_watchdog_feed                      0x080035fc   Section        0  hal_iwdg.o(i.hal_watchdog_feed)
    i.hal_watchdog_init                      0x08003604   Section        0  hal_iwdg.o(i.hal_watchdog_init)
    i.main                                   0x08003610   Section        0  test.o(i.main)
    i.send_mcu_version_info                  0x08003654   Section        0  eeprom_24c02_test_demo.o(i.send_mcu_version_info)
    i.send_pwm_info                          0x08003684   Section        0  input_cap_test_demo.o(i.send_pwm_info)
    i.set_sys_clk_to_24M                     0x08003744   Section        0  drv_clock.o(i.set_sys_clk_to_24M)
    set_sys_clk_to_24M                       0x08003745   Thumb Code   174  drv_clock.o(i.set_sys_clk_to_24M)
    i.set_sys_clk_to_36M                     0x08003804   Section        0  drv_clock.o(i.set_sys_clk_to_36M)
    set_sys_clk_to_36M                       0x08003805   Thumb Code   178  drv_clock.o(i.set_sys_clk_to_36M)
    i.set_sys_clk_to_48M                     0x080038c8   Section        0  drv_clock.o(i.set_sys_clk_to_48M)
    set_sys_clk_to_48M                       0x080038c9   Thumb Code   182  drv_clock.o(i.set_sys_clk_to_48M)
    i.set_sys_clk_to_56M                     0x08003990   Section        0  drv_clock.o(i.set_sys_clk_to_56M)
    set_sys_clk_to_56M                       0x08003991   Thumb Code   182  drv_clock.o(i.set_sys_clk_to_56M)
    i.set_sys_clk_to_64M                     0x08003a58   Section        0  drv_clock.o(i.set_sys_clk_to_64M)
    set_sys_clk_to_64M                       0x08003a59   Thumb Code   182  drv_clock.o(i.set_sys_clk_to_64M)
    i.set_sys_clk_to_72M                     0x08003b20   Section        0  drv_clock.o(i.set_sys_clk_to_72M)
    set_sys_clk_to_72M                       0x08003b21   Thumb Code   144  drv_clock.o(i.set_sys_clk_to_72M)
    i.set_sys_clk_to_HSE                     0x08003bc0   Section        0  drv_clock.o(i.set_sys_clk_to_HSE)
    set_sys_clk_to_HSE                       0x08003bc1   Thumb Code   174  drv_clock.o(i.set_sys_clk_to_HSE)
    i.set_sys_clk_to_HSI                     0x08003c80   Section        0  drv_clock.o(i.set_sys_clk_to_HSI)
    set_sys_clk_to_HSI                       0x08003c81   Thumb Code   166  drv_clock.o(i.set_sys_clk_to_HSI)
    i.sync_mcu_version_info                  0x08003d38   Section        0  eeprom_24c02_test_demo.o(i.sync_mcu_version_info)
    i.test_key                               0x08003d80   Section        0  gpio_test_demo.o(i.test_key)
    x$fpl$d2f                                0x08003dac   Section       98  d2f.o(x$fpl$d2f)
    x$fpl$ddiv                               0x08003e10   Section      688  ddiv.o(x$fpl$ddiv)
    ddiv_entry                               0x08003e17   Thumb Code     0  ddiv.o(x$fpl$ddiv)
    x$fpl$dnaninf                            0x080040c0   Section      156  dnaninf.o(x$fpl$dnaninf)
    x$fpl$dretinf                            0x0800415c   Section       12  dretinf.o(x$fpl$dretinf)
    x$fpl$f2d                                0x08004168   Section       86  f2d.o(x$fpl$f2d)
    x$fpl$fadd                               0x080041c0   Section      196  faddsub_clz.o(x$fpl$fadd)
    _fadd1                                   0x080041cf   Thumb Code     0  faddsub_clz.o(x$fpl$fadd)
    x$fpl$fdiv                               0x08004284   Section      388  fdiv.o(x$fpl$fdiv)
    _fdiv1                                   0x08004285   Thumb Code     0  fdiv.o(x$fpl$fdiv)
    x$fpl$ffixu                              0x08004408   Section       62  ffixu.o(x$fpl$ffixu)
    x$fpl$ffltu                              0x08004448   Section       38  fflt_clz.o(x$fpl$ffltu)
    x$fpl$fmul                               0x08004470   Section      258  fmul.o(x$fpl$fmul)
    x$fpl$fnaninf                            0x08004572   Section      140  fnaninf.o(x$fpl$fnaninf)
    x$fpl$fretinf                            0x080045fe   Section       10  fretinf.o(x$fpl$fretinf)
    x$fpl$frsb                               0x08004608   Section       20  faddsub_clz.o(x$fpl$frsb)
    x$fpl$fsub                               0x0800461c   Section      234  faddsub_clz.o(x$fpl$fsub)
    _fsub1                                   0x0800462b   Thumb Code     0  faddsub_clz.o(x$fpl$fsub)
    x$fpl$usenofp                            0x08004706   Section        0  usenofp.o(x$fpl$usenofp)
    .constdata                               0x08004708   Section       24  drv_clock.o(.constdata)
    .constdata                               0x08004720   Section       28  drv_gpio.o(.constdata)
    PORT                                     0x08004720   Data          28  drv_gpio.o(.constdata)
    .constdata                               0x0800473c   Section       20  drv_usart.o(.constdata)
    USART_ARRAY                              0x0800473c   Data          20  drv_usart.o(.constdata)
    .constdata                               0x08004750   Section       32  drv_timer.o(.constdata)
    TIMER_ARRAY_MAP                          0x08004750   Data          32  drv_timer.o(.constdata)
    .constdata                               0x08004770   Section       12  drv_adc.o(.constdata)
    ADC_MAP                                  0x08004770   Data          12  drv_adc.o(.constdata)
    .constdata                               0x0800477c   Section      100  hal_gpio.o(.constdata)
    io_config_array                          0x0800477c   Data          84  hal_gpio.o(.constdata)
    digital_output_cfg_array                 0x080047d0   Data          16  hal_gpio.o(.constdata)
    .constdata                               0x080047e0   Section      120  hal_usart.o(.constdata)
    usart_init_struct                        0x080047e0   Data          80  hal_usart.o(.constdata)
    usart_isr_table                          0x08004830   Data          40  hal_usart.o(.constdata)
    .constdata                               0x08004858   Section       16  hal_nvic.o(.constdata)
    nvic_config_array                        0x08004858   Data          16  hal_nvic.o(.constdata)
    .data                                    0x20000000   Section       10  test.o(.data)
    .data                                    0x2000000c   Section       32  drv_clock.o(.data)
    s_sys_clock                              0x2000000c   Data           4  drv_clock.o(.data)
    AHBPrescTable                            0x20000010   Data          16  drv_clock.o(.data)
    APBPrescTable                            0x20000020   Data           8  drv_clock.o(.data)
    ADCPrescTable                            0x20000028   Data           4  drv_clock.o(.data)
    .data                                    0x2000002c   Section       64  drv_gpio.o(.data)
    p_exti0_interrupt                        0x2000002c   Data           4  drv_gpio.o(.data)
    p_exti1_interrupt                        0x20000030   Data           4  drv_gpio.o(.data)
    p_exti2_interrupt                        0x20000034   Data           4  drv_gpio.o(.data)
    p_exti3_interrupt                        0x20000038   Data           4  drv_gpio.o(.data)
    p_exti4_interrupt                        0x2000003c   Data           4  drv_gpio.o(.data)
    p_exti5_interrupt                        0x20000040   Data           4  drv_gpio.o(.data)
    p_exti6_interrupt                        0x20000044   Data           4  drv_gpio.o(.data)
    p_exti7_interrupt                        0x20000048   Data           4  drv_gpio.o(.data)
    p_exti8_interrupt                        0x2000004c   Data           4  drv_gpio.o(.data)
    p_exti9_interrupt                        0x20000050   Data           4  drv_gpio.o(.data)
    p_exti10_interrupt                       0x20000054   Data           4  drv_gpio.o(.data)
    p_exti11_interrupt                       0x20000058   Data           4  drv_gpio.o(.data)
    p_exti12_interrupt                       0x2000005c   Data           4  drv_gpio.o(.data)
    p_exti13_interrupt                       0x20000060   Data           4  drv_gpio.o(.data)
    p_exti14_interrupt                       0x20000064   Data           4  drv_gpio.o(.data)
    p_exti15_interrupt                       0x20000068   Data           4  drv_gpio.o(.data)
    .data                                    0x2000006c   Section        4  drv_systick.o(.data)
    s_sys_tick_us                            0x2000006c   Data           1  drv_systick.o(.data)
    s_sys_tick_ms                            0x2000006e   Data           2  drv_systick.o(.data)
    .data                                    0x20000070   Section       40  drv_usart.o(.data)
    p_usart1_recv_interrupt                  0x20000070   Data           4  drv_usart.o(.data)
    p_usart1_send_interrupt                  0x20000074   Data           4  drv_usart.o(.data)
    p_usart2_recv_interrupt                  0x20000078   Data           4  drv_usart.o(.data)
    p_usart2_send_interrupt                  0x2000007c   Data           4  drv_usart.o(.data)
    p_usart3_recv_interrupt                  0x20000080   Data           4  drv_usart.o(.data)
    p_usart3_send_interrupt                  0x20000084   Data           4  drv_usart.o(.data)
    p_usart4_recv_interrupt                  0x20000088   Data           4  drv_usart.o(.data)
    p_usart4_send_interrupt                  0x2000008c   Data           4  drv_usart.o(.data)
    p_usart5_recv_interrupt                  0x20000090   Data           4  drv_usart.o(.data)
    p_usart5_send_interrupt                  0x20000094   Data           4  drv_usart.o(.data)
    .data                                    0x20000098   Section       36  drv_adc.o(.data)
    p_adc1_eoc_interrupt                     0x20000098   Data           4  drv_adc.o(.data)
    p_adc1_jeoc_interrupt                    0x2000009c   Data           4  drv_adc.o(.data)
    p_adc1_awd_interrupt                     0x200000a0   Data           4  drv_adc.o(.data)
    p_adc2_eoc_interrupt                     0x200000a4   Data           4  drv_adc.o(.data)
    p_adc2_jeoc_interrupt                    0x200000a8   Data           4  drv_adc.o(.data)
    p_adc2_awd_interrupt                     0x200000ac   Data           4  drv_adc.o(.data)
    p_adc3_eoc_interrupt                     0x200000b0   Data           4  drv_adc.o(.data)
    p_adc3_jeoc_interrupt                    0x200000b4   Data           4  drv_adc.o(.data)
    p_adc3_awd_interrupt                     0x200000b8   Data           4  drv_adc.o(.data)
    .data                                    0x200000bc   Section       24  drv_simulation_iic.o(.data)
    s_su_sta_time                            0x200000bc   Data           1  drv_simulation_iic.o(.data)
    s_hd_sta_time                            0x200000bd   Data           1  drv_simulation_iic.o(.data)
    s_low_time                               0x200000be   Data           1  drv_simulation_iic.o(.data)
    s_high_time                              0x200000bf   Data           1  drv_simulation_iic.o(.data)
    s_su_sto_time                            0x200000c0   Data           1  drv_simulation_iic.o(.data)
    s_aa_time                                0x200000c1   Data           1  drv_simulation_iic.o(.data)
    s_sda_port                               0x200000c2   Data           1  drv_simulation_iic.o(.data)
    s_scl_port                               0x200000c3   Data           1  drv_simulation_iic.o(.data)
    s_sda_pin                                0x200000c4   Data           2  drv_simulation_iic.o(.data)
    s_scl_pin                                0x200000c6   Data           2  drv_simulation_iic.o(.data)
    s_gpio_sda_init                          0x200000c8   Data           6  drv_simulation_iic.o(.data)
    s_gpio_scl_init                          0x200000ce   Data           6  drv_simulation_iic.o(.data)
    .data                                    0x200000d4   Section       24  drv_spi.o(.data)
    p_spi1_recv_interrupt                    0x200000d4   Data           4  drv_spi.o(.data)
    p_spi1_send_interrupt                    0x200000d8   Data           4  drv_spi.o(.data)
    p_spi2_recv_interrupt                    0x200000dc   Data           4  drv_spi.o(.data)
    p_spi2_send_interrupt                    0x200000e0   Data           4  drv_spi.o(.data)
    p_spi3_recv_interrupt                    0x200000e4   Data           4  drv_spi.o(.data)
    p_spi3_send_interrupt                    0x200000e8   Data           4  drv_spi.o(.data)
    .data                                    0x200000ec   Section       44  hal_gpio.o(.data)
    digital_input_cfg_array                  0x200000f4   Data          36  hal_gpio.o(.data)
    .data                                    0x20000118   Section       26  hal_timer.o(.data)
    over_flow_count                          0x20000118   Data           4  hal_timer.o(.data)
    high_time                                0x2000011c   Data           4  hal_timer.o(.data)
    period                                   0x20000120   Data           4  hal_timer.o(.data)
    step                                     0x20000124   Data           1  hal_timer.o(.data)
    step0_overflow_count                     0x20000128   Data           4  hal_timer.o(.data)
    tem_up_1                                 0x2000012c   Data           2  hal_timer.o(.data)
    tem_up_2                                 0x2000012e   Data           2  hal_timer.o(.data)
    tem_fall                                 0x20000130   Data           2  hal_timer.o(.data)
    .data                                    0x20000132   Section       18  hal_adc.o(.data)
    convert_complete                         0x20000132   Data           1  hal_adc.o(.data)
    cur_convert                              0x20000133   Data           1  hal_adc.o(.data)
    s_adc_ele_current                        0x20000134   Data           4  hal_adc.o(.data)
    ai_signal_array                          0x20000138   Data          12  hal_adc.o(.data)
    .data                                    0x20000144   Section        1  adc_dac_test_demo.o(.data)
    i                                        0x20000144   Data           1  adc_dac_test_demo.o(.data)
    .data                                    0x20000145   Section       13  eeprom_24c02_test_demo.o(.data)
    i                                        0x20000151   Data           1  eeprom_24c02_test_demo.o(.data)
    .data                                    0x20000152   Section        1  input_cap_test_demo.o(.data)
    i                                        0x20000152   Data           1  input_cap_test_demo.o(.data)
    .bss                                     0x20000154   Section      160  drv_timer.o(.bss)
    p_callback_array                         0x20000154   Data         160  drv_timer.o(.bss)
    .bss                                     0x200001f4   Section       20  hal.o(.bss)
    .bss                                     0x20000208   Section      660  hal_usart.o(.bss)
    usart_receive_q                          0x20000208   Data         330  hal_usart.o(.bss)
    usart_transmit_q                         0x20000352   Data         330  hal_usart.o(.bss)
    .bss                                     0x2000049c   Section       96  libspace.o(.bss)
    HEAP                                     0x20000500   Section        0  startup_stm32f10x_hd.o(HEAP)
    STACK                                    0x20000500   Section     1024  startup_stm32f10x_hd.o(STACK)
    Heap_Mem                                 0x20000500   Data           0  startup_stm32f10x_hd.o(HEAP)
    Stack_Mem                                0x20000500   Data        1024  startup_stm32f10x_hd.o(STACK)
    __initial_sp                             0x20000900   Data           0  startup_stm32f10x_hd.o(STACK)

    Global Symbols

    Symbol Name                              Value     Ov Type        Size  Object(Section)

    BuildAttributes$$THM_ISAv4$P$D$K$B$S$PE$A:L22UL41UL21$X:L11$S22US41US21$IEEE1$IW$USESV6$~STKCKD$USESV7$~SHL$OSPACE$ROPI$EBA8$UX$STANDARDLIB$REQ8$PRES8$EABIv2 0x00000000   Number         0  anon$$obj.o ABSOLUTE
    __ARM_use_no_argv                        0x00000000   Number         0  test.o ABSOLUTE
    __ARM_exceptions_init                     - Undefined Weak Reference
    __alloca_initialize                       - Undefined Weak Reference
    __arm_preinit_                            - Undefined Weak Reference
    __cpp_initialize__aeabi_                  - Undefined Weak Reference
    __cxa_finalize                            - Undefined Weak Reference
    __rt_locale                               - Undefined Weak Reference
    __sigvec_lookup                           - Undefined Weak Reference
    _atexit_init                              - Undefined Weak Reference
    _call_atexit_fns                          - Undefined Weak Reference
    _clock_init                               - Undefined Weak Reference
    _fp_trap_init                             - Undefined Weak Reference
    _fp_trap_shutdown                         - Undefined Weak Reference
    _get_lc_collate                           - Undefined Weak Reference
    _get_lc_ctype                             - Undefined Weak Reference
    _get_lc_monetary                          - Undefined Weak Reference
    _get_lc_numeric                           - Undefined Weak Reference
    _get_lc_time                              - Undefined Weak Reference
    _getenv_init                              - Undefined Weak Reference
    _handle_redirection                       - Undefined Weak Reference
    _init_alloc                               - Undefined Weak Reference
    _init_user_alloc                          - Undefined Weak Reference
    _initio                                   - Undefined Weak Reference
    _rand_init                                - Undefined Weak Reference
    _signal_finish                            - Undefined Weak Reference
    _signal_init                              - Undefined Weak Reference
    _terminate_alloc                          - Undefined Weak Reference
    _terminate_user_alloc                     - Undefined Weak Reference
    _terminateio                              - Undefined Weak Reference
    __Vectors_Size                           0x00000130   Number         0  startup_stm32f10x_hd.o ABSOLUTE
    __Vectors                                0x08000000   Data           4  startup_stm32f10x_hd.o(RESET)
    __Vectors_End                            0x08000130   Data           0  startup_stm32f10x_hd.o(RESET)
    __main                                   0x08000131   Thumb Code     8  __main.o(!!!main)
    __scatterload                            0x08000139   Thumb Code     0  __scatter.o(!!!scatter)
    __scatterload_rt2                        0x08000139   Thumb Code    44  __scatter.o(!!!scatter)
    __scatterload_rt2_thumb_only             0x08000139   Thumb Code     0  __scatter.o(!!!scatter)
    __scatterload_null                       0x08000147   Thumb Code     0  __scatter.o(!!!scatter)
    __decompress                             0x0800016d   Thumb Code    90  __dczerorl2.o(!!dczerorl2)
    __decompress1                            0x0800016d   Thumb Code     0  __dczerorl2.o(!!dczerorl2)
    __scatterload_zeroinit                   0x080001c9   Thumb Code    28  __scatter_zi.o(!!handler_zi)
    __rt_lib_init                            0x080001e5   Thumb Code     0  libinit.o(.ARM.Collect$$libinit$$00000000)
    __rt_lib_init_alloca_1                   0x080001e7   Thumb Code     0  libinit2.o(.ARM.Collect$$libinit$$0000002E)
    __rt_lib_init_argv_1                     0x080001e7   Thumb Code     0  libinit2.o(.ARM.Collect$$libinit$$0000002C)
    __rt_lib_init_atexit_1                   0x080001e7   Thumb Code     0  libinit2.o(.ARM.Collect$$libinit$$0000001B)
    __rt_lib_init_clock_1                    0x080001e7   Thumb Code     0  libinit2.o(.ARM.Collect$$libinit$$00000021)
    __rt_lib_init_cpp_1                      0x080001e7   Thumb Code     0  libinit2.o(.ARM.Collect$$libinit$$00000032)
    __rt_lib_init_exceptions_1               0x080001e7   Thumb Code     0  libinit2.o(.ARM.Collect$$libinit$$00000030)
    __rt_lib_init_fp_1                       0x080001e7   Thumb Code     0  libinit2.o(.ARM.Collect$$libinit$$00000002)
    __rt_lib_init_fp_trap_1                  0x080001e7   Thumb Code     0  libinit2.o(.ARM.Collect$$libinit$$0000001F)
    __rt_lib_init_getenv_1                   0x080001e7   Thumb Code     0  libinit2.o(.ARM.Collect$$libinit$$00000023)
    __rt_lib_init_heap_1                     0x080001e7   Thumb Code     0  libinit2.o(.ARM.Collect$$libinit$$0000000A)
    __rt_lib_init_lc_collate_1               0x080001e7   Thumb Code     0  libinit2.o(.ARM.Collect$$libinit$$00000011)
    __rt_lib_init_lc_ctype_1                 0x080001e7   Thumb Code     0  libinit2.o(.ARM.Collect$$libinit$$00000013)
    __rt_lib_init_lc_monetary_1              0x080001e7   Thumb Code     0  libinit2.o(.ARM.Collect$$libinit$$00000015)
    __rt_lib_init_lc_numeric_1               0x080001e7   Thumb Code     0  libinit2.o(.ARM.Collect$$libinit$$00000017)
    __rt_lib_init_lc_time_1                  0x080001e7   Thumb Code     0  libinit2.o(.ARM.Collect$$libinit$$00000019)
    __rt_lib_init_preinit_1                  0x080001e7   Thumb Code     0  libinit2.o(.ARM.Collect$$libinit$$00000004)
    __rt_lib_init_rand_1                     0x080001e7   Thumb Code     0  libinit2.o(.ARM.Collect$$libinit$$0000000E)
    __rt_lib_init_return                     0x080001e7   Thumb Code     0  libinit2.o(.ARM.Collect$$libinit$$00000033)
    __rt_lib_init_signal_1                   0x080001e7   Thumb Code     0  libinit2.o(.ARM.Collect$$libinit$$0000001D)
    __rt_lib_init_stdio_1                    0x080001e7   Thumb Code     0  libinit2.o(.ARM.Collect$$libinit$$00000025)
    __rt_lib_init_user_alloc_1               0x080001e7   Thumb Code     0  libinit2.o(.ARM.Collect$$libinit$$0000000C)
    __rt_lib_shutdown                        0x080001e9   Thumb Code     0  libshutdown.o(.ARM.Collect$$libshutdown$$00000000)
    __rt_lib_shutdown_fp_trap_1              0x080001eb   Thumb Code     0  libshutdown2.o(.ARM.Collect$$libshutdown$$00000006)
    __rt_lib_shutdown_heap_1                 0x080001eb   Thumb Code     0  libshutdown2.o(.ARM.Collect$$libshutdown$$0000000E)
    __rt_lib_shutdown_return                 0x080001eb   Thumb Code     0  libshutdown2.o(.ARM.Collect$$libshutdown$$0000000F)
    __rt_lib_shutdown_signal_1               0x080001eb   Thumb Code     0  libshutdown2.o(.ARM.Collect$$libshutdown$$00000009)
    __rt_lib_shutdown_stdio_1                0x080001eb   Thumb Code     0  libshutdown2.o(.ARM.Collect$$libshutdown$$00000003)
    __rt_lib_shutdown_user_alloc_1           0x080001eb   Thumb Code     0  libshutdown2.o(.ARM.Collect$$libshutdown$$0000000B)
    __rt_entry                               0x080001ed   Thumb Code     0  __rtentry.o(.ARM.Collect$$rtentry$$00000000)
    __rt_entry_presh_1                       0x080001ed   Thumb Code     0  __rtentry2.o(.ARM.Collect$$rtentry$$00000002)
    __rt_entry_sh                            0x080001ed   Thumb Code     0  __rtentry4.o(.ARM.Collect$$rtentry$$00000004)
    __rt_entry_li                            0x080001f3   Thumb Code     0  __rtentry2.o(.ARM.Collect$$rtentry$$0000000A)
    __rt_entry_postsh_1                      0x080001f3   Thumb Code     0  __rtentry2.o(.ARM.Collect$$rtentry$$00000009)
    __rt_entry_main                          0x080001f7   Thumb Code     0  __rtentry2.o(.ARM.Collect$$rtentry$$0000000D)
    __rt_entry_postli_1                      0x080001f7   Thumb Code     0  __rtentry2.o(.ARM.Collect$$rtentry$$0000000C)
    __rt_exit                                0x080001ff   Thumb Code     0  rtexit.o(.ARM.Collect$$rtexit$$00000000)
    __rt_exit_ls                             0x08000201   Thumb Code     0  rtexit2.o(.ARM.Collect$$rtexit$$00000003)
    __rt_exit_prels_1                        0x08000201   Thumb Code     0  rtexit2.o(.ARM.Collect$$rtexit$$00000002)
    __rt_exit_exit                           0x08000205   Thumb Code     0  rtexit2.o(.ARM.Collect$$rtexit$$00000004)
    Reset_Handler                            0x0800020d   Thumb Code     4  startup_stm32f10x_hd.o(.text)
    NMI_Handler                              0x08000211   Thumb Code     2  startup_stm32f10x_hd.o(.text)
    HardFault_Handler                        0x08000213   Thumb Code     2  startup_stm32f10x_hd.o(.text)
    MemManage_Handler                        0x08000215   Thumb Code     2  startup_stm32f10x_hd.o(.text)
    BusFault_Handler                         0x08000217   Thumb Code     2  startup_stm32f10x_hd.o(.text)
    UsageFault_Handler                       0x08000219   Thumb Code     2  startup_stm32f10x_hd.o(.text)
    SVC_Handler                              0x0800021b   Thumb Code     2  startup_stm32f10x_hd.o(.text)
    DebugMon_Handler                         0x0800021d   Thumb Code     2  startup_stm32f10x_hd.o(.text)
    PendSV_Handler                           0x0800021f   Thumb Code     2  startup_stm32f10x_hd.o(.text)
    SysTick_Handler                          0x08000221   Thumb Code     2  startup_stm32f10x_hd.o(.text)
    CAN1_RX1_IRQHandler                      0x08000223   Thumb Code     0  startup_stm32f10x_hd.o(.text)
    CAN1_SCE_IRQHandler                      0x08000223   Thumb Code     0  startup_stm32f10x_hd.o(.text)
    DMA1_Channel1_IRQHandler                 0x08000223   Thumb Code     0  startup_stm32f10x_hd.o(.text)
    DMA1_Channel2_IRQHandler                 0x08000223   Thumb Code     0  startup_stm32f10x_hd.o(.text)
    DMA1_Channel3_IRQHandler                 0x08000223   Thumb Code     0  startup_stm32f10x_hd.o(.text)
    DMA1_Channel4_IRQHandler                 0x08000223   Thumb Code     0  startup_stm32f10x_hd.o(.text)
    DMA1_Channel5_IRQHandler                 0x08000223   Thumb Code     0  startup_stm32f10x_hd.o(.text)
    DMA1_Channel6_IRQHandler                 0x08000223   Thumb Code     0  startup_stm32f10x_hd.o(.text)
    DMA1_Channel7_IRQHandler                 0x08000223   Thumb Code     0  startup_stm32f10x_hd.o(.text)
    DMA2_Channel1_IRQHandler                 0x08000223   Thumb Code     0  startup_stm32f10x_hd.o(.text)
    DMA2_Channel2_IRQHandler                 0x08000223   Thumb Code     0  startup_stm32f10x_hd.o(.text)
    DMA2_Channel3_IRQHandler                 0x08000223   Thumb Code     0  startup_stm32f10x_hd.o(.text)
    DMA2_Channel4_5_IRQHandler               0x08000223   Thumb Code     0  startup_stm32f10x_hd.o(.text)
    FLASH_IRQHandler                         0x08000223   Thumb Code     0  startup_stm32f10x_hd.o(.text)
    FSMC_IRQHandler                          0x08000223   Thumb Code     0  startup_stm32f10x_hd.o(.text)
    I2C1_ER_IRQHandler                       0x08000223   Thumb Code     0  startup_stm32f10x_hd.o(.text)
    I2C1_EV_IRQHandler                       0x08000223   Thumb Code     0  startup_stm32f10x_hd.o(.text)
    I2C2_ER_IRQHandler                       0x08000223   Thumb Code     0  startup_stm32f10x_hd.o(.text)
    I2C2_EV_IRQHandler                       0x08000223   Thumb Code     0  startup_stm32f10x_hd.o(.text)
    PVD_IRQHandler                           0x08000223   Thumb Code     0  startup_stm32f10x_hd.o(.text)
    RCC_IRQHandler                           0x08000223   Thumb Code     0  startup_stm32f10x_hd.o(.text)
    RTCAlarm_IRQHandler                      0x08000223   Thumb Code     0  startup_stm32f10x_hd.o(.text)
    RTC_IRQHandler                           0x08000223   Thumb Code     0  startup_stm32f10x_hd.o(.text)
    SDIO_IRQHandler                          0x08000223   Thumb Code     0  startup_stm32f10x_hd.o(.text)
    TAMPER_IRQHandler                        0x08000223   Thumb Code     0  startup_stm32f10x_hd.o(.text)
    TIM1_BRK_IRQHandler                      0x08000223   Thumb Code     0  startup_stm32f10x_hd.o(.text)
    TIM1_TRG_COM_IRQHandler                  0x08000223   Thumb Code     0  startup_stm32f10x_hd.o(.text)
    TIM8_BRK_IRQHandler                      0x08000223   Thumb Code     0  startup_stm32f10x_hd.o(.text)
    TIM8_TRG_COM_IRQHandler                  0x08000223   Thumb Code     0  startup_stm32f10x_hd.o(.text)
    UART4_IRQHandler                         0x08000223   Thumb Code     0  startup_stm32f10x_hd.o(.text)
    UART5_IRQHandler                         0x08000223   Thumb Code     0  startup_stm32f10x_hd.o(.text)
    USBWakeUp_IRQHandler                     0x08000223   Thumb Code     0  startup_stm32f10x_hd.o(.text)
    USB_HP_CAN1_TX_IRQHandler                0x08000223   Thumb Code     0  startup_stm32f10x_hd.o(.text)
    USB_LP_CAN1_RX0_IRQHandler               0x08000223   Thumb Code     0  startup_stm32f10x_hd.o(.text)
    WWDG_IRQHandler                          0x08000223   Thumb Code     0  startup_stm32f10x_hd.o(.text)
    __user_initial_stackheap                 0x08000225   Thumb Code     0  startup_stm32f10x_hd.o(.text)
    __use_two_region_memory                  0x08000241   Thumb Code     2  heapauxi.o(.text)
    __rt_heap_escrow$2region                 0x08000243   Thumb Code     2  heapauxi.o(.text)
    __rt_heap_expand$2region                 0x08000245   Thumb Code     2  heapauxi.o(.text)
    __user_setup_stackheap                   0x08000247   Thumb Code    74  sys_stackheap_outer.o(.text)
    exit                                     0x08000291   Thumb Code    12  exit.o(.text)
    __user_libspace                          0x0800029d   Thumb Code     8  libspace.o(.text)
    __user_perproc_libspace                  0x0800029d   Thumb Code     0  libspace.o(.text)
    __user_perthread_libspace                0x0800029d   Thumb Code     0  libspace.o(.text)
    _sys_exit                                0x080002a5   Thumb Code     8  sys_exit.o(.text)
    __I$use$semihosting                      0x080002b1   Thumb Code     0  use_no_semi.o(.text)
    __use_no_semihosting_swi                 0x080002b1   Thumb Code     2  use_no_semi.o(.text)
    __semihosting_library_function           0x080002b3   Thumb Code     0  indicate_semi.o(.text)
    ADC1_2_IRQHandler                        0x080002b5   Thumb Code   184  drv_adc.o(i.ADC1_2_IRQHandler)
    ADC3_IRQHandler                          0x0800038d   Thumb Code    94  drv_adc.o(i.ADC3_IRQHandler)
    EXTI0_IRQHandler                         0x080003fd   Thumb Code    28  drv_gpio.o(i.EXTI0_IRQHandler)
    EXTI15_10_IRQHandler                     0x08000421   Thumb Code   208  drv_gpio.o(i.EXTI15_10_IRQHandler)
    EXTI1_IRQHandler                         0x0800050d   Thumb Code    28  drv_gpio.o(i.EXTI1_IRQHandler)
    EXTI2_IRQHandler                         0x08000531   Thumb Code    28  drv_gpio.o(i.EXTI2_IRQHandler)
    EXTI3_IRQHandler                         0x08000555   Thumb Code    28  drv_gpio.o(i.EXTI3_IRQHandler)
    EXTI4_IRQHandler                         0x08000579   Thumb Code    28  drv_gpio.o(i.EXTI4_IRQHandler)
    EXTI9_5_IRQHandler                       0x0800059d   Thumb Code   174  drv_gpio.o(i.EXTI9_5_IRQHandler)
    SPI1_IRQHandler                          0x08000665   Thumb Code    48  drv_spi.o(i.SPI1_IRQHandler)
    SPI2_IRQHandler                          0x080006a1   Thumb Code    48  drv_spi.o(i.SPI2_IRQHandler)
    SPI3_IRQHandler                          0x080006dd   Thumb Code    48  drv_spi.o(i.SPI3_IRQHandler)
    TIM1_CC_IRQHandler                       0x08000719   Thumb Code   140  drv_timer.o(i.TIM1_CC_IRQHandler)
    TIM1_UP_IRQHandler                       0x080007ad   Thumb Code    28  drv_timer.o(i.TIM1_UP_IRQHandler)
    TIM2_IRQHandler                          0x080007d1   Thumb Code   204  drv_timer.o(i.TIM2_IRQHandler)
    TIM3_IRQHandler                          0x080008a1   Thumb Code   174  drv_timer.o(i.TIM3_IRQHandler)
    TIM4_IRQHandler                          0x08000959   Thumb Code   174  drv_timer.o(i.TIM4_IRQHandler)
    TIM5_IRQHandler                          0x08000a11   Thumb Code   174  drv_timer.o(i.TIM5_IRQHandler)
    TIM6_IRQHandler                          0x08000ac9   Thumb Code   174  drv_timer.o(i.TIM6_IRQHandler)
    TIM7_IRQHandler                          0x08000b81   Thumb Code   188  drv_timer.o(i.TIM7_IRQHandler)
    TIM8_CC_IRQHandler                       0x08000c45   Thumb Code   156  drv_timer.o(i.TIM8_CC_IRQHandler)
    TIM8_UP_IRQHandler                       0x08000ce9   Thumb Code    32  drv_timer.o(i.TIM8_UP_IRQHandler)
    USART1_IRQHandler                        0x08000d11   Thumb Code    64  drv_usart.o(i.USART1_IRQHandler)
    USART2_IRQHandler                        0x08000d59   Thumb Code    64  drv_usart.o(i.USART2_IRQHandler)
    USART3_IRQHandler                        0x08000da1   Thumb Code    64  drv_usart.o(i.USART3_IRQHandler)
    adc_dac_test                             0x08000de9   Thumb Code    20  adc_dac_test_demo.o(i.adc_dac_test)
    adc_result_response                      0x08000dfd   Thumb Code    92  adc_dac_test_demo.o(i.adc_result_response)
    drv_adc_channel_cmd                      0x08000e5d   Thumb Code    48  drv_adc.o(i.drv_adc_channel_cmd)
    drv_adc_channel_convert                  0x08000e91   Thumb Code   180  drv_adc.o(i.drv_adc_channel_convert)
    drv_adc_clear_it_flag                    0x08000f49   Thumb Code    72  drv_adc.o(i.drv_adc_clear_it_flag)
    drv_adc_init                             0x08000f95   Thumb Code   408  drv_adc.o(i.drv_adc_init)
    drv_adc_isr_config                       0x08001135   Thumb Code    96  drv_adc.o(i.drv_adc_isr_config)
    drv_adc_it_config                        0x080011b9   Thumb Code    58  drv_adc.o(i.drv_adc_it_config)
    drv_adc_read                             0x080011f9   Thumb Code    14  drv_adc.o(i.drv_adc_read)
    drv_adc_reset_calibration                0x0800120d   Thumb Code    40  drv_adc.o(i.drv_adc_reset_calibration)
    drv_adc_start_calibration                0x08001239   Thumb Code    40  drv_adc.o(i.drv_adc_start_calibration)
    drv_clock_init                           0x08001265   Thumb Code   216  drv_clock.o(i.drv_clock_init)
    drv_dac_cmd                              0x08001349   Thumb Code    74  drv_dac.o(i.drv_dac_cmd)
    drv_dac_init                             0x08001399   Thumb Code    86  drv_dac.o(i.drv_dac_init)
    drv_dac_set_vol                          0x080013fd   Thumb Code    60  drv_dac.o(i.drv_dac_set_vol)
    drv_delay_init                           0x0800143d   Thumb Code    48  drv_systick.o(i.drv_delay_init)
    drv_delay_ms                             0x08001479   Thumb Code    56  drv_systick.o(i.drv_delay_ms)
    drv_delay_us                             0x080014b5   Thumb Code    56  drv_systick.o(i.drv_delay_us)
    drv_get_clock_freq_info                  0x080014f1   Thumb Code    94  drv_clock.o(i.drv_get_clock_freq_info)
    drv_get_timer_cap_value                  0x08001565   Thumb Code    54  drv_timer.o(i.drv_get_timer_cap_value)
    drv_get_usart_it_status                  0x080015a1   Thumb Code   120  drv_usart.o(i.drv_get_usart_it_status)
    drv_gpio_init                            0x0800161d   Thumb Code   336  drv_gpio.o(i.drv_gpio_init)
    drv_gpio_read_bit                        0x08001775   Thumb Code    24  drv_gpio.o(i.drv_gpio_read_bit)
    drv_gpio_write_bit                       0x08001791   Thumb Code    46  drv_gpio.o(i.drv_gpio_write_bit)
    drv_iic_ack_signal                       0x080017c5   Thumb Code    48  drv_simulation_iic.o(i.drv_iic_ack_signal)
    drv_iic_no_ack_signal                    0x080017fd   Thumb Code    48  drv_simulation_iic.o(i.drv_iic_no_ack_signal)
    drv_iic_receive_byte                     0x08001835   Thumb Code   106  drv_simulation_iic.o(i.drv_iic_receive_byte)
    drv_iic_send_byte                        0x08001921   Thumb Code    96  drv_simulation_iic.o(i.drv_iic_send_byte)
    drv_iic_simulation_init                  0x08001989   Thumb Code   130  drv_simulation_iic.o(i.drv_iic_simulation_init)
    drv_iic_start_signal                     0x08001a3d   Thumb Code    42  drv_simulation_iic.o(i.drv_iic_start_signal)
    drv_iic_stop_signal                      0x08001a71   Thumb Code    42  drv_simulation_iic.o(i.drv_iic_stop_signal)
    drv_iic_wait_ack_signal                  0x08001aa1   Thumb Code    80  drv_simulation_iic.o(i.drv_iic_wait_ack_signal)
    drv_iwdg_feed                            0x08001afd   Thumb Code    10  drv_iwdg.o(i.drv_iwdg_feed)
    drv_iwdg_init                            0x08001b0d   Thumb Code   270  drv_iwdg.o(i.drv_iwdg_init)
    drv_nvic_init                            0x08001c21   Thumb Code   100  drv_nvic.o(i.drv_nvic_init)
    drv_nvic_priority_group_config           0x08001c91   Thumb Code    10  drv_nvic.o(i.drv_nvic_priority_group_config)
    drv_rcc_register_reset                   0x08001ca5   Thumb Code    80  drv_clock.o(i.drv_rcc_register_reset)
    drv_set_duty_cycle                       0x08001d29   Thumb Code    80  drv_timer.o(i.drv_set_duty_cycle)
    drv_set_timer_cap_edge                   0x08001d7d   Thumb Code   180  drv_timer.o(i.drv_set_timer_cap_edge)
    drv_systick_clk_source_config            0x08001e35   Thumb Code    40  drv_systick.o(i.drv_systick_clk_source_config)
    drv_timer_cap_init                       0x08001e5d   Thumb Code   910  drv_timer.o(i.drv_timer_cap_init)
    drv_timer_cmd                            0x080021f1   Thumb Code    48  drv_timer.o(i.drv_timer_cmd)
    drv_timer_init                           0x08002225   Thumb Code    70  drv_timer.o(i.drv_timer_init)
    drv_timer_isr_config                     0x08002275   Thumb Code    98  drv_timer.o(i.drv_timer_isr_config)
    drv_timer_it_config                      0x080022dd   Thumb Code    54  drv_timer.o(i.drv_timer_it_config)
    drv_timer_pwm_init                       0x08002319   Thumb Code   816  drv_timer.o(i.drv_timer_pwm_init)
    drv_usart_cmd                            0x0800264d   Thumb Code    48  drv_usart.o(i.drv_usart_cmd)
    drv_usart_init                           0x08002681   Thumb Code   384  drv_usart.o(i.drv_usart_init)
    drv_usart_isr_config                     0x08002809   Thumb Code    94  drv_usart.o(i.drv_usart_isr_config)
    drv_usart_it_config                      0x08002891   Thumb Code   184  drv_usart.o(i.drv_usart_it_config)
    drv_usart_receive                        0x0800294d   Thumb Code    16  drv_usart.o(i.drv_usart_receive)
    drv_usart_send                           0x08002961   Thumb Code    14  drv_usart.o(i.drv_usart_send)
    hal_adc_init                             0x080029f5   Thumb Code    86  hal_adc.o(i.hal_adc_init)
    hal_adc_sequence_trigger                 0x08002a51   Thumb Code    62  hal_adc.o(i.hal_adc_sequence_trigger)
    hal_adc_signal_get                       0x08002a9d   Thumb Code    10  hal_adc.o(i.hal_adc_signal_get)
    hal_ai_read                              0x08002aad   Thumb Code    54  hal_adc.o(i.hal_ai_read)
    hal_clock_init                           0x08002aed   Thumb Code    28  hal_clock.o(i.hal_clock_init)
    hal_dac_init                             0x08002b09   Thumb Code    64  hal_dac.o(i.hal_dac_init)
    hal_delay_init                           0x08002b49   Thumb Code    12  hal_systick.o(i.hal_delay_init)
    hal_di_input                             0x08002b55   Thumb Code   198  hal_gpio.o(i.hal_di_input)
    hal_di_read_signal                       0x08002c21   Thumb Code    88  hal_gpio.o(i.hal_di_read_signal)
    hal_do_output                            0x08002ccd   Thumb Code    36  hal_gpio.o(i.hal_do_output)
    hal_do_write_signal                      0x08002cf5   Thumb Code    64  hal_gpio.o(i.hal_do_write_signal)
    hal_eeprom_24c02_read                    0x08002d39   Thumb Code   174  hal_eeprom_24c02.o(i.hal_eeprom_24c02_read)
    hal_eeprom_24c02_write                   0x08002de7   Thumb Code   236  hal_eeprom_24c02.o(i.hal_eeprom_24c02_write)
    hal_get_clock_freq_info                  0x08002ed3   Thumb Code    12  hal_clock.o(i.hal_get_clock_freq_info)
    hal_get_high_time                        0x08002ee1   Thumb Code     6  hal_timer.o(i.hal_get_high_time)
    hal_get_pwm_period                       0x08002eed   Thumb Code     6  hal_timer.o(i.hal_get_pwm_period)
    hal_gpio_init                            0x08002ef9   Thumb Code    28  hal_gpio.o(i.hal_gpio_init)
    hal_init                                 0x08002f15   Thumb Code    68  hal.o(i.hal_init)
    hal_nvic_init                            0x08002f5d   Thumb Code    76  hal_nvic.o(i.hal_nvic_init)
    hal_set_vol_for_12b                      0x08002fad   Thumb Code    82  hal_dac.o(i.hal_set_vol_for_12b)
    hal_simulation_iic_init                  0x08003009   Thumb Code    70  hal_simulation_iic.o(i.hal_simulation_iic_init)
    hal_timer_cap_init                       0x080031b5   Thumb Code   102  hal_timer.o(i.hal_timer_cap_init)
    hal_timer_init                           0x08003225   Thumb Code    46  hal_timer.o(i.hal_timer_init)
    hal_timer_pwm_init                       0x08003259   Thumb Code    62  hal_timer.o(i.hal_timer_pwm_init)
    hal_usart_init                           0x080032fd   Thumb Code    68  hal_usart.o(i.hal_usart_init)
    hal_usart_read                           0x08003349   Thumb Code   156  hal_usart.o(i.hal_usart_read)
    hal_usart_send                           0x08003491   Thumb Code   224  hal_usart.o(i.hal_usart_send)
    hal_watchdog_feed                        0x080035fd   Thumb Code     8  hal_iwdg.o(i.hal_watchdog_feed)
    hal_watchdog_init                        0x08003605   Thumb Code    12  hal_iwdg.o(i.hal_watchdog_init)
    main                                     0x08003611   Thumb Code    58  test.o(i.main)
    send_mcu_version_info                    0x08003655   Thumb Code    40  eeprom_24c02_test_demo.o(i.send_mcu_version_info)
    send_pwm_info                            0x08003685   Thumb Code   182  input_cap_test_demo.o(i.send_pwm_info)
    sync_mcu_version_info                    0x08003d39   Thumb Code    64  eeprom_24c02_test_demo.o(i.sync_mcu_version_info)
    test_key                                 0x08003d81   Thumb Code    32  gpio_test_demo.o(i.test_key)
    __aeabi_d2f                              0x08003dad   Thumb Code     0  d2f.o(x$fpl$d2f)
    _d2f                                     0x08003dad   Thumb Code    98  d2f.o(x$fpl$d2f)
    __aeabi_ddiv                             0x08003e11   Thumb Code     0  ddiv.o(x$fpl$ddiv)
    _ddiv                                    0x08003e11   Thumb Code   552  ddiv.o(x$fpl$ddiv)
    __fpl_dnaninf                            0x080040c1   Thumb Code   156  dnaninf.o(x$fpl$dnaninf)
    __fpl_dretinf                            0x0800415d   Thumb Code    12  dretinf.o(x$fpl$dretinf)
    __aeabi_f2d                              0x08004169   Thumb Code     0  f2d.o(x$fpl$f2d)
    _f2d                                     0x08004169   Thumb Code    86  f2d.o(x$fpl$f2d)
    __aeabi_fadd                             0x080041c1   Thumb Code     0  faddsub_clz.o(x$fpl$fadd)
    _fadd                                    0x080041c1   Thumb Code   196  faddsub_clz.o(x$fpl$fadd)
    __aeabi_fdiv                             0x08004285   Thumb Code     0  fdiv.o(x$fpl$fdiv)
    _fdiv                                    0x08004285   Thumb Code   384  fdiv.o(x$fpl$fdiv)
    __aeabi_f2uiz                            0x08004409   Thumb Code     0  ffixu.o(x$fpl$ffixu)
    _ffixu                                   0x08004409   Thumb Code    62  ffixu.o(x$fpl$ffixu)
    __aeabi_ui2f                             0x08004449   Thumb Code     0  fflt_clz.o(x$fpl$ffltu)
    _ffltu                                   0x08004449   Thumb Code    38  fflt_clz.o(x$fpl$ffltu)
    __aeabi_fmul                             0x08004471   Thumb Code     0  fmul.o(x$fpl$fmul)
    _fmul                                    0x08004471   Thumb Code   258  fmul.o(x$fpl$fmul)
    __fpl_fnaninf                            0x08004573   Thumb Code   140  fnaninf.o(x$fpl$fnaninf)
    __fpl_fretinf                            0x080045ff   Thumb Code    10  fretinf.o(x$fpl$fretinf)
    __aeabi_frsub                            0x08004609   Thumb Code     0  faddsub_clz.o(x$fpl$frsb)
    _frsb                                    0x08004609   Thumb Code    20  faddsub_clz.o(x$fpl$frsb)
    __aeabi_fsub                             0x0800461d   Thumb Code     0  faddsub_clz.o(x$fpl$fsub)
    _fsub                                    0x0800461d   Thumb Code   234  faddsub_clz.o(x$fpl$fsub)
    __I$use$fp                               0x08004706   Number         0  usenofp.o(x$fpl$usenofp)
    sys_clk_freq_table                       0x08004708   Data          24  drv_clock.o(.constdata)
    Region$$Table$$Base                      0x08004868   Number         0  anon$$obj.o(Region$$Table)
    Region$$Table$$Limit                     0x08004888   Number         0  anon$$obj.o(Region$$Table)
    rx_buff                                  0x20000000   Data           8  test.o(.data)
    rx_len                                   0x20000008   Data           1  test.o(.data)
    status                                   0x20000009   Data           1  test.o(.data)
    g_do_signal_led0                         0x200000ec   Data           1  hal_gpio.o(.data)
    g_do_signal_led1                         0x200000ed   Data           1  hal_gpio.o(.data)
    g_di_signal_key0                         0x200000ee   Data           1  hal_gpio.o(.data)
    g_di_signal_key1                         0x200000ef   Data           1  hal_gpio.o(.data)
    g_di_signal_wk_up                        0x200000f0   Data           1  hal_gpio.o(.data)
    update_mcu_vesion                        0x20000145   Data           6  eeprom_24c02_test_demo.o(.data)
    eeprom_mcu_vesion                        0x2000014b   Data           6  eeprom_24c02_test_demo.o(.data)
    g_sys_clock_info                         0x200001f4   Data          20  hal.o(.bss)
    __libspace_start                         0x2000049c   Data          96  libspace.o(.bss)
    __temporary_stack_top$libspace           0x200004fc   Data           0  libspace.o(.bss)



==============================================================================

Memory Map of the image

  Image Entry point : 0x08000131

  Load Region LR_IROM1 (Base: 0x08000000, Size: 0x000049dc, Max: 0x00040000, ABSOLUTE, COMPRESSED[0x000048cc])

    Execution Region ER_IROM1 (Base: 0x08000000, Size: 0x00004888, Max: 0x00040000, ABSOLUTE)

    Base Addr    Size         Type   Attr      Idx    E Section Name        Object

    0x08000000   0x00000130   Data   RO         1612    RESET               startup_stm32f10x_hd.o
    0x08000130   0x00000008   Code   RO         1622  * !!!main             c_w.l(__main.o)
    0x08000138   0x00000034   Code   RO         1819    !!!scatter          c_w.l(__scatter.o)
    0x0800016c   0x0000005a   Code   RO         1817    !!dczerorl2         c_w.l(__dczerorl2.o)
    0x080001c6   0x00000002   PAD
    0x080001c8   0x0000001c   Code   RO         1821    !!handler_zi        c_w.l(__scatter_zi.o)
    0x080001e4   0x00000002   Code   RO         1688    .ARM.Collect$$libinit$$00000000  c_w.l(libinit.o)
    0x080001e6   0x00000000   Code   RO         1695    .ARM.Collect$$libinit$$00000002  c_w.l(libinit2.o)
    0x080001e6   0x00000000   Code   RO         1697    .ARM.Collect$$libinit$$00000004  c_w.l(libinit2.o)
    0x080001e6   0x00000000   Code   RO         1700    .ARM.Collect$$libinit$$0000000A  c_w.l(libinit2.o)
    0x080001e6   0x00000000   Code   RO         1702    .ARM.Collect$$libinit$$0000000C  c_w.l(libinit2.o)
    0x080001e6   0x00000000   Code   RO         1704    .ARM.Collect$$libinit$$0000000E  c_w.l(libinit2.o)
    0x080001e6   0x00000000   Code   RO         1707    .ARM.Collect$$libinit$$00000011  c_w.l(libinit2.o)
    0x080001e6   0x00000000   Code   RO         1709    .ARM.Collect$$libinit$$00000013  c_w.l(libinit2.o)
    0x080001e6   0x00000000   Code   RO         1711    .ARM.Collect$$libinit$$00000015  c_w.l(libinit2.o)
    0x080001e6   0x00000000   Code   RO         1713    .ARM.Collect$$libinit$$00000017  c_w.l(libinit2.o)
    0x080001e6   0x00000000   Code   RO         1715    .ARM.Collect$$libinit$$00000019  c_w.l(libinit2.o)
    0x080001e6   0x00000000   Code   RO         1717    .ARM.Collect$$libinit$$0000001B  c_w.l(libinit2.o)
    0x080001e6   0x00000000   Code   RO         1719    .ARM.Collect$$libinit$$0000001D  c_w.l(libinit2.o)
    0x080001e6   0x00000000   Code   RO         1721    .ARM.Collect$$libinit$$0000001F  c_w.l(libinit2.o)
    0x080001e6   0x00000000   Code   RO         1723    .ARM.Collect$$libinit$$00000021  c_w.l(libinit2.o)
    0x080001e6   0x00000000   Code   RO         1725    .ARM.Collect$$libinit$$00000023  c_w.l(libinit2.o)
    0x080001e6   0x00000000   Code   RO         1727    .ARM.Collect$$libinit$$00000025  c_w.l(libinit2.o)
    0x080001e6   0x00000000   Code   RO         1731    .ARM.Collect$$libinit$$0000002C  c_w.l(libinit2.o)
    0x080001e6   0x00000000   Code   RO         1733    .ARM.Collect$$libinit$$0000002E  c_w.l(libinit2.o)
    0x080001e6   0x00000000   Code   RO         1735    .ARM.Collect$$libinit$$00000030  c_w.l(libinit2.o)
    0x080001e6   0x00000000   Code   RO         1737    .ARM.Collect$$libinit$$00000032  c_w.l(libinit2.o)
    0x080001e6   0x00000002   Code   RO         1738    .ARM.Collect$$libinit$$00000033  c_w.l(libinit2.o)
    0x080001e8   0x00000002   Code   RO         1758    .ARM.Collect$$libshutdown$$00000000  c_w.l(libshutdown.o)
    0x080001ea   0x00000000   Code   RO         1772    .ARM.Collect$$libshutdown$$00000003  c_w.l(libshutdown2.o)
    0x080001ea   0x00000000   Code   RO         1775    .ARM.Collect$$libshutdown$$00000006  c_w.l(libshutdown2.o)
    0x080001ea   0x00000000   Code   RO         1778    .ARM.Collect$$libshutdown$$00000009  c_w.l(libshutdown2.o)
    0x080001ea   0x00000000   Code   RO         1780    .ARM.Collect$$libshutdown$$0000000B  c_w.l(libshutdown2.o)
    0x080001ea   0x00000000   Code   RO         1783    .ARM.Collect$$libshutdown$$0000000E  c_w.l(libshutdown2.o)
    0x080001ea   0x00000002   Code   RO         1784    .ARM.Collect$$libshutdown$$0000000F  c_w.l(libshutdown2.o)
    0x080001ec   0x00000000   Code   RO         1654    .ARM.Collect$$rtentry$$00000000  c_w.l(__rtentry.o)
    0x080001ec   0x00000000   Code   RO         1665    .ARM.Collect$$rtentry$$00000002  c_w.l(__rtentry2.o)
    0x080001ec   0x00000006   Code   RO         1677    .ARM.Collect$$rtentry$$00000004  c_w.l(__rtentry4.o)
    0x080001f2   0x00000000   Code   RO         1667    .ARM.Collect$$rtentry$$00000009  c_w.l(__rtentry2.o)
    0x080001f2   0x00000004   Code   RO         1668    .ARM.Collect$$rtentry$$0000000A  c_w.l(__rtentry2.o)
    0x080001f6   0x00000000   Code   RO         1670    .ARM.Collect$$rtentry$$0000000C  c_w.l(__rtentry2.o)
    0x080001f6   0x00000008   Code   RO         1671    .ARM.Collect$$rtentry$$0000000D  c_w.l(__rtentry2.o)
    0x080001fe   0x00000002   Code   RO         1692    .ARM.Collect$$rtexit$$00000000  c_w.l(rtexit.o)
    0x08000200   0x00000000   Code   RO         1740    .ARM.Collect$$rtexit$$00000002  c_w.l(rtexit2.o)
    0x08000200   0x00000004   Code   RO         1741    .ARM.Collect$$rtexit$$00000003  c_w.l(rtexit2.o)
    0x08000204   0x00000006   Code   RO         1742    .ARM.Collect$$rtexit$$00000004  c_w.l(rtexit2.o)
    0x0800020a   0x00000002   PAD
    0x0800020c   0x00000034   Code   RO         1613    .text               startup_stm32f10x_hd.o
    0x08000240   0x00000006   Code   RO         1620    .text               c_w.l(heapauxi.o)
    0x08000246   0x0000004a   Code   RO         1679    .text               c_w.l(sys_stackheap_outer.o)
    0x08000290   0x0000000c   Code   RO         1681    .text               c_w.l(exit.o)
    0x0800029c   0x00000008   Code   RO         1689    .text               c_w.l(libspace.o)
    0x080002a4   0x0000000c   Code   RO         1750    .text               c_w.l(sys_exit.o)
    0x080002b0   0x00000002   Code   RO         1761    .text               c_w.l(use_no_semi.o)
    0x080002b2   0x00000000   Code   RO         1763    .text               c_w.l(indicate_semi.o)
    0x080002b2   0x00000002   PAD
    0x080002b4   0x000000d8   Code   RO          585    i.ADC1_2_IRQHandler  drv_adc.o
    0x0800038c   0x00000070   Code   RO          586    i.ADC3_IRQHandler   drv_adc.o
    0x080003fc   0x00000024   Code   RO          208    i.EXTI0_IRQHandler  drv_gpio.o
    0x08000420   0x000000ec   Code   RO          209    i.EXTI15_10_IRQHandler  drv_gpio.o
    0x0800050c   0x00000024   Code   RO          210    i.EXTI1_IRQHandler  drv_gpio.o
    0x08000530   0x00000024   Code   RO          211    i.EXTI2_IRQHandler  drv_gpio.o
    0x08000554   0x00000024   Code   RO          212    i.EXTI3_IRQHandler  drv_gpio.o
    0x08000578   0x00000024   Code   RO          213    i.EXTI4_IRQHandler  drv_gpio.o
    0x0800059c   0x000000c8   Code   RO          214    i.EXTI9_5_IRQHandler  drv_gpio.o
    0x08000664   0x0000003c   Code   RO          831    i.SPI1_IRQHandler   drv_spi.o
    0x080006a0   0x0000003c   Code   RO          832    i.SPI2_IRQHandler   drv_spi.o
    0x080006dc   0x0000003c   Code   RO          833    i.SPI3_IRQHandler   drv_spi.o
    0x08000718   0x00000094   Code   RO          450    i.TIM1_CC_IRQHandler  drv_timer.o
    0x080007ac   0x00000024   Code   RO          451    i.TIM1_UP_IRQHandler  drv_timer.o
    0x080007d0   0x000000d0   Code   RO          452    i.TIM2_IRQHandler   drv_timer.o
    0x080008a0   0x000000b8   Code   RO          453    i.TIM3_IRQHandler   drv_timer.o
    0x08000958   0x000000b8   Code   RO          454    i.TIM4_IRQHandler   drv_timer.o
    0x08000a10   0x000000b8   Code   RO          455    i.TIM5_IRQHandler   drv_timer.o
    0x08000ac8   0x000000b8   Code   RO          456    i.TIM6_IRQHandler   drv_timer.o
    0x08000b80   0x000000c4   Code   RO          457    i.TIM7_IRQHandler   drv_timer.o
    0x08000c44   0x000000a4   Code   RO          458    i.TIM8_CC_IRQHandler  drv_timer.o
    0x08000ce8   0x00000028   Code   RO          459    i.TIM8_UP_IRQHandler  drv_timer.o
    0x08000d10   0x00000048   Code   RO          333    i.USART1_IRQHandler  drv_usart.o
    0x08000d58   0x00000048   Code   RO          334    i.USART2_IRQHandler  drv_usart.o
    0x08000da0   0x00000048   Code   RO          335    i.USART3_IRQHandler  drv_usart.o
    0x08000de8   0x00000014   Code   RO         1381    i.adc_dac_test      adc_dac_test_demo.o
    0x08000dfc   0x00000060   Code   RO         1382    i.adc_result_response  adc_dac_test_demo.o
    0x08000e5c   0x00000034   Code   RO          587    i.drv_adc_channel_cmd  drv_adc.o
    0x08000e90   0x000000b8   Code   RO          588    i.drv_adc_channel_convert  drv_adc.o
    0x08000f48   0x0000004c   Code   RO          589    i.drv_adc_clear_it_flag  drv_adc.o
    0x08000f94   0x000001a0   Code   RO          590    i.drv_adc_init      drv_adc.o
    0x08001134   0x00000084   Code   RO          591    i.drv_adc_isr_config  drv_adc.o
    0x080011b8   0x00000040   Code   RO          592    i.drv_adc_it_config  drv_adc.o
    0x080011f8   0x00000014   Code   RO          593    i.drv_adc_read      drv_adc.o
    0x0800120c   0x0000002c   Code   RO          594    i.drv_adc_reset_calibration  drv_adc.o
    0x08001238   0x0000002c   Code   RO          595    i.drv_adc_start_calibration  drv_adc.o
    0x08001264   0x000000e4   Code   RO          140    i.drv_clock_init    drv_clock.o
    0x08001348   0x00000050   Code   RO          660    i.drv_dac_cmd       drv_dac.o
    0x08001398   0x00000064   Code   RO          661    i.drv_dac_init      drv_dac.o
    0x080013fc   0x00000040   Code   RO          662    i.drv_dac_set_vol   drv_dac.o
    0x0800143c   0x0000003c   Code   RO          301    i.drv_delay_init    drv_systick.o
    0x08001478   0x0000003c   Code   RO          302    i.drv_delay_ms      drv_systick.o
    0x080014b4   0x0000003c   Code   RO          303    i.drv_delay_us      drv_systick.o
    0x080014f0   0x00000074   Code   RO          141    i.drv_get_clock_freq_info  drv_clock.o
    0x08001564   0x0000003c   Code   RO          460    i.drv_get_timer_cap_value  drv_timer.o
    0x080015a0   0x0000007c   Code   RO          338    i.drv_get_usart_it_status  drv_usart.o
    0x0800161c   0x00000158   Code   RO          217    i.drv_gpio_init     drv_gpio.o
    0x08001774   0x0000001c   Code   RO          218    i.drv_gpio_read_bit  drv_gpio.o
    0x08001790   0x00000034   Code   RO          220    i.drv_gpio_write_bit  drv_gpio.o
    0x080017c4   0x00000038   Code   RO          684    i.drv_iic_ack_signal  drv_simulation_iic.o
    0x080017fc   0x00000038   Code   RO          686    i.drv_iic_no_ack_signal  drv_simulation_iic.o
    0x08001834   0x0000007c   Code   RO          687    i.drv_iic_receive_byte  drv_simulation_iic.o
    0x080018b0   0x0000001c   Code   RO          688    i.drv_iic_scl_reset  drv_simulation_iic.o
    0x080018cc   0x0000001c   Code   RO          689    i.drv_iic_scl_set   drv_simulation_iic.o
    0x080018e8   0x0000001c   Code   RO          690    i.drv_iic_sda_reset  drv_simulation_iic.o
    0x08001904   0x0000001c   Code   RO          691    i.drv_iic_sda_set   drv_simulation_iic.o
    0x08001920   0x00000068   Code   RO          692    i.drv_iic_send_byte  drv_simulation_iic.o
    0x08001988   0x000000b4   Code   RO          693    i.drv_iic_simulation_init  drv_simulation_iic.o
    0x08001a3c   0x00000034   Code   RO          694    i.drv_iic_start_signal  drv_simulation_iic.o
    0x08001a70   0x00000030   Code   RO          695    i.drv_iic_stop_signal  drv_simulation_iic.o
    0x08001aa0   0x0000005c   Code   RO          696    i.drv_iic_wait_ack_signal  drv_simulation_iic.o
    0x08001afc   0x00000010   Code   RO          432    i.drv_iwdg_feed     drv_iwdg.o
    0x08001b0c   0x00000114   Code   RO          433    i.drv_iwdg_init     drv_iwdg.o
    0x08001c20   0x00000070   Code   RO          414    i.drv_nvic_init     drv_nvic.o
    0x08001c90   0x00000014   Code   RO          415    i.drv_nvic_priority_group_config  drv_nvic.o
    0x08001ca4   0x0000005c   Code   RO          142    i.drv_rcc_register_reset  drv_clock.o
    0x08001d00   0x00000028   Code   RO          697    i.drv_sda_dir_set   drv_simulation_iic.o
    0x08001d28   0x00000054   Code   RO          462    i.drv_set_duty_cycle  drv_timer.o
    0x08001d7c   0x000000b8   Code   RO          463    i.drv_set_timer_cap_edge  drv_timer.o
    0x08001e34   0x00000028   Code   RO          304    i.drv_systick_clk_source_config  drv_systick.o
    0x08001e5c   0x00000394   Code   RO          464    i.drv_timer_cap_init  drv_timer.o
    0x080021f0   0x00000034   Code   RO          465    i.drv_timer_cmd     drv_timer.o
    0x08002224   0x00000050   Code   RO          467    i.drv_timer_init    drv_timer.o
    0x08002274   0x00000068   Code   RO          468    i.drv_timer_isr_config  drv_timer.o
    0x080022dc   0x0000003c   Code   RO          469    i.drv_timer_it_config  drv_timer.o
    0x08002318   0x00000334   Code   RO          470    i.drv_timer_pwm_init  drv_timer.o
    0x0800264c   0x00000034   Code   RO          339    i.drv_usart_cmd     drv_usart.o
    0x08002680   0x00000188   Code   RO          340    i.drv_usart_init    drv_usart.o
    0x08002808   0x00000088   Code   RO          341    i.drv_usart_isr_config  drv_usart.o
    0x08002890   0x000000bc   Code   RO          342    i.drv_usart_it_config  drv_usart.o
    0x0800294c   0x00000014   Code   RO          343    i.drv_usart_receive  drv_usart.o
    0x08002960   0x00000014   Code   RO          344    i.drv_usart_send    drv_usart.o
    0x08002974   0x00000080   Code   RO         1228    i.hal_adc_complete_isr  hal_adc.o
    0x080029f4   0x0000005c   Code   RO         1229    i.hal_adc_init      hal_adc.o
    0x08002a50   0x0000004c   Code   RO         1230    i.hal_adc_sequence_trigger  hal_adc.o
    0x08002a9c   0x00000010   Code   RO         1231    i.hal_adc_signal_get  hal_adc.o
    0x08002aac   0x00000040   Code   RO         1232    i.hal_ai_read       hal_adc.o
    0x08002aec   0x0000001c   Code   RO          948    i.hal_clock_init    hal_clock.o
    0x08002b08   0x00000040   Code   RO         1265    i.hal_dac_init      hal_dac.o
    0x08002b48   0x0000000c   Code   RO         1038    i.hal_delay_init    hal_systick.o
    0x08002b54   0x000000cc   Code   RO          984    i.hal_di_input      hal_gpio.o
    0x08002c20   0x0000005c   Code   RO          985    i.hal_di_read_signal  hal_gpio.o
    0x08002c7c   0x00000050   Code   RO          986    i.hal_dio_init_signal  hal_gpio.o
    0x08002ccc   0x00000028   Code   RO          987    i.hal_do_output     hal_gpio.o
    0x08002cf4   0x00000044   Code   RO          988    i.hal_do_write_signal  hal_gpio.o
    0x08002d38   0x000000ae   Code   RO         1292    i.hal_eeprom_24c02_read  hal_eeprom_24c02.o
    0x08002de6   0x000000ec   Code   RO         1293    i.hal_eeprom_24c02_write  hal_eeprom_24c02.o
    0x08002ed2   0x0000000c   Code   RO          949    i.hal_get_clock_freq_info  hal_clock.o
    0x08002ede   0x00000002   PAD
    0x08002ee0   0x0000000c   Code   RO         1175    i.hal_get_high_time  hal_timer.o
    0x08002eec   0x0000000c   Code   RO         1176    i.hal_get_pwm_period  hal_timer.o
    0x08002ef8   0x0000001c   Code   RO          990    i.hal_gpio_init     hal_gpio.o
    0x08002f14   0x00000048   Code   RO          966    i.hal_init          hal.o
    0x08002f5c   0x00000050   Code   RO         1143    i.hal_nvic_init     hal_nvic.o
    0x08002fac   0x0000005c   Code   RO         1266    i.hal_set_vol_for_12b  hal_dac.o
    0x08003008   0x00000046   Code   RO         1325    i.hal_simulation_iic_init  hal_simulation_iic.o
    0x0800304e   0x00000002   PAD
    0x08003050   0x00000138   Code   RO         1177    i.hal_tim2_cc1_isr  hal_timer.o
    0x08003188   0x00000010   Code   RO         1178    i.hal_tim2_overflow_isr  hal_timer.o
    0x08003198   0x0000001c   Code   RO         1179    i.hal_tim3_over_flow_isr  hal_timer.o
    0x080031b4   0x00000070   Code   RO         1180    i.hal_timer_cap_init  hal_timer.o
    0x08003224   0x00000034   Code   RO         1181    i.hal_timer_init    hal_timer.o
    0x08003258   0x0000003e   Code   RO         1182    i.hal_timer_pwm_init  hal_timer.o
    0x08003296   0x0000000a   Code   RO         1050    i.hal_usart1_rx_isr  hal_usart.o
    0x080032a0   0x0000000a   Code   RO         1051    i.hal_usart1_tx_isr  hal_usart.o
    0x080032aa   0x0000000a   Code   RO         1052    i.hal_usart2_rx_isr  hal_usart.o
    0x080032b4   0x0000000a   Code   RO         1053    i.hal_usart2_tx_isr  hal_usart.o
    0x080032be   0x0000000a   Code   RO         1054    i.hal_usart3_rx_isr  hal_usart.o
    0x080032c8   0x0000000a   Code   RO         1055    i.hal_usart3_tx_isr  hal_usart.o
    0x080032d2   0x0000000a   Code   RO         1056    i.hal_usart4_rx_isr  hal_usart.o
    0x080032dc   0x0000000a   Code   RO         1057    i.hal_usart4_tx_isr  hal_usart.o
    0x080032e6   0x0000000a   Code   RO         1058    i.hal_usart5_rx_isr  hal_usart.o
    0x080032f0   0x0000000a   Code   RO         1059    i.hal_usart5_tx_isr  hal_usart.o
    0x080032fa   0x00000002   PAD
    0x080032fc   0x0000004c   Code   RO         1060    i.hal_usart_init    hal_usart.o
    0x08003348   0x000000a0   Code   RO         1061    i.hal_usart_read    hal_usart.o
    0x080033e8   0x000000a8   Code   RO         1063    i.hal_usart_rx_isr  hal_usart.o
    0x08003490   0x000000e4   Code   RO         1064    i.hal_usart_send    hal_usart.o
    0x08003574   0x00000088   Code   RO         1065    i.hal_usart_tx_isr  hal_usart.o
    0x080035fc   0x00000008   Code   RO         1157    i.hal_watchdog_feed  hal_iwdg.o
    0x08003604   0x0000000c   Code   RO         1158    i.hal_watchdog_init  hal_iwdg.o
    0x08003610   0x00000044   Code   RO            1    i.main              test.o
    0x08003654   0x00000030   Code   RO         1400    i.send_mcu_version_info  eeprom_24c02_test_demo.o
    0x08003684   0x000000c0   Code   RO         1440    i.send_pwm_info     input_cap_test_demo.o
    0x08003744   0x000000c0   Code   RO          143    i.set_sys_clk_to_24M  drv_clock.o
    0x08003804   0x000000c4   Code   RO          144    i.set_sys_clk_to_36M  drv_clock.o
    0x080038c8   0x000000c8   Code   RO          145    i.set_sys_clk_to_48M  drv_clock.o
    0x08003990   0x000000c8   Code   RO          146    i.set_sys_clk_to_56M  drv_clock.o
    0x08003a58   0x000000c8   Code   RO          147    i.set_sys_clk_to_64M  drv_clock.o
    0x08003b20   0x000000a0   Code   RO          148    i.set_sys_clk_to_72M  drv_clock.o
    0x08003bc0   0x000000c0   Code   RO          149    i.set_sys_clk_to_HSE  drv_clock.o
    0x08003c80   0x000000b8   Code   RO          150    i.set_sys_clk_to_HSI  drv_clock.o
    0x08003d38   0x00000048   Code   RO         1401    i.sync_mcu_version_info  eeprom_24c02_test_demo.o
    0x08003d80   0x0000002c   Code   RO         1421    i.test_key          gpio_test_demo.o
    0x08003dac   0x00000062   Code   RO         1624    x$fpl$d2f           fz_ws.l(d2f.o)
    0x08003e0e   0x00000002   PAD
    0x08003e10   0x000002b0   Code   RO         1627    x$fpl$ddiv          fz_ws.l(ddiv.o)
    0x080040c0   0x0000009c   Code   RO         1655    x$fpl$dnaninf       fz_ws.l(dnaninf.o)
    0x0800415c   0x0000000c   Code   RO         1657    x$fpl$dretinf       fz_ws.l(dretinf.o)
    0x08004168   0x00000056   Code   RO         1630    x$fpl$f2d           fz_ws.l(f2d.o)
    0x080041be   0x00000002   PAD
    0x080041c0   0x000000c4   Code   RO         1632    x$fpl$fadd          fz_ws.l(faddsub_clz.o)
    0x08004284   0x00000184   Code   RO         1639    x$fpl$fdiv          fz_ws.l(fdiv.o)
    0x08004408   0x0000003e   Code   RO         1642    x$fpl$ffixu         fz_ws.l(ffixu.o)
    0x08004446   0x00000002   PAD
    0x08004448   0x00000026   Code   RO         1646    x$fpl$ffltu         fz_ws.l(fflt_clz.o)
    0x0800446e   0x00000002   PAD
    0x08004470   0x00000102   Code   RO         1652    x$fpl$fmul          fz_ws.l(fmul.o)
    0x08004572   0x0000008c   Code   RO         1659    x$fpl$fnaninf       fz_ws.l(fnaninf.o)
    0x080045fe   0x0000000a   Code   RO         1661    x$fpl$fretinf       fz_ws.l(fretinf.o)
    0x08004608   0x00000014   Code   RO         1633    x$fpl$frsb          fz_ws.l(faddsub_clz.o)
    0x0800461c   0x000000ea   Code   RO         1634    x$fpl$fsub          fz_ws.l(faddsub_clz.o)
    0x08004706   0x00000000   Code   RO         1663    x$fpl$usenofp       fz_ws.l(usenofp.o)
    0x08004706   0x00000002   PAD
    0x08004708   0x00000018   Data   RO          151    .constdata          drv_clock.o
    0x08004720   0x0000001c   Data   RO          222    .constdata          drv_gpio.o
    0x0800473c   0x00000014   Data   RO          345    .constdata          drv_usart.o
    0x08004750   0x00000020   Data   RO          472    .constdata          drv_timer.o
    0x08004770   0x0000000c   Data   RO          596    .constdata          drv_adc.o
    0x0800477c   0x00000064   Data   RO          991    .constdata          hal_gpio.o
    0x080047e0   0x00000078   Data   RO         1067    .constdata          hal_usart.o
    0x08004858   0x00000010   Data   RO         1144    .constdata          hal_nvic.o
    0x08004868   0x00000020   Data   RO         1815    Region$$Table       anon$$obj.o


    Execution Region RW_IRAM1 (Base: 0x20000000, Size: 0x00000900, Max: 0x0000c000, ABSOLUTE, COMPRESSED[0x00000044])

    Base Addr    Size         Type   Attr      Idx    E Section Name        Object

    0x20000000   0x0000000a   Data   RW            2    .data               test.o
    0x2000000a   0x00000002   PAD
    0x2000000c   0x00000020   Data   RW          152    .data               drv_clock.o
    0x2000002c   0x00000040   Data   RW          223    .data               drv_gpio.o
    0x2000006c   0x00000004   Data   RW          305    .data               drv_systick.o
    0x20000070   0x00000028   Data   RW          346    .data               drv_usart.o
    0x20000098   0x00000024   Data   RW          597    .data               drv_adc.o
    0x200000bc   0x00000018   Data   RW          698    .data               drv_simulation_iic.o
    0x200000d4   0x00000018   Data   RW          850    .data               drv_spi.o
    0x200000ec   0x0000002c   Data   RW          992    .data               hal_gpio.o
    0x20000118   0x0000001a   Data   RW         1183    .data               hal_timer.o
    0x20000132   0x00000012   Data   RW         1233    .data               hal_adc.o
    0x20000144   0x00000001   Data   RW         1383    .data               adc_dac_test_demo.o
    0x20000145   0x0000000d   Data   RW         1402    .data               eeprom_24c02_test_demo.o
    0x20000152   0x00000001   Data   RW         1441    .data               input_cap_test_demo.o
    0x20000153   0x00000001   PAD
    0x20000154   0x000000a0   Zero   RW          471    .bss                drv_timer.o
    0x200001f4   0x00000014   Zero   RW          967    .bss                hal.o
    0x20000208   0x00000294   Zero   RW         1066    .bss                hal_usart.o
    0x2000049c   0x00000060   Zero   RW         1690    .bss                c_w.l(libspace.o)
    0x200004fc   0x00000004   PAD
    0x20000500   0x00000000   Zero   RW         1611    HEAP                startup_stm32f10x_hd.o
    0x20000500   0x00000400   Zero   RW         1610    STACK               startup_stm32f10x_hd.o


==============================================================================

Image component sizes


      Code (inc. data)   RO Data    RW Data    ZI Data      Debug   Object Name

       116          4          0          1          0       1077   adc_dac_test_demo.o
      1360        126         12         36          0       6813   drv_adc.o
      1960        188         24         32          0       6645   drv_clock.o
       244         24          0          0          0       1675   drv_dac.o
      1040        112         28         64          0       6520   drv_gpio.o
       292         12          0          0          0       1044   drv_iwdg.o
       132         22          0          0          0       1425   drv_nvic.o
       864        166          0         24          0       7545   drv_simulation_iic.o
       180         36          0         24          0       2110   drv_spi.o
       220         20          0          4          0       2259   drv_systick.o
      3888        134         32          0        160      11588   drv_timer.o
      1148         96         20         40          0       7329   drv_usart.o
       120         16          0         13          0       1682   eeprom_24c02_test_demo.o
        44         12          0          0          0        467   gpio_test_demo.o
        72          4          0          0         20        698   hal.o
       376         48          0         18          0       3045   hal_adc.o
        40          0          0          0          0       1279   hal_clock.o
       156         10          0          0          0       1053   hal_dac.o
       410          0          0          0          0       2237   hal_eeprom_24c02.o
       512         24        100         44          0       4994   hal_gpio.o
        20          0          0          0          0        944   hal_iwdg.o
        80          4         16          0          0       1016   hal_nvic.o
        70          0          0          0          0        546   hal_simulation_iic.o
        12          0          0          0          0        493   hal_systick.o
       606         68          0         26          0       4080   hal_timer.o
       868         24        120          0        660       7675   hal_usart.o
       192         10          0          1          0        720   input_cap_test_demo.o
        52         18        304          0       1024        820   startup_stm32f10x_hd.o
        68         10          0         10          0     224091   test.o

    ----------------------------------------------------------------------
     15148       1188        688        340       1864     311870   Object Totals
         0          0         32          0          0          0   (incl. Generated)
         6          0          0          3          0          0   (incl. Padding)

    ----------------------------------------------------------------------

      Code (inc. data)   RO Data    RW Data    ZI Data      Debug   Library Member Name

        90          0          0          0          0          0   __dczerorl2.o
         8          0          0          0          0         68   __main.o
         0          0          0          0          0          0   __rtentry.o
        12          0          0          0          0          0   __rtentry2.o
         6          0          0          0          0          0   __rtentry4.o
        52          8          0          0          0          0   __scatter.o
        28          0          0          0          0          0   __scatter_zi.o
        12          0          0          0          0         72   exit.o
         6          0          0          0          0        152   heapauxi.o
         0          0          0          0          0          0   indicate_semi.o
         2          0          0          0          0          0   libinit.o
         2          0          0          0          0          0   libinit2.o
         2          0          0          0          0          0   libshutdown.o
         2          0          0          0          0          0   libshutdown2.o
         8          4          0          0         96         68   libspace.o
         2          0          0          0          0          0   rtexit.o
        10          0          0          0          0          0   rtexit2.o
        12          4          0          0          0         68   sys_exit.o
        74          0          0          0          0         80   sys_stackheap_outer.o
         2          0          0          0          0         68   use_no_semi.o
        98          4          0          0          0         92   d2f.o
       688        140          0          0          0        208   ddiv.o
       156          4          0          0          0         92   dnaninf.o
        12          0          0          0          0         68   dretinf.o
        86          4          0          0          0         84   f2d.o
       450          8          0          0          0        236   faddsub_clz.o
       388         76          0          0          0         96   fdiv.o
        62          4          0          0          0         84   ffixu.o
        38          0          0          0          0         68   fflt_clz.o
       258          4          0          0          0         84   fmul.o
       140          4          0          0          0         84   fnaninf.o
        10          0          0          0          0         68   fretinf.o
         0          0          0          0          0          0   usenofp.o

    ----------------------------------------------------------------------
      2732        264          0          0        100       1840   Library Totals
        16          0          0          0          4          0   (incl. Padding)

    ----------------------------------------------------------------------

      Code (inc. data)   RO Data    RW Data    ZI Data      Debug   Library Name

       330         16          0          0         96        576   c_w.l
      2386        248          0          0          0       1264   fz_ws.l

    ----------------------------------------------------------------------
      2732        264          0          0        100       1840   Library Totals

    ----------------------------------------------------------------------

==============================================================================


      Code (inc. data)   RO Data    RW Data    ZI Data      Debug   

     17880       1452        688        340       1964     305698   Grand Totals
     17880       1452        688         68       1964     305698   ELF Image Totals (compressed)
     17880       1452        688         68          0          0   ROM Totals

==============================================================================

    Total RO  Size (Code + RO Data)                18568 (  18.13kB)
    Total RW  Size (RW Data + ZI Data)              2304 (   2.25kB)
    Total ROM Size (Code + RO Data + RW Data)      18636 (  18.20kB)

==============================================================================

