<html>
<body>
<pre>
<h1>礦ision Build Log</h1>
<h2>Tool Versions:</h2>
IDE-Version: μVision V5.14.0.0
Copyright (C) 2015 ARM Ltd and ARM Germany GmbH. All rights reserved.
License Information: AA 1987922212@qq.com, AA, LIC=BL28T-RU52Q-BXEUY-IJI92-FV8YD-J61KN
 
Tool Versions:
Toolchain:       MDK-ARM Professional  Version: 5.14.0.0
Toolchain Path:  D:\Keil_v5\ARM\ARMCC\Bin
C Compiler:      Armcc.exe V5.05 update 1 (build 106)
Assembler:       Armasm.exe V5.05 update 1 (build 106)
Linker/Locator:  ArmLink.exe V5.05 update 1 (build 106)
Library Manager: ArmAr.exe V5.05 update 1 (build 106)
Hex Converter:   FromElf.exe V5.05 update 1 (build 106)
CPU DLL:         SARMCM3.DLL V5.14.0.0
Dialog DLL:      DARMSTM.DLL V1.65.0.0
Target DLL:      Segger\JL2CM3.dll V2.99.13.0
Dialog DLL:      TARMSTM.DLL V1.64.0.0
 
<h2>Project:</h2>
E:\旧电脑资料\git_stm32\stm32lib\stm32_platform\test\platform.uvprojx
Project File Date:  06/04/2020

<h2>Output:</h2>
Rebuild target 'Target 1'
compiling test.c...
compiling drv_clock.c...
compiling drv_gpio.c...
compiling drv_systick.c...
compiling drv_usart.c...
compiling drv_nvic.c...
compiling drv_iwdg.c...
compiling drv_timer.c...
compiling drv_adc.c...
compiling drv_dac.c...
compiling drv_simulation_iic.c...
compiling drv_flash.c...
compiling drv_spi.c...
compiling hal_clock.c...
compiling hal.c...
compiling hal_gpio.c...
compiling hal_systick.c...
compiling hal_usart.c...
compiling hal_nvic.c...
compiling hal_iwdg.c...
compiling hal_timer.c...
compiling hal_adc.c...
compiling hal_dac.c...
compiling hal_eeprom_24c02.c...
compiling hal_simulation_iic.c...
compiling hal_flash.c...
compiling hal_spi.c...
compiling adc_dac_test_demo.c...
compiling eeprom_24c02_test_demo.c...
compiling gpio_test_demo.c...
compiling input_cap_test_demo.c...
compiling crc.c...
compiling w25q64_flash.c...
assembling startup_stm32f10x_hd.s...
linking...
Program Size: Code=17880 RO-data=688 RW-data=340 ZI-data=1964  
FromELF: creating hex file...
"..\obj\platform.axf" - 0 Error(s), 0 Warning(s).

<h2>Collection of Component include folders:</h2>
  E:\旧电脑资料\git_stm32\stm32lib\stm32_platform\test\RTE
  D:\Keil_v5\ARM\PACK\Keil\STM32F1xx_DFP\1.0.5\Device\Include

<h2>Collection of Component Files used:</h2>
</pre>
</body>
</html>
